Archive member included to satisfy reference by file (symbol)

d:/program files/atmel/studio/7.0/toolchain/avr8/avr8-gnu-toolchain/bin/../lib/gcc/avr/5.4.0/../../../../avr/lib/avr5\libm.a(addsf3.o)
                              HAL/Servo_Driver/Servo_Program.o (__addsf3)
d:/program files/atmel/studio/7.0/toolchain/avr8/avr8-gnu-toolchain/bin/../lib/gcc/avr/5.4.0/../../../../avr/lib/avr5\libm.a(addsf3x.o)
                              d:/program files/atmel/studio/7.0/toolchain/avr8/avr8-gnu-toolchain/bin/../lib/gcc/avr/5.4.0/../../../../avr/lib/avr5\libm.a(addsf3.o) (__addsf3x)
d:/program files/atmel/studio/7.0/toolchain/avr8/avr8-gnu-toolchain/bin/../lib/gcc/avr/5.4.0/../../../../avr/lib/avr5\libm.a(divsf3.o)
                              APP/main.o (__divsf3)
d:/program files/atmel/studio/7.0/toolchain/avr8/avr8-gnu-toolchain/bin/../lib/gcc/avr/5.4.0/../../../../avr/lib/avr5\libm.a(divsf3x.o)
                              d:/program files/atmel/studio/7.0/toolchain/avr8/avr8-gnu-toolchain/bin/../lib/gcc/avr/5.4.0/../../../../avr/lib/avr5\libm.a(divsf3.o) (__divsf3x)
d:/program files/atmel/studio/7.0/toolchain/avr8/avr8-gnu-toolchain/bin/../lib/gcc/avr/5.4.0/../../../../avr/lib/avr5\libm.a(fixunssfsi.o)
                              APP/main.o (__fixunssfsi)
d:/program files/atmel/studio/7.0/toolchain/avr8/avr8-gnu-toolchain/bin/../lib/gcc/avr/5.4.0/../../../../avr/lib/avr5\libm.a(floatsisf.o)
                              APP/main.o (__floatsisf)
d:/program files/atmel/studio/7.0/toolchain/avr8/avr8-gnu-toolchain/bin/../lib/gcc/avr/5.4.0/../../../../avr/lib/avr5\libm.a(fp_inf.o)
                              d:/program files/atmel/studio/7.0/toolchain/avr8/avr8-gnu-toolchain/bin/../lib/gcc/avr/5.4.0/../../../../avr/lib/avr5\libm.a(addsf3x.o) (__fp_inf)
d:/program files/atmel/studio/7.0/toolchain/avr8/avr8-gnu-toolchain/bin/../lib/gcc/avr/5.4.0/../../../../avr/lib/avr5\libm.a(fp_nan.o)
                              d:/program files/atmel/studio/7.0/toolchain/avr8/avr8-gnu-toolchain/bin/../lib/gcc/avr/5.4.0/../../../../avr/lib/avr5\libm.a(addsf3x.o) (__fp_nan)
d:/program files/atmel/studio/7.0/toolchain/avr8/avr8-gnu-toolchain/bin/../lib/gcc/avr/5.4.0/../../../../avr/lib/avr5\libm.a(fp_pscA.o)
                              d:/program files/atmel/studio/7.0/toolchain/avr8/avr8-gnu-toolchain/bin/../lib/gcc/avr/5.4.0/../../../../avr/lib/avr5\libm.a(addsf3x.o) (__fp_pscA)
d:/program files/atmel/studio/7.0/toolchain/avr8/avr8-gnu-toolchain/bin/../lib/gcc/avr/5.4.0/../../../../avr/lib/avr5\libm.a(fp_pscB.o)
                              d:/program files/atmel/studio/7.0/toolchain/avr8/avr8-gnu-toolchain/bin/../lib/gcc/avr/5.4.0/../../../../avr/lib/avr5\libm.a(addsf3x.o) (__fp_pscB)
d:/program files/atmel/studio/7.0/toolchain/avr8/avr8-gnu-toolchain/bin/../lib/gcc/avr/5.4.0/../../../../avr/lib/avr5\libm.a(fp_round.o)
                              d:/program files/atmel/studio/7.0/toolchain/avr8/avr8-gnu-toolchain/bin/../lib/gcc/avr/5.4.0/../../../../avr/lib/avr5\libm.a(addsf3.o) (__fp_round)
d:/program files/atmel/studio/7.0/toolchain/avr8/avr8-gnu-toolchain/bin/../lib/gcc/avr/5.4.0/../../../../avr/lib/avr5\libm.a(fp_split3.o)
                              d:/program files/atmel/studio/7.0/toolchain/avr8/avr8-gnu-toolchain/bin/../lib/gcc/avr/5.4.0/../../../../avr/lib/avr5\libm.a(addsf3x.o) (__fp_split3)
d:/program files/atmel/studio/7.0/toolchain/avr8/avr8-gnu-toolchain/bin/../lib/gcc/avr/5.4.0/../../../../avr/lib/avr5\libm.a(fp_zero.o)
                              d:/program files/atmel/studio/7.0/toolchain/avr8/avr8-gnu-toolchain/bin/../lib/gcc/avr/5.4.0/../../../../avr/lib/avr5\libm.a(addsf3x.o) (__fp_zero)
d:/program files/atmel/studio/7.0/toolchain/avr8/avr8-gnu-toolchain/bin/../lib/gcc/avr/5.4.0/../../../../avr/lib/avr5\libm.a(mulsf3.o)
                              HAL/Servo_Driver/Servo_Program.o (__mulsf3)
d:/program files/atmel/studio/7.0/toolchain/avr8/avr8-gnu-toolchain/bin/../lib/gcc/avr/5.4.0/../../../../avr/lib/avr5\libm.a(mulsf3x.o)
                              d:/program files/atmel/studio/7.0/toolchain/avr8/avr8-gnu-toolchain/bin/../lib/gcc/avr/5.4.0/../../../../avr/lib/avr5\libm.a(mulsf3.o) (__mulsf3x)
d:/program files/atmel/studio/7.0/toolchain/avr8/avr8-gnu-toolchain/bin/../lib/gcc/avr/5.4.0/avr5\libgcc.a(_exit.o)
                              D:/Program Files/Atmel/Studio/7.0/Packs/atmel/ATmega_DFP/1.2.209/gcc/dev/atmega32/avr5/crtatmega32.o (exit)
d:/program files/atmel/studio/7.0/toolchain/avr8/avr8-gnu-toolchain/bin/../lib/gcc/avr/5.4.0/avr5\libgcc.a(_copy_data.o)
                              APP/main.o (__do_copy_data)
d:/program files/atmel/studio/7.0/toolchain/avr8/avr8-gnu-toolchain/bin/../lib/gcc/avr/5.4.0/avr5\libgcc.a(_clear_bss.o)
                              APP/main.o (__do_clear_bss)
d:/program files/atmel/studio/7.0/toolchain/avr8/avr8-gnu-toolchain/bin/../lib/gcc/avr/5.4.0/../../../../avr/lib/avr5\libc.a(itoa_ncheck.o)
                              HAL/LCD_Driver/LCD_prog.o (__itoa_ncheck)
d:/program files/atmel/studio/7.0/toolchain/avr8/avr8-gnu-toolchain/bin/../lib/gcc/avr/5.4.0/../../../../avr/lib/avr5\libc.a(utoa_ncheck.o)
                              d:/program files/atmel/studio/7.0/toolchain/avr8/avr8-gnu-toolchain/bin/../lib/gcc/avr/5.4.0/../../../../avr/lib/avr5\libc.a(itoa_ncheck.o) (__utoa_common)
d:/program files/atmel/studio/7.0/toolchain/avr8/avr8-gnu-toolchain/bin/../lib/gcc/avr/5.4.0/../../../../avr/lib/avr5\libc.a(strrev.o)
                              d:/program files/atmel/studio/7.0/toolchain/avr8/avr8-gnu-toolchain/bin/../lib/gcc/avr/5.4.0/../../../../avr/lib/avr5\libc.a(utoa_ncheck.o) (strrev)

Allocating common symbols
Common symbol       size              file

Global_u8SavedDoorPassHighByte
                    0x1               APP/main.o
Global_u16EPROMDoorPass
                    0x2               APP/main.o
Global_u8SavedDoorPassLowByte
                    0x1               APP/main.o

Discarded input sections

 .data          0x00000000        0x0 D:/Program Files/Atmel/Studio/7.0/Packs/atmel/ATmega_DFP/1.2.209/gcc/dev/atmega32/avr5/crtatmega32.o
 .bss           0x00000000        0x0 D:/Program Files/Atmel/Studio/7.0/Packs/atmel/ATmega_DFP/1.2.209/gcc/dev/atmega32/avr5/crtatmega32.o
 .text          0x00000000        0x0 APP/main.o
 .data          0x00000000        0x0 APP/main.o
 .bss           0x00000000        0x0 APP/main.o
 .text          0x00000000        0x0 HAL/EPROM_Driver/EPROM_prog.o
 .data          0x00000000        0x0 HAL/EPROM_Driver/EPROM_prog.o
 .bss           0x00000000        0x0 HAL/EPROM_Driver/EPROM_prog.o
 .text          0x00000000        0x0 HAL/KEYPAD_Driver/KPD_prog.o
 .data          0x00000000        0x0 HAL/KEYPAD_Driver/KPD_prog.o
 .bss           0x00000000        0x0 HAL/KEYPAD_Driver/KPD_prog.o
 .text          0x00000000        0x0 HAL/LCD_Driver/LCD_prog.o
 .data          0x00000000        0x0 HAL/LCD_Driver/LCD_prog.o
 .bss           0x00000000        0x0 HAL/LCD_Driver/LCD_prog.o
 .text.LCD_u8ReadAC
                0x00000000       0x56 HAL/LCD_Driver/LCD_prog.o
 .text.LCD_voidShiftDisplay
                0x00000000       0x34 HAL/LCD_Driver/LCD_prog.o
 .bss.Local_u8AddressCounter.1956
                0x00000000        0x1 HAL/LCD_Driver/LCD_prog.o
 .text          0x00000000        0x0 HAL/Servo_Driver/Servo_Program.o
 .data          0x00000000        0x0 HAL/Servo_Driver/Servo_Program.o
 .bss           0x00000000        0x0 HAL/Servo_Driver/Servo_Program.o
 .text.Servo_voidReset
                0x00000000        0xa HAL/Servo_Driver/Servo_Program.o
 .text.Servo_u16GetTicks
                0x00000000        0xa HAL/Servo_Driver/Servo_Program.o
 .text          0x00000000        0x0 MCAL/ADC_Driver/ADC_prog.o
 .data          0x00000000        0x0 MCAL/ADC_Driver/ADC_prog.o
 .bss           0x00000000        0x0 MCAL/ADC_Driver/ADC_prog.o
 .text          0x00000000        0x0 MCAL/DIO_Driver/DIO_prog.o
 .data          0x00000000        0x0 MCAL/DIO_Driver/DIO_prog.o
 .bss           0x00000000        0x0 MCAL/DIO_Driver/DIO_prog.o
 .text.DIO_u8GetPortValue
                0x00000000       0x22 MCAL/DIO_Driver/DIO_prog.o
 .text          0x00000000        0x0 MCAL/EXTI_Driver/EXTI_prog.o
 .data          0x00000000        0x0 MCAL/EXTI_Driver/EXTI_prog.o
 .bss           0x00000000        0x0 MCAL/EXTI_Driver/EXTI_prog.o
 .text.EXTI_voidInit
                0x00000000      0x110 MCAL/EXTI_Driver/EXTI_prog.o
 .text.EXTI_voidSetCallBackINT0
                0x00000000        0xa MCAL/EXTI_Driver/EXTI_prog.o
 .text.EXTI_voidSetCallBackINT1
                0x00000000        0xa MCAL/EXTI_Driver/EXTI_prog.o
 .text.EXTI_voidSetCallBackINT2
                0x00000000        0xa MCAL/EXTI_Driver/EXTI_prog.o
 .text          0x00000000        0x0 MCAL/GIE_Driver/GIE_prog.o
 .data          0x00000000        0x0 MCAL/GIE_Driver/GIE_prog.o
 .bss           0x00000000        0x0 MCAL/GIE_Driver/GIE_prog.o
 .text.GIE_voidDisableGlobalInt
                0x00000000        0x8 MCAL/GIE_Driver/GIE_prog.o
 .text          0x00000000        0x0 MCAL/SPI_Driver/SPI_prog.o
 .data          0x00000000        0x0 MCAL/SPI_Driver/SPI_prog.o
 .bss           0x00000000        0x0 MCAL/SPI_Driver/SPI_prog.o
 .text.SPI_voidMasterInit
                0x00000000       0x3e MCAL/SPI_Driver/SPI_prog.o
 .text.SPI_voidSlaveInit
                0x00000000       0x2e MCAL/SPI_Driver/SPI_prog.o
 .text.SPI_u8Transceiver
                0x00000000        0xa MCAL/SPI_Driver/SPI_prog.o
 .debug_info    0x00000000      0x215 MCAL/SPI_Driver/SPI_prog.o
 .debug_abbrev  0x00000000       0xc1 MCAL/SPI_Driver/SPI_prog.o
 .debug_loc     0x00000000       0x1f MCAL/SPI_Driver/SPI_prog.o
 .debug_aranges
                0x00000000       0x30 MCAL/SPI_Driver/SPI_prog.o
 .debug_ranges  0x00000000       0x20 MCAL/SPI_Driver/SPI_prog.o
 .debug_line    0x00000000      0x1b1 MCAL/SPI_Driver/SPI_prog.o
 .debug_str     0x00000000      0x217 MCAL/SPI_Driver/SPI_prog.o
 .comment       0x00000000       0x31 MCAL/SPI_Driver/SPI_prog.o
 .debug_frame   0x00000000       0x44 MCAL/SPI_Driver/SPI_prog.o
 .text          0x00000000        0x0 MCAL/TIMER_Driver/TIMER_Prog.o
 .data          0x00000000        0x0 MCAL/TIMER_Driver/TIMER_Prog.o
 .bss           0x00000000        0x0 MCAL/TIMER_Driver/TIMER_Prog.o
 .text.TIMER_Timer0Init
                0x00000000       0xac MCAL/TIMER_Driver/TIMER_Prog.o
 .text.TIMER_Timer0RegValue
                0x00000000       0x16 MCAL/TIMER_Driver/TIMER_Prog.o
 .text.TIMER_voidTimer0ISR_Normal
                0x00000000        0xa MCAL/TIMER_Driver/TIMER_Prog.o
 .text.TIMER_voidTimer0ISR_CTC
                0x00000000        0xa MCAL/TIMER_Driver/TIMER_Prog.o
 .text.TIMER_voidTimer2FastPWM
                0x00000000       0x2c MCAL/TIMER_Driver/TIMER_Prog.o
 .text.TIMER_voidTimer2FastPWMCompareValue
                0x00000000        0x4 MCAL/TIMER_Driver/TIMER_Prog.o
 .text.TIMER_voidTimer1ChannelBSetCompareValue
                0x00000000        0x6 MCAL/TIMER_Driver/TIMER_Prog.o
 .text.Timer_u16Timer1GetTimerValue
                0x00000000        0x6 MCAL/TIMER_Driver/TIMER_Prog.o
 .text.TIMER_voidTimer1CompareMatchACallBackFunction
                0x00000000        0xa MCAL/TIMER_Driver/TIMER_Prog.o
 .text.ICU_voidSetSenseControl
                0x00000000       0x1a MCAL/TIMER_Driver/TIMER_Prog.o
 .text.ICU_voidInterruptControl
                0x00000000       0x1a MCAL/TIMER_Driver/TIMER_Prog.o
 .text.ICU_voidSetCallBackFunction
                0x00000000        0xa MCAL/TIMER_Driver/TIMER_Prog.o
 .text.ICU_u16ReadInputCapture
                0x00000000        0x6 MCAL/TIMER_Driver/TIMER_Prog.o
 .bss.Mode_flag
                0x00000000        0x1 MCAL/TIMER_Driver/TIMER_Prog.o
 .text          0x00000000        0x0 MCAL/TWI_Driver/TWI_prog.o
 .data          0x00000000        0x0 MCAL/TWI_Driver/TWI_prog.o
 .bss           0x00000000        0x0 MCAL/TWI_Driver/TWI_prog.o
 .text.TWI_voidSlaveInit
                0x00000000        0xc MCAL/TWI_Driver/TWI_prog.o
 .text          0x00000000        0x0 MCAL/USART_Driver/USART_prog.o
 .data          0x00000000        0x0 MCAL/USART_Driver/USART_prog.o
 .bss           0x00000000        0x0 MCAL/USART_Driver/USART_prog.o
 .text.USART_voidDisableRxINT
                0x00000000        0x4 MCAL/USART_Driver/USART_prog.o
 .text          0x00000000        0x0 MCAL/WDT_Driver/WTD_prog.o
 .data          0x00000000        0x0 MCAL/WDT_Driver/WTD_prog.o
 .bss           0x00000000        0x0 MCAL/WDT_Driver/WTD_prog.o
 .text.WDT_voidInit
                0x00000000       0x1a MCAL/WDT_Driver/WTD_prog.o
 .text.WDT_voidDisable
                0x00000000        0xa MCAL/WDT_Driver/WTD_prog.o
 .text.WDT_voidReset
                0x00000000        0x4 MCAL/WDT_Driver/WTD_prog.o
 .debug_info    0x00000000       0xaf MCAL/WDT_Driver/WTD_prog.o
 .debug_abbrev  0x00000000       0x51 MCAL/WDT_Driver/WTD_prog.o
 .debug_aranges
                0x00000000       0x30 MCAL/WDT_Driver/WTD_prog.o
 .debug_ranges  0x00000000       0x20 MCAL/WDT_Driver/WTD_prog.o
 .debug_line    0x00000000       0xf1 MCAL/WDT_Driver/WTD_prog.o
 .debug_str     0x00000000      0x19d MCAL/WDT_Driver/WTD_prog.o
 .comment       0x00000000       0x31 MCAL/WDT_Driver/WTD_prog.o
 .debug_frame   0x00000000       0x44 MCAL/WDT_Driver/WTD_prog.o
 .text          0x00000000        0x0 d:/program files/atmel/studio/7.0/toolchain/avr8/avr8-gnu-toolchain/bin/../lib/gcc/avr/5.4.0/../../../../avr/lib/avr5\libm.a(addsf3.o)
 .data          0x00000000        0x0 d:/program files/atmel/studio/7.0/toolchain/avr8/avr8-gnu-toolchain/bin/../lib/gcc/avr/5.4.0/../../../../avr/lib/avr5\libm.a(addsf3.o)
 .bss           0x00000000        0x0 d:/program files/atmel/studio/7.0/toolchain/avr8/avr8-gnu-toolchain/bin/../lib/gcc/avr/5.4.0/../../../../avr/lib/avr5\libm.a(addsf3.o)
 .text          0x00000000        0x0 d:/program files/atmel/studio/7.0/toolchain/avr8/avr8-gnu-toolchain/bin/../lib/gcc/avr/5.4.0/../../../../avr/lib/avr5\libm.a(addsf3x.o)
 .data          0x00000000        0x0 d:/program files/atmel/studio/7.0/toolchain/avr8/avr8-gnu-toolchain/bin/../lib/gcc/avr/5.4.0/../../../../avr/lib/avr5\libm.a(addsf3x.o)
 .bss           0x00000000        0x0 d:/program files/atmel/studio/7.0/toolchain/avr8/avr8-gnu-toolchain/bin/../lib/gcc/avr/5.4.0/../../../../avr/lib/avr5\libm.a(addsf3x.o)
 .text          0x00000000        0x0 d:/program files/atmel/studio/7.0/toolchain/avr8/avr8-gnu-toolchain/bin/../lib/gcc/avr/5.4.0/../../../../avr/lib/avr5\libm.a(divsf3.o)
 .data          0x00000000        0x0 d:/program files/atmel/studio/7.0/toolchain/avr8/avr8-gnu-toolchain/bin/../lib/gcc/avr/5.4.0/../../../../avr/lib/avr5\libm.a(divsf3.o)
 .bss           0x00000000        0x0 d:/program files/atmel/studio/7.0/toolchain/avr8/avr8-gnu-toolchain/bin/../lib/gcc/avr/5.4.0/../../../../avr/lib/avr5\libm.a(divsf3.o)
 .text          0x00000000        0x0 d:/program files/atmel/studio/7.0/toolchain/avr8/avr8-gnu-toolchain/bin/../lib/gcc/avr/5.4.0/../../../../avr/lib/avr5\libm.a(divsf3x.o)
 .data          0x00000000        0x0 d:/program files/atmel/studio/7.0/toolchain/avr8/avr8-gnu-toolchain/bin/../lib/gcc/avr/5.4.0/../../../../avr/lib/avr5\libm.a(divsf3x.o)
 .bss           0x00000000        0x0 d:/program files/atmel/studio/7.0/toolchain/avr8/avr8-gnu-toolchain/bin/../lib/gcc/avr/5.4.0/../../../../avr/lib/avr5\libm.a(divsf3x.o)
 .text          0x00000000        0x0 d:/program files/atmel/studio/7.0/toolchain/avr8/avr8-gnu-toolchain/bin/../lib/gcc/avr/5.4.0/../../../../avr/lib/avr5\libm.a(fixunssfsi.o)
 .data          0x00000000        0x0 d:/program files/atmel/studio/7.0/toolchain/avr8/avr8-gnu-toolchain/bin/../lib/gcc/avr/5.4.0/../../../../avr/lib/avr5\libm.a(fixunssfsi.o)
 .bss           0x00000000        0x0 d:/program files/atmel/studio/7.0/toolchain/avr8/avr8-gnu-toolchain/bin/../lib/gcc/avr/5.4.0/../../../../avr/lib/avr5\libm.a(fixunssfsi.o)
 .text          0x00000000        0x0 d:/program files/atmel/studio/7.0/toolchain/avr8/avr8-gnu-toolchain/bin/../lib/gcc/avr/5.4.0/../../../../avr/lib/avr5\libm.a(floatsisf.o)
 .data          0x00000000        0x0 d:/program files/atmel/studio/7.0/toolchain/avr8/avr8-gnu-toolchain/bin/../lib/gcc/avr/5.4.0/../../../../avr/lib/avr5\libm.a(floatsisf.o)
 .bss           0x00000000        0x0 d:/program files/atmel/studio/7.0/toolchain/avr8/avr8-gnu-toolchain/bin/../lib/gcc/avr/5.4.0/../../../../avr/lib/avr5\libm.a(floatsisf.o)
 .text          0x00000000        0x0 d:/program files/atmel/studio/7.0/toolchain/avr8/avr8-gnu-toolchain/bin/../lib/gcc/avr/5.4.0/../../../../avr/lib/avr5\libm.a(fp_inf.o)
 .data          0x00000000        0x0 d:/program files/atmel/studio/7.0/toolchain/avr8/avr8-gnu-toolchain/bin/../lib/gcc/avr/5.4.0/../../../../avr/lib/avr5\libm.a(fp_inf.o)
 .bss           0x00000000        0x0 d:/program files/atmel/studio/7.0/toolchain/avr8/avr8-gnu-toolchain/bin/../lib/gcc/avr/5.4.0/../../../../avr/lib/avr5\libm.a(fp_inf.o)
 .text          0x00000000        0x0 d:/program files/atmel/studio/7.0/toolchain/avr8/avr8-gnu-toolchain/bin/../lib/gcc/avr/5.4.0/../../../../avr/lib/avr5\libm.a(fp_nan.o)
 .data          0x00000000        0x0 d:/program files/atmel/studio/7.0/toolchain/avr8/avr8-gnu-toolchain/bin/../lib/gcc/avr/5.4.0/../../../../avr/lib/avr5\libm.a(fp_nan.o)
 .bss           0x00000000        0x0 d:/program files/atmel/studio/7.0/toolchain/avr8/avr8-gnu-toolchain/bin/../lib/gcc/avr/5.4.0/../../../../avr/lib/avr5\libm.a(fp_nan.o)
 .text          0x00000000        0x0 d:/program files/atmel/studio/7.0/toolchain/avr8/avr8-gnu-toolchain/bin/../lib/gcc/avr/5.4.0/../../../../avr/lib/avr5\libm.a(fp_pscA.o)
 .data          0x00000000        0x0 d:/program files/atmel/studio/7.0/toolchain/avr8/avr8-gnu-toolchain/bin/../lib/gcc/avr/5.4.0/../../../../avr/lib/avr5\libm.a(fp_pscA.o)
 .bss           0x00000000        0x0 d:/program files/atmel/studio/7.0/toolchain/avr8/avr8-gnu-toolchain/bin/../lib/gcc/avr/5.4.0/../../../../avr/lib/avr5\libm.a(fp_pscA.o)
 .text          0x00000000        0x0 d:/program files/atmel/studio/7.0/toolchain/avr8/avr8-gnu-toolchain/bin/../lib/gcc/avr/5.4.0/../../../../avr/lib/avr5\libm.a(fp_pscB.o)
 .data          0x00000000        0x0 d:/program files/atmel/studio/7.0/toolchain/avr8/avr8-gnu-toolchain/bin/../lib/gcc/avr/5.4.0/../../../../avr/lib/avr5\libm.a(fp_pscB.o)
 .bss           0x00000000        0x0 d:/program files/atmel/studio/7.0/toolchain/avr8/avr8-gnu-toolchain/bin/../lib/gcc/avr/5.4.0/../../../../avr/lib/avr5\libm.a(fp_pscB.o)
 .text          0x00000000        0x0 d:/program files/atmel/studio/7.0/toolchain/avr8/avr8-gnu-toolchain/bin/../lib/gcc/avr/5.4.0/../../../../avr/lib/avr5\libm.a(fp_round.o)
 .data          0x00000000        0x0 d:/program files/atmel/studio/7.0/toolchain/avr8/avr8-gnu-toolchain/bin/../lib/gcc/avr/5.4.0/../../../../avr/lib/avr5\libm.a(fp_round.o)
 .bss           0x00000000        0x0 d:/program files/atmel/studio/7.0/toolchain/avr8/avr8-gnu-toolchain/bin/../lib/gcc/avr/5.4.0/../../../../avr/lib/avr5\libm.a(fp_round.o)
 .text          0x00000000        0x0 d:/program files/atmel/studio/7.0/toolchain/avr8/avr8-gnu-toolchain/bin/../lib/gcc/avr/5.4.0/../../../../avr/lib/avr5\libm.a(fp_split3.o)
 .data          0x00000000        0x0 d:/program files/atmel/studio/7.0/toolchain/avr8/avr8-gnu-toolchain/bin/../lib/gcc/avr/5.4.0/../../../../avr/lib/avr5\libm.a(fp_split3.o)
 .bss           0x00000000        0x0 d:/program files/atmel/studio/7.0/toolchain/avr8/avr8-gnu-toolchain/bin/../lib/gcc/avr/5.4.0/../../../../avr/lib/avr5\libm.a(fp_split3.o)
 .text          0x00000000        0x0 d:/program files/atmel/studio/7.0/toolchain/avr8/avr8-gnu-toolchain/bin/../lib/gcc/avr/5.4.0/../../../../avr/lib/avr5\libm.a(fp_zero.o)
 .data          0x00000000        0x0 d:/program files/atmel/studio/7.0/toolchain/avr8/avr8-gnu-toolchain/bin/../lib/gcc/avr/5.4.0/../../../../avr/lib/avr5\libm.a(fp_zero.o)
 .bss           0x00000000        0x0 d:/program files/atmel/studio/7.0/toolchain/avr8/avr8-gnu-toolchain/bin/../lib/gcc/avr/5.4.0/../../../../avr/lib/avr5\libm.a(fp_zero.o)
 .text          0x00000000        0x0 d:/program files/atmel/studio/7.0/toolchain/avr8/avr8-gnu-toolchain/bin/../lib/gcc/avr/5.4.0/../../../../avr/lib/avr5\libm.a(mulsf3.o)
 .data          0x00000000        0x0 d:/program files/atmel/studio/7.0/toolchain/avr8/avr8-gnu-toolchain/bin/../lib/gcc/avr/5.4.0/../../../../avr/lib/avr5\libm.a(mulsf3.o)
 .bss           0x00000000        0x0 d:/program files/atmel/studio/7.0/toolchain/avr8/avr8-gnu-toolchain/bin/../lib/gcc/avr/5.4.0/../../../../avr/lib/avr5\libm.a(mulsf3.o)
 .text          0x00000000        0x0 d:/program files/atmel/studio/7.0/toolchain/avr8/avr8-gnu-toolchain/bin/../lib/gcc/avr/5.4.0/../../../../avr/lib/avr5\libm.a(mulsf3x.o)
 .data          0x00000000        0x0 d:/program files/atmel/studio/7.0/toolchain/avr8/avr8-gnu-toolchain/bin/../lib/gcc/avr/5.4.0/../../../../avr/lib/avr5\libm.a(mulsf3x.o)
 .bss           0x00000000        0x0 d:/program files/atmel/studio/7.0/toolchain/avr8/avr8-gnu-toolchain/bin/../lib/gcc/avr/5.4.0/../../../../avr/lib/avr5\libm.a(mulsf3x.o)
 .text          0x00000000        0x0 d:/program files/atmel/studio/7.0/toolchain/avr8/avr8-gnu-toolchain/bin/../lib/gcc/avr/5.4.0/avr5\libgcc.a(_exit.o)
 .data          0x00000000        0x0 d:/program files/atmel/studio/7.0/toolchain/avr8/avr8-gnu-toolchain/bin/../lib/gcc/avr/5.4.0/avr5\libgcc.a(_exit.o)
 .bss           0x00000000        0x0 d:/program files/atmel/studio/7.0/toolchain/avr8/avr8-gnu-toolchain/bin/../lib/gcc/avr/5.4.0/avr5\libgcc.a(_exit.o)
 .text.libgcc.mul
                0x00000000        0x0 d:/program files/atmel/studio/7.0/toolchain/avr8/avr8-gnu-toolchain/bin/../lib/gcc/avr/5.4.0/avr5\libgcc.a(_exit.o)
 .text.libgcc.div
                0x00000000        0x0 d:/program files/atmel/studio/7.0/toolchain/avr8/avr8-gnu-toolchain/bin/../lib/gcc/avr/5.4.0/avr5\libgcc.a(_exit.o)
 .text.libgcc   0x00000000        0x0 d:/program files/atmel/studio/7.0/toolchain/avr8/avr8-gnu-toolchain/bin/../lib/gcc/avr/5.4.0/avr5\libgcc.a(_exit.o)
 .text.libgcc.prologue
                0x00000000        0x0 d:/program files/atmel/studio/7.0/toolchain/avr8/avr8-gnu-toolchain/bin/../lib/gcc/avr/5.4.0/avr5\libgcc.a(_exit.o)
 .text.libgcc.builtins
                0x00000000        0x0 d:/program files/atmel/studio/7.0/toolchain/avr8/avr8-gnu-toolchain/bin/../lib/gcc/avr/5.4.0/avr5\libgcc.a(_exit.o)
 .text.libgcc.fmul
                0x00000000        0x0 d:/program files/atmel/studio/7.0/toolchain/avr8/avr8-gnu-toolchain/bin/../lib/gcc/avr/5.4.0/avr5\libgcc.a(_exit.o)
 .text.libgcc.fixed
                0x00000000        0x0 d:/program files/atmel/studio/7.0/toolchain/avr8/avr8-gnu-toolchain/bin/../lib/gcc/avr/5.4.0/avr5\libgcc.a(_exit.o)
 .text          0x00000000        0x0 d:/program files/atmel/studio/7.0/toolchain/avr8/avr8-gnu-toolchain/bin/../lib/gcc/avr/5.4.0/avr5\libgcc.a(_copy_data.o)
 .data          0x00000000        0x0 d:/program files/atmel/studio/7.0/toolchain/avr8/avr8-gnu-toolchain/bin/../lib/gcc/avr/5.4.0/avr5\libgcc.a(_copy_data.o)
 .bss           0x00000000        0x0 d:/program files/atmel/studio/7.0/toolchain/avr8/avr8-gnu-toolchain/bin/../lib/gcc/avr/5.4.0/avr5\libgcc.a(_copy_data.o)
 .text.libgcc.mul
                0x00000000        0x0 d:/program files/atmel/studio/7.0/toolchain/avr8/avr8-gnu-toolchain/bin/../lib/gcc/avr/5.4.0/avr5\libgcc.a(_copy_data.o)
 .text.libgcc.div
                0x00000000        0x0 d:/program files/atmel/studio/7.0/toolchain/avr8/avr8-gnu-toolchain/bin/../lib/gcc/avr/5.4.0/avr5\libgcc.a(_copy_data.o)
 .text.libgcc   0x00000000        0x0 d:/program files/atmel/studio/7.0/toolchain/avr8/avr8-gnu-toolchain/bin/../lib/gcc/avr/5.4.0/avr5\libgcc.a(_copy_data.o)
 .text.libgcc.prologue
                0x00000000        0x0 d:/program files/atmel/studio/7.0/toolchain/avr8/avr8-gnu-toolchain/bin/../lib/gcc/avr/5.4.0/avr5\libgcc.a(_copy_data.o)
 .text.libgcc.builtins
                0x00000000        0x0 d:/program files/atmel/studio/7.0/toolchain/avr8/avr8-gnu-toolchain/bin/../lib/gcc/avr/5.4.0/avr5\libgcc.a(_copy_data.o)
 .text.libgcc.fmul
                0x00000000        0x0 d:/program files/atmel/studio/7.0/toolchain/avr8/avr8-gnu-toolchain/bin/../lib/gcc/avr/5.4.0/avr5\libgcc.a(_copy_data.o)
 .text.libgcc.fixed
                0x00000000        0x0 d:/program files/atmel/studio/7.0/toolchain/avr8/avr8-gnu-toolchain/bin/../lib/gcc/avr/5.4.0/avr5\libgcc.a(_copy_data.o)
 .text          0x00000000        0x0 d:/program files/atmel/studio/7.0/toolchain/avr8/avr8-gnu-toolchain/bin/../lib/gcc/avr/5.4.0/avr5\libgcc.a(_clear_bss.o)
 .data          0x00000000        0x0 d:/program files/atmel/studio/7.0/toolchain/avr8/avr8-gnu-toolchain/bin/../lib/gcc/avr/5.4.0/avr5\libgcc.a(_clear_bss.o)
 .bss           0x00000000        0x0 d:/program files/atmel/studio/7.0/toolchain/avr8/avr8-gnu-toolchain/bin/../lib/gcc/avr/5.4.0/avr5\libgcc.a(_clear_bss.o)
 .text.libgcc.mul
                0x00000000        0x0 d:/program files/atmel/studio/7.0/toolchain/avr8/avr8-gnu-toolchain/bin/../lib/gcc/avr/5.4.0/avr5\libgcc.a(_clear_bss.o)
 .text.libgcc.div
                0x00000000        0x0 d:/program files/atmel/studio/7.0/toolchain/avr8/avr8-gnu-toolchain/bin/../lib/gcc/avr/5.4.0/avr5\libgcc.a(_clear_bss.o)
 .text.libgcc   0x00000000        0x0 d:/program files/atmel/studio/7.0/toolchain/avr8/avr8-gnu-toolchain/bin/../lib/gcc/avr/5.4.0/avr5\libgcc.a(_clear_bss.o)
 .text.libgcc.prologue
                0x00000000        0x0 d:/program files/atmel/studio/7.0/toolchain/avr8/avr8-gnu-toolchain/bin/../lib/gcc/avr/5.4.0/avr5\libgcc.a(_clear_bss.o)
 .text.libgcc.builtins
                0x00000000        0x0 d:/program files/atmel/studio/7.0/toolchain/avr8/avr8-gnu-toolchain/bin/../lib/gcc/avr/5.4.0/avr5\libgcc.a(_clear_bss.o)
 .text.libgcc.fmul
                0x00000000        0x0 d:/program files/atmel/studio/7.0/toolchain/avr8/avr8-gnu-toolchain/bin/../lib/gcc/avr/5.4.0/avr5\libgcc.a(_clear_bss.o)
 .text.libgcc.fixed
                0x00000000        0x0 d:/program files/atmel/studio/7.0/toolchain/avr8/avr8-gnu-toolchain/bin/../lib/gcc/avr/5.4.0/avr5\libgcc.a(_clear_bss.o)
 .text          0x00000000        0x0 d:/program files/atmel/studio/7.0/toolchain/avr8/avr8-gnu-toolchain/bin/../lib/gcc/avr/5.4.0/../../../../avr/lib/avr5\libc.a(itoa_ncheck.o)
 .data          0x00000000        0x0 d:/program files/atmel/studio/7.0/toolchain/avr8/avr8-gnu-toolchain/bin/../lib/gcc/avr/5.4.0/../../../../avr/lib/avr5\libc.a(itoa_ncheck.o)
 .bss           0x00000000        0x0 d:/program files/atmel/studio/7.0/toolchain/avr8/avr8-gnu-toolchain/bin/../lib/gcc/avr/5.4.0/../../../../avr/lib/avr5\libc.a(itoa_ncheck.o)
 .text          0x00000000        0x0 d:/program files/atmel/studio/7.0/toolchain/avr8/avr8-gnu-toolchain/bin/../lib/gcc/avr/5.4.0/../../../../avr/lib/avr5\libc.a(utoa_ncheck.o)
 .data          0x00000000        0x0 d:/program files/atmel/studio/7.0/toolchain/avr8/avr8-gnu-toolchain/bin/../lib/gcc/avr/5.4.0/../../../../avr/lib/avr5\libc.a(utoa_ncheck.o)
 .bss           0x00000000        0x0 d:/program files/atmel/studio/7.0/toolchain/avr8/avr8-gnu-toolchain/bin/../lib/gcc/avr/5.4.0/../../../../avr/lib/avr5\libc.a(utoa_ncheck.o)
 .text          0x00000000        0x0 d:/program files/atmel/studio/7.0/toolchain/avr8/avr8-gnu-toolchain/bin/../lib/gcc/avr/5.4.0/../../../../avr/lib/avr5\libc.a(strrev.o)
 .data          0x00000000        0x0 d:/program files/atmel/studio/7.0/toolchain/avr8/avr8-gnu-toolchain/bin/../lib/gcc/avr/5.4.0/../../../../avr/lib/avr5\libc.a(strrev.o)
 .bss           0x00000000        0x0 d:/program files/atmel/studio/7.0/toolchain/avr8/avr8-gnu-toolchain/bin/../lib/gcc/avr/5.4.0/../../../../avr/lib/avr5\libc.a(strrev.o)

Memory Configuration

Name             Origin             Length             Attributes
text             0x00000000         0x00020000         xr
data             0x00800060         0x0000ffa0         rw !x
eeprom           0x00810000         0x00010000         rw !x
fuse             0x00820000         0x00000002         rw !x
lock             0x00830000         0x00000400         rw !x
signature        0x00840000         0x00000400         rw !x
user_signatures  0x00850000         0x00000400         rw !x
*default*        0x00000000         0xffffffff

Linker script and memory map

LOAD D:/Program Files/Atmel/Studio/7.0/Packs/atmel/ATmega_DFP/1.2.209/gcc/dev/atmega32/avr5/crtatmega32.o
LOAD APP/main.o
LOAD HAL/EPROM_Driver/EPROM_prog.o
LOAD HAL/KEYPAD_Driver/KPD_prog.o
LOAD HAL/LCD_Driver/LCD_prog.o
LOAD HAL/Servo_Driver/Servo_Program.o
LOAD MCAL/ADC_Driver/ADC_prog.o
LOAD MCAL/DIO_Driver/DIO_prog.o
LOAD MCAL/EXTI_Driver/EXTI_prog.o
LOAD MCAL/GIE_Driver/GIE_prog.o
LOAD MCAL/SPI_Driver/SPI_prog.o
LOAD MCAL/TIMER_Driver/TIMER_Prog.o
LOAD MCAL/TWI_Driver/TWI_prog.o
LOAD MCAL/USART_Driver/USART_prog.o
LOAD MCAL/WDT_Driver/WTD_prog.o
START GROUP
LOAD d:/program files/atmel/studio/7.0/toolchain/avr8/avr8-gnu-toolchain/bin/../lib/gcc/avr/5.4.0/../../../../avr/lib/avr5\libm.a
END GROUP
START GROUP
LOAD d:/program files/atmel/studio/7.0/toolchain/avr8/avr8-gnu-toolchain/bin/../lib/gcc/avr/5.4.0/avr5\libgcc.a
LOAD d:/program files/atmel/studio/7.0/toolchain/avr8/avr8-gnu-toolchain/bin/../lib/gcc/avr/5.4.0/../../../../avr/lib/avr5\libm.a
LOAD d:/program files/atmel/studio/7.0/toolchain/avr8/avr8-gnu-toolchain/bin/../lib/gcc/avr/5.4.0/../../../../avr/lib/avr5\libc.a
LOAD D:/Program Files/Atmel/Studio/7.0/Packs/atmel/ATmega_DFP/1.2.209/gcc/dev/atmega32/avr5\libatmega32.a
END GROUP
                0x00000000                __TEXT_REGION_ORIGIN__ = DEFINED (__TEXT_REGION_ORIGIN__)?__TEXT_REGION_ORIGIN__:0x0
                0x00800060                __DATA_REGION_ORIGIN__ = DEFINED (__DATA_REGION_ORIGIN__)?__DATA_REGION_ORIGIN__:0x800060
                0x00020000                __TEXT_REGION_LENGTH__ = DEFINED (__TEXT_REGION_LENGTH__)?__TEXT_REGION_LENGTH__:0x20000
                0x0000ffa0                __DATA_REGION_LENGTH__ = DEFINED (__DATA_REGION_LENGTH__)?__DATA_REGION_LENGTH__:0xffa0
                0x00010000                __EEPROM_REGION_LENGTH__ = DEFINED (__EEPROM_REGION_LENGTH__)?__EEPROM_REGION_LENGTH__:0x10000
                [0x00000002]                __FUSE_REGION_LENGTH__ = DEFINED (__FUSE_REGION_LENGTH__)?__FUSE_REGION_LENGTH__:0x400
                0x00000400                __LOCK_REGION_LENGTH__ = DEFINED (__LOCK_REGION_LENGTH__)?__LOCK_REGION_LENGTH__:0x400
                0x00000400                __SIGNATURE_REGION_LENGTH__ = DEFINED (__SIGNATURE_REGION_LENGTH__)?__SIGNATURE_REGION_LENGTH__:0x400
                0x00000400                __USER_SIGNATURE_REGION_LENGTH__ = DEFINED (__USER_SIGNATURE_REGION_LENGTH__)?__USER_SIGNATURE_REGION_LENGTH__:0x400

.hash
 *(.hash)

.dynsym
 *(.dynsym)

.dynstr
 *(.dynstr)

.gnu.version
 *(.gnu.version)

.gnu.version_d
 *(.gnu.version_d)

.gnu.version_r
 *(.gnu.version_r)

.rel.init
 *(.rel.init)

.rela.init
 *(.rela.init)

.rel.text
 *(.rel.text)
 *(.rel.text.*)
 *(.rel.gnu.linkonce.t*)

.rela.text
 *(.rela.text)
 *(.rela.text.*)
 *(.rela.gnu.linkonce.t*)

.rel.fini
 *(.rel.fini)

.rela.fini
 *(.rela.fini)

.rel.rodata
 *(.rel.rodata)
 *(.rel.rodata.*)
 *(.rel.gnu.linkonce.r*)

.rela.rodata
 *(.rela.rodata)
 *(.rela.rodata.*)
 *(.rela.gnu.linkonce.r*)

.rel.data
 *(.rel.data)
 *(.rel.data.*)
 *(.rel.gnu.linkonce.d*)

.rela.data
 *(.rela.data)
 *(.rela.data.*)
 *(.rela.gnu.linkonce.d*)

.rel.ctors
 *(.rel.ctors)

.rela.ctors
 *(.rela.ctors)

.rel.dtors
 *(.rel.dtors)

.rela.dtors
 *(.rela.dtors)

.rel.got
 *(.rel.got)

.rela.got
 *(.rela.got)

.rel.bss
 *(.rel.bss)

.rela.bss
 *(.rela.bss)

.rel.plt
 *(.rel.plt)

.rela.plt
 *(.rela.plt)

.text           0x00000000     0x14da
 *(.vectors)
 .vectors       0x00000000       0x54 D:/Program Files/Atmel/Studio/7.0/Packs/atmel/ATmega_DFP/1.2.209/gcc/dev/atmega32/avr5/crtatmega32.o
                0x00000000                __vector_default
                0x00000000                __vectors
 *(.vectors)
 *(.progmem.gcc*)
                0x00000054                . = ALIGN (0x2)
                0x00000054                __trampolines_start = .
 *(.trampolines)
 .trampolines   0x00000054        0x0 linker stubs
 *(.trampolines*)
                0x00000054                __trampolines_end = .
 *libprintf_flt.a:*(.progmem.data)
 *libc.a:*(.progmem.data)
 *(.progmem*)
                0x00000054                . = ALIGN (0x2)
 *(.jumptables)
 *(.jumptables*)
 *(.lowtext)
 *(.lowtext*)
                0x00000054                __ctors_start = .
 *(.ctors)
                0x00000054                __ctors_end = .
                0x00000054                __dtors_start = .
 *(.dtors)
                0x00000054                __dtors_end = .
 SORT(*)(.ctors)
 SORT(*)(.dtors)
 *(.init0)
 .init0         0x00000054        0x0 D:/Program Files/Atmel/Studio/7.0/Packs/atmel/ATmega_DFP/1.2.209/gcc/dev/atmega32/avr5/crtatmega32.o
                0x00000054                __init
 *(.init0)
 *(.init1)
 *(.init1)
 *(.init2)
 .init2         0x00000054        0xc D:/Program Files/Atmel/Studio/7.0/Packs/atmel/ATmega_DFP/1.2.209/gcc/dev/atmega32/avr5/crtatmega32.o
 *(.init2)
 *(.init3)
 *(.init3)
 *(.init4)
 .init4         0x00000060       0x16 d:/program files/atmel/studio/7.0/toolchain/avr8/avr8-gnu-toolchain/bin/../lib/gcc/avr/5.4.0/avr5\libgcc.a(_copy_data.o)
                0x00000060                __do_copy_data
 .init4         0x00000076       0x10 d:/program files/atmel/studio/7.0/toolchain/avr8/avr8-gnu-toolchain/bin/../lib/gcc/avr/5.4.0/avr5\libgcc.a(_clear_bss.o)
                0x00000076                __do_clear_bss
 *(.init4)
 *(.init5)
 *(.init5)
 *(.init6)
 *(.init6)
 *(.init7)
 *(.init7)
 *(.init8)
 *(.init8)
 *(.init9)
 .init9         0x00000086        0x8 D:/Program Files/Atmel/Studio/7.0/Packs/atmel/ATmega_DFP/1.2.209/gcc/dev/atmega32/avr5/crtatmega32.o
 *(.init9)
 *(.text)
 .text          0x0000008e        0x4 D:/Program Files/Atmel/Studio/7.0/Packs/atmel/ATmega_DFP/1.2.209/gcc/dev/atmega32/avr5/crtatmega32.o
                0x0000008e                __vector_12
                0x0000008e                __bad_interrupt
                0x0000008e                __vector_17
                0x0000008e                __vector_19
                0x0000008e                __vector_5
                0x0000008e                __vector_4
                0x0000008e                __vector_9
                0x0000008e                __vector_15
                0x0000008e                __vector_8
                0x0000008e                __vector_14
                0x0000008e                __vector_16
                0x0000008e                __vector_18
                0x0000008e                __vector_20
                0x00000092                . = ALIGN (0x2)
 *(.text.*)
 .text.TempSensor
                0x00000092       0x7c APP/main.o
                0x00000092                TempSensor
 .text.void_SetEPROMLockerPass
                0x0000010e       0x4a APP/main.o
                0x0000010e                void_SetEPROMLockerPass
 .text.void_Locker
                0x00000158      0x1c0 APP/main.o
                0x00000158                void_Locker
 .text.void_GetEPROMLockerPass
                0x00000318       0x56 APP/main.o
                0x00000318                void_GetEPROMLockerPass
 .text.main     0x0000036e       0xdc APP/main.o
                0x0000036e                main
 .text.USART_voidProcessCommand
                0x0000044a       0x24 APP/main.o
                0x0000044a                USART_voidProcessCommand
 .text.USART_Start
                0x0000046e      0x144 APP/main.o
                0x0000046e                USART_Start
 .text.EEPROM_voidSendDataByte
                0x000005b2       0x30 HAL/EPROM_Driver/EPROM_prog.o
                0x000005b2                EEPROM_voidSendDataByte
 .text.EEPROM_voidReadDataByte
                0x000005e2       0x3e HAL/EPROM_Driver/EPROM_prog.o
                0x000005e2                EEPROM_voidReadDataByte
 .text.KPD_voidInit
                0x00000620       0x8e HAL/KEYPAD_Driver/KPD_prog.o
                0x00000620                KPD_voidInit
 .text.KPD_u8GetPressedKey
                0x000006ae      0x116 HAL/KEYPAD_Driver/KPD_prog.o
                0x000006ae                KPD_u8GetPressedKey
 .text.LCD_voidSendData
                0x000007c4       0x44 HAL/LCD_Driver/LCD_prog.o
                0x000007c4                LCD_voidSendData
 .text.LCD_voidSendCommand
                0x00000808       0x44 HAL/LCD_Driver/LCD_prog.o
                0x00000808                LCD_voidSendCommand
 .text.LCD_voidInit
                0x0000084c       0x52 HAL/LCD_Driver/LCD_prog.o
                0x0000084c                LCD_voidInit
 .text.LCD_voidClearDisplay
                0x0000089e        0x8 HAL/LCD_Driver/LCD_prog.o
                0x0000089e                LCD_voidClearDisplay
 .text.LCD_voidGoTOXY
                0x000008a6       0x12 HAL/LCD_Driver/LCD_prog.o
                0x000008a6                LCD_voidGoTOXY
 .text.LCD_voidSendString
                0x000008b8       0x2c HAL/LCD_Driver/LCD_prog.o
                0x000008b8                LCD_voidSendString
 .text.LCD_voidSendNumber
                0x000008e4       0x3e HAL/LCD_Driver/LCD_prog.o
                0x000008e4                LCD_voidSendNumber
 .text.Servo_voidInit
                0x00000922       0x12 HAL/Servo_Driver/Servo_Program.o
                0x00000922                Servo_voidInit
 .text.Servo_voidDegree
                0x00000934       0x4a HAL/Servo_Driver/Servo_Program.o
                0x00000934                Servo_voidDegree
 .text.ADC_voidInit
                0x0000097e       0x10 MCAL/ADC_Driver/ADC_prog.o
                0x0000097e                ADC_voidInit
 .text.ADC_u8StartConversion
                0x0000098e       0x18 MCAL/ADC_Driver/ADC_prog.o
                0x0000098e                ADC_u8StartConversion
 .text.DIO_voidSetPinDirection
                0x000009a6       0x5c MCAL/DIO_Driver/DIO_prog.o
                0x000009a6                DIO_voidSetPinDirection
 .text.DIO_voidSetPinValue
                0x00000a02       0x5c MCAL/DIO_Driver/DIO_prog.o
                0x00000a02                DIO_voidSetPinValue
 .text.DIO_voidSetPortDirection
                0x00000a5e       0x20 MCAL/DIO_Driver/DIO_prog.o
                0x00000a5e                DIO_voidSetPortDirection
 .text.DIO_voidSetPortValue
                0x00000a7e       0x20 MCAL/DIO_Driver/DIO_prog.o
                0x00000a7e                DIO_voidSetPortValue
 .text.DIO_u8GetPinValue
                0x00000a9e       0x62 MCAL/DIO_Driver/DIO_prog.o
                0x00000a9e                DIO_u8GetPinValue
 .text.__vector_1
                0x00000b00       0x52 MCAL/EXTI_Driver/EXTI_prog.o
                0x00000b00                __vector_1
 .text.__vector_2
                0x00000b52       0x52 MCAL/EXTI_Driver/EXTI_prog.o
                0x00000b52                __vector_2
 .text.__vector_3
                0x00000ba4       0x52 MCAL/EXTI_Driver/EXTI_prog.o
                0x00000ba4                __vector_3
 .text.GIE_voidEnableGlobalInt
                0x00000bf6        0x8 MCAL/GIE_Driver/GIE_prog.o
                0x00000bf6                GIE_voidEnableGlobalInt
 .text.TIMER_delay_ms
                0x00000bfe       0x3c MCAL/TIMER_Driver/TIMER_Prog.o
                0x00000bfe                TIMER_delay_ms
 .text.TIMER_voidTimer1Init
                0x00000c3a       0xdc MCAL/TIMER_Driver/TIMER_Prog.o
                0x00000c3a                TIMER_voidTimer1Init
 .text.TIMER_voidSetOverFlow
                0x00000d16        0x6 MCAL/TIMER_Driver/TIMER_Prog.o
                0x00000d16                TIMER_voidSetOverFlow
 .text.TIMER_voidTimer1ChannelASetCompareValue
                0x00000d1c        0x6 MCAL/TIMER_Driver/TIMER_Prog.o
                0x00000d1c                TIMER_voidTimer1ChannelASetCompareValue
 .text.TIMER_voidTimer1SetPreloadValue
                0x00000d22        0x6 MCAL/TIMER_Driver/TIMER_Prog.o
                0x00000d22                TIMER_voidTimer1SetPreloadValue
 .text.__vector_11
                0x00000d28       0x52 MCAL/TIMER_Driver/TIMER_Prog.o
                0x00000d28                __vector_11
 .text.__vector_10
                0x00000d7a       0x52 MCAL/TIMER_Driver/TIMER_Prog.o
                0x00000d7a                __vector_10
 .text.__vector_6
                0x00000dcc       0x52 MCAL/TIMER_Driver/TIMER_Prog.o
                0x00000dcc                __vector_6
 .text.__vector_7
                0x00000e1e       0x52 MCAL/TIMER_Driver/TIMER_Prog.o
                0x00000e1e                __vector_7
 .text.TWI_voidMasterInit
                0x00000e70       0x18 MCAL/TWI_Driver/TWI_prog.o
                0x00000e70                TWI_voidMasterInit
 .text.TWI_SendStartCondition
                0x00000e88       0x20 MCAL/TWI_Driver/TWI_prog.o
                0x00000e88                TWI_SendStartCondition
 .text.TWI_SendRepeatedStart
                0x00000ea8       0x22 MCAL/TWI_Driver/TWI_prog.o
                0x00000ea8                TWI_SendRepeatedStart
 .text.TWI_SendSlaveAddressWithWrite
                0x00000eca       0x20 MCAL/TWI_Driver/TWI_prog.o
                0x00000eca                TWI_SendSlaveAddressWithWrite
 .text.TWI_SendSlaveAddressWithRead
                0x00000eea       0x20 MCAL/TWI_Driver/TWI_prog.o
                0x00000eea                TWI_SendSlaveAddressWithRead
 .text.TWI_MasterWriteDataByte
                0x00000f0a       0x14 MCAL/TWI_Driver/TWI_prog.o
                0x00000f0a                TWI_MasterWriteDataByte
 .text.TWI_MasterReadDataByte
                0x00000f1e       0x28 MCAL/TWI_Driver/TWI_prog.o
                0x00000f1e                TWI_MasterReadDataByte
 .text.TWI_SendStopCondition
                0x00000f46        0xe MCAL/TWI_Driver/TWI_prog.o
                0x00000f46                TWI_SendStopCondition
 .text.USART_voidInit
                0x00000f54       0x10 MCAL/USART_Driver/USART_prog.o
                0x00000f54                USART_voidInit
 .text.USART_voidTransmitData
                0x00000f64        0xa MCAL/USART_Driver/USART_prog.o
                0x00000f64                USART_voidTransmitData
 .text.USART_u8ReceiverData
                0x00000f6e        0x8 MCAL/USART_Driver/USART_prog.o
                0x00000f6e                USART_u8ReceiverData
 .text.USART_u8TimeOUTReceiverData
                0x00000f76       0x58 MCAL/USART_Driver/USART_prog.o
                0x00000f76                USART_u8TimeOUTReceiverData
 .text.USART_voidTransmitString
                0x00000fce       0x2c MCAL/USART_Driver/USART_prog.o
                0x00000fce                USART_voidTransmitString
 .text.USART_voidCallBackFunction
                0x00000ffa        0xa MCAL/USART_Driver/USART_prog.o
                0x00000ffa                USART_voidCallBackFunction
 .text.USART_voidEnableRxINT
                0x00001004        0x4 MCAL/USART_Driver/USART_prog.o
                0x00001004                USART_voidEnableRxINT
 .text.__vector_13
                0x00001008       0x52 MCAL/USART_Driver/USART_prog.o
                0x00001008                __vector_13
 .text.avr-libc.fplib
                0x0000105a        0xe d:/program files/atmel/studio/7.0/toolchain/avr8/avr8-gnu-toolchain/bin/../lib/gcc/avr/5.4.0/../../../../avr/lib/avr5\libm.a(addsf3.o)
                0x0000105a                __subsf3
                0x0000105c                __addsf3
 .text.avr-libc.fplib
                0x00001068       0xcc d:/program files/atmel/studio/7.0/toolchain/avr8/avr8-gnu-toolchain/bin/../lib/gcc/avr/5.4.0/../../../../avr/lib/avr5\libm.a(addsf3x.o)
                0x0000108a                __addsf3x
 .text.avr-libc.fplib
                0x00001134        0x8 d:/program files/atmel/studio/7.0/toolchain/avr8/avr8-gnu-toolchain/bin/../lib/gcc/avr/5.4.0/../../../../avr/lib/avr5\libm.a(divsf3.o)
                0x00001134                __divsf3
 .text.avr-libc.fplib
                0x0000113c       0xdc d:/program files/atmel/studio/7.0/toolchain/avr8/avr8-gnu-toolchain/bin/../lib/gcc/avr/5.4.0/../../../../avr/lib/avr5\libm.a(divsf3x.o)
                0x0000115c                __divsf3x
                0x00001162                __divsf3_pse
 .text.avr-libc.fplib
                0x00001218       0x5e d:/program files/atmel/studio/7.0/toolchain/avr8/avr8-gnu-toolchain/bin/../lib/gcc/avr/5.4.0/../../../../avr/lib/avr5\libm.a(fixunssfsi.o)
                0x00001218                __fixunssfsi
 .text.avr-libc.fplib
                0x00001276       0x7a d:/program files/atmel/studio/7.0/toolchain/avr8/avr8-gnu-toolchain/bin/../lib/gcc/avr/5.4.0/../../../../avr/lib/avr5\libm.a(floatsisf.o)
                0x00001276                __floatunsisf
                0x0000127a                __floatsisf
 .text.avr-libc.fplib
                0x000012f0        0xc d:/program files/atmel/studio/7.0/toolchain/avr8/avr8-gnu-toolchain/bin/../lib/gcc/avr/5.4.0/../../../../avr/lib/avr5\libm.a(fp_inf.o)
                0x000012f0                __fp_inf
 .text.avr-libc.fplib
                0x000012fc        0x6 d:/program files/atmel/studio/7.0/toolchain/avr8/avr8-gnu-toolchain/bin/../lib/gcc/avr/5.4.0/../../../../avr/lib/avr5\libm.a(fp_nan.o)
                0x000012fc                __fp_nan
 .text.avr-libc.fplib
                0x00001302        0xe d:/program files/atmel/studio/7.0/toolchain/avr8/avr8-gnu-toolchain/bin/../lib/gcc/avr/5.4.0/../../../../avr/lib/avr5\libm.a(fp_pscA.o)
                0x00001302                __fp_pscA
 .text.avr-libc.fplib
                0x00001310        0xe d:/program files/atmel/studio/7.0/toolchain/avr8/avr8-gnu-toolchain/bin/../lib/gcc/avr/5.4.0/../../../../avr/lib/avr5\libm.a(fp_pscB.o)
                0x00001310                __fp_pscB
 .text.avr-libc.fplib
                0x0000131e       0x22 d:/program files/atmel/studio/7.0/toolchain/avr8/avr8-gnu-toolchain/bin/../lib/gcc/avr/5.4.0/../../../../avr/lib/avr5\libm.a(fp_round.o)
                0x0000131e                __fp_round
 .text.avr-libc.fplib
                0x00001340       0x44 d:/program files/atmel/studio/7.0/toolchain/avr8/avr8-gnu-toolchain/bin/../lib/gcc/avr/5.4.0/../../../../avr/lib/avr5\libm.a(fp_split3.o)
                0x00001340                __fp_split3
                0x00001350                __fp_splitA
 .text.avr-libc.fplib
                0x00001384        0xe d:/program files/atmel/studio/7.0/toolchain/avr8/avr8-gnu-toolchain/bin/../lib/gcc/avr/5.4.0/../../../../avr/lib/avr5\libm.a(fp_zero.o)
                0x00001384                __fp_zero
                0x00001386                __fp_szero
 .text.avr-libc.fplib
                0x00001392        0x8 d:/program files/atmel/studio/7.0/toolchain/avr8/avr8-gnu-toolchain/bin/../lib/gcc/avr/5.4.0/../../../../avr/lib/avr5\libm.a(mulsf3.o)
                0x00001392                __mulsf3
 .text.avr-libc.fplib
                0x0000139a       0xd2 d:/program files/atmel/studio/7.0/toolchain/avr8/avr8-gnu-toolchain/bin/../lib/gcc/avr/5.4.0/../../../../avr/lib/avr5\libm.a(mulsf3x.o)
                0x000013b8                __mulsf3x
                0x000013be                __mulsf3_pse
 .text.avr-libc
                0x0000146c       0x16 d:/program files/atmel/studio/7.0/toolchain/avr8/avr8-gnu-toolchain/bin/../lib/gcc/avr/5.4.0/../../../../avr/lib/avr5\libc.a(itoa_ncheck.o)
                0x0000146c                __itoa_ncheck
 .text.avr-libc
                0x00001482       0x34 d:/program files/atmel/studio/7.0/toolchain/avr8/avr8-gnu-toolchain/bin/../lib/gcc/avr/5.4.0/../../../../avr/lib/avr5\libc.a(utoa_ncheck.o)
                0x00001482                __utoa_ncheck
                0x00001484                __utoa_common
 .text.avr-libc
                0x000014b6       0x20 d:/program files/atmel/studio/7.0/toolchain/avr8/avr8-gnu-toolchain/bin/../lib/gcc/avr/5.4.0/../../../../avr/lib/avr5\libc.a(strrev.o)
                0x000014b6                strrev
                0x000014d6                . = ALIGN (0x2)
 *(.fini9)
 .fini9         0x000014d6        0x0 d:/program files/atmel/studio/7.0/toolchain/avr8/avr8-gnu-toolchain/bin/../lib/gcc/avr/5.4.0/avr5\libgcc.a(_exit.o)
                0x000014d6                _exit
                0x000014d6                exit
 *(.fini9)
 *(.fini8)
 *(.fini8)
 *(.fini7)
 *(.fini7)
 *(.fini6)
 *(.fini6)
 *(.fini5)
 *(.fini5)
 *(.fini4)
 *(.fini4)
 *(.fini3)
 *(.fini3)
 *(.fini2)
 *(.fini2)
 *(.fini1)
 *(.fini1)
 *(.fini0)
 .fini0         0x000014d6        0x4 d:/program files/atmel/studio/7.0/toolchain/avr8/avr8-gnu-toolchain/bin/../lib/gcc/avr/5.4.0/avr5\libgcc.a(_exit.o)
 *(.fini0)
                0x000014da                _etext = .

.data           0x00800060      0x112 load address 0x000014da
                0x00800060                PROVIDE (__data_start, .)
 *(.data)
 *(.data*)
 .data.Global_u16EPROMPassAddress
                0x00800060        0x2 APP/main.o
                0x00800060                Global_u16EPROMPassAddress
 *(.gnu.linkonce.d*)
 *(.rodata)
 .rodata        0x00800062        0xc HAL/KEYPAD_Driver/KPD_prog.o
 *(.rodata*)
 .rodata.str1.1
                0x0080006e      0x103 APP/main.o
 *(.gnu.linkonce.r*)
                0x00800172                . = ALIGN (0x2)
 *fill*         0x00800171        0x1 
                0x00800172                _edata = .
                0x00800172                PROVIDE (__data_end, .)

.bss            0x00800172       0x1a
                0x00800172                PROVIDE (__bss_start, .)
 *(.bss)
 *(.bss*)
 .bss.Local_u8DoorStatus.1765
                0x00800172        0x1 APP/main.o
 .bss.Local_u8DigitsCount.1767
                0x00800173        0x1 APP/main.o
 .bss.Local_u16DoorPassword.1766
                0x00800174        0x2 APP/main.o
 .bss.Ticks     0x00800176        0x2 HAL/Servo_Driver/Servo_Program.o
                0x00800176                Ticks
 .bss.Global_pvINT2NotifyFunc
                0x00800178        0x2 MCAL/EXTI_Driver/EXTI_prog.o
                0x00800178                Global_pvINT2NotifyFunc
 .bss.Global_pvINT1NotifyFunc
                0x0080017a        0x2 MCAL/EXTI_Driver/EXTI_prog.o
                0x0080017a                Global_pvINT1NotifyFunc
 .bss.Global_pvINT0NotifyFunc
                0x0080017c        0x2 MCAL/EXTI_Driver/EXTI_prog.o
                0x0080017c                Global_pvINT0NotifyFunc
 .bss.GLOBAL_TIMER1_COMPARE_MATCH_PTR
                0x0080017e        0x2 MCAL/TIMER_Driver/TIMER_Prog.o
                0x0080017e                GLOBAL_TIMER1_COMPARE_MATCH_PTR
 .bss.GLOBAL_ICU_ISR
                0x00800180        0x2 MCAL/TIMER_Driver/TIMER_Prog.o
                0x00800180                GLOBAL_ICU_ISR
 .bss.TIMER0_CTC_ISR_PTR
                0x00800182        0x2 MCAL/TIMER_Driver/TIMER_Prog.o
                0x00800182                TIMER0_CTC_ISR_PTR
 .bss.TIMER0_Normal_ISR_PTR
                0x00800184        0x2 MCAL/TIMER_Driver/TIMER_Prog.o
                0x00800184                TIMER0_Normal_ISR_PTR
 .bss.GLOBAL_PTR_CallBack
                0x00800186        0x2 MCAL/USART_Driver/USART_prog.o
                0x00800186                GLOBAL_PTR_CallBack
 *(COMMON)
 COMMON         0x00800188        0x4 APP/main.o
                0x00800188                Global_u8SavedDoorPassHighByte
                0x00800189                Global_u16EPROMDoorPass
                0x0080018b                Global_u8SavedDoorPassLowByte
                0x0080018c                PROVIDE (__bss_end, .)
                0x000014da                __data_load_start = LOADADDR (.data)
                0x000015ec                __data_load_end = (__data_load_start + SIZEOF (.data))

.noinit         0x0080018c        0x0
                [!provide]                PROVIDE (__noinit_start, .)
 *(.noinit*)
                [!provide]                PROVIDE (__noinit_end, .)
                0x0080018c                _end = .
                [!provide]                PROVIDE (__heap_start, .)

.eeprom         0x00810000        0x0
 *(.eeprom*)
                0x00810000                __eeprom_end = .

.fuse
 *(.fuse)
 *(.lfuse)
 *(.hfuse)
 *(.efuse)

.lock
 *(.lock*)

.signature
 *(.signature*)

.user_signatures
 *(.user_signatures*)

.stab
 *(.stab)

.stabstr
 *(.stabstr)

.stab.excl
 *(.stab.excl)

.stab.exclstr
 *(.stab.exclstr)

.stab.index
 *(.stab.index)

.stab.indexstr
 *(.stab.indexstr)

.comment        0x00000000       0x60
 *(.comment)
 .comment       0x00000000       0x30 APP/main.o
                                 0x31 (size before relaxing)
 .comment       0x00000030       0x30 HAL/EPROM_Driver/EPROM_prog.o
                                 0x31 (size before relaxing)
 .comment       0x00000060       0x31 HAL/KEYPAD_Driver/KPD_prog.o
 .comment       0x00000060       0x31 HAL/LCD_Driver/LCD_prog.o
 .comment       0x00000060       0x31 HAL/Servo_Driver/Servo_Program.o
 .comment       0x00000060       0x31 MCAL/ADC_Driver/ADC_prog.o
 .comment       0x00000060       0x31 MCAL/DIO_Driver/DIO_prog.o
 .comment       0x00000060       0x31 MCAL/EXTI_Driver/EXTI_prog.o
 .comment       0x00000060       0x31 MCAL/GIE_Driver/GIE_prog.o
 .comment       0x00000060       0x31 MCAL/TIMER_Driver/TIMER_Prog.o
 .comment       0x00000060       0x31 MCAL/TWI_Driver/TWI_prog.o
 .comment       0x00000060       0x31 MCAL/USART_Driver/USART_prog.o

.note.gnu.avr.deviceinfo
                0x00000000       0x3c
 .note.gnu.avr.deviceinfo
                0x00000000       0x3c D:/Program Files/Atmel/Studio/7.0/Packs/atmel/ATmega_DFP/1.2.209/gcc/dev/atmega32/avr5/crtatmega32.o

.note.gnu.build-id
 *(.note.gnu.build-id)

.debug
 *(.debug)

.line
 *(.line)

.debug_srcinfo
 *(.debug_srcinfo)

.debug_sfnames
 *(.debug_sfnames)

.debug_aranges  0x00000000      0x3a8
 *(.debug_aranges)
 .debug_aranges
                0x00000000       0x50 APP/main.o
 .debug_aranges
                0x00000050       0x28 HAL/EPROM_Driver/EPROM_prog.o
 .debug_aranges
                0x00000078       0x28 HAL/KEYPAD_Driver/KPD_prog.o
 .debug_aranges
                0x000000a0       0x60 HAL/LCD_Driver/LCD_prog.o
 .debug_aranges
                0x00000100       0x38 HAL/Servo_Driver/Servo_Program.o
 .debug_aranges
                0x00000138       0x28 MCAL/ADC_Driver/ADC_prog.o
 .debug_aranges
                0x00000160       0x48 MCAL/DIO_Driver/DIO_prog.o
 .debug_aranges
                0x000001a8       0x50 MCAL/EXTI_Driver/EXTI_prog.o
 .debug_aranges
                0x000001f8       0x28 MCAL/GIE_Driver/GIE_prog.o
 .debug_aranges
                0x00000220       0xc8 MCAL/TIMER_Driver/TIMER_Prog.o
 .debug_aranges
                0x000002e8       0x60 MCAL/TWI_Driver/TWI_prog.o
 .debug_aranges
                0x00000348       0x60 MCAL/USART_Driver/USART_prog.o

.debug_pubnames
 *(.debug_pubnames)

.debug_info     0x00000000     0x2eeb
 *(.debug_info .gnu.linkonce.wi.*)
 .debug_info    0x00000000      0x4e6 D:/Program Files/Atmel/Studio/7.0/Packs/atmel/ATmega_DFP/1.2.209/gcc/dev/atmega32/avr5/crtatmega32.o
 .debug_info    0x000004e6      0xb4c APP/main.o
 .debug_info    0x00001032      0x230 HAL/EPROM_Driver/EPROM_prog.o
 .debug_info    0x00001262      0x3a2 HAL/KEYPAD_Driver/KPD_prog.o
 .debug_info    0x00001604      0x7f2 HAL/LCD_Driver/LCD_prog.o
 .debug_info    0x00001df6      0x192 HAL/Servo_Driver/Servo_Program.o
 .debug_info    0x00001f88       0xda MCAL/ADC_Driver/ADC_prog.o
 .debug_info    0x00002062      0x238 MCAL/DIO_Driver/DIO_prog.o
 .debug_info    0x0000229a      0x207 MCAL/EXTI_Driver/EXTI_prog.o
 .debug_info    0x000024a1       0x99 MCAL/GIE_Driver/GIE_prog.o
 .debug_info    0x0000253a      0x4d1 MCAL/TIMER_Driver/TIMER_Prog.o
 .debug_info    0x00002a0b      0x29c MCAL/TWI_Driver/TWI_prog.o
 .debug_info    0x00002ca7      0x244 MCAL/USART_Driver/USART_prog.o

.debug_abbrev   0x00000000     0x10df
 *(.debug_abbrev)
 .debug_abbrev  0x00000000      0x4a3 D:/Program Files/Atmel/Studio/7.0/Packs/atmel/ATmega_DFP/1.2.209/gcc/dev/atmega32/avr5/crtatmega32.o
 .debug_abbrev  0x000004a3      0x1bd APP/main.o
 .debug_abbrev  0x00000660       0xa5 HAL/EPROM_Driver/EPROM_prog.o
 .debug_abbrev  0x00000705       0xe7 HAL/KEYPAD_Driver/KPD_prog.o
 .debug_abbrev  0x000007ec      0x22e HAL/LCD_Driver/LCD_prog.o
 .debug_abbrev  0x00000a1a       0xea HAL/Servo_Driver/Servo_Program.o
 .debug_abbrev  0x00000b04       0x87 MCAL/ADC_Driver/ADC_prog.o
 .debug_abbrev  0x00000b8b       0xd3 MCAL/DIO_Driver/DIO_prog.o
 .debug_abbrev  0x00000c5e       0xc6 MCAL/EXTI_Driver/EXTI_prog.o
 .debug_abbrev  0x00000d24       0x51 MCAL/GIE_Driver/GIE_prog.o
 .debug_abbrev  0x00000d75      0x142 MCAL/TIMER_Driver/TIMER_Prog.o
 .debug_abbrev  0x00000eb7       0xd3 MCAL/TWI_Driver/TWI_prog.o
 .debug_abbrev  0x00000f8a      0x155 MCAL/USART_Driver/USART_prog.o

.debug_line     0x00000000     0x1f04
 *(.debug_line .debug_line.* .debug_line_end)
 .debug_line    0x00000000      0x115 D:/Program Files/Atmel/Studio/7.0/Packs/atmel/ATmega_DFP/1.2.209/gcc/dev/atmega32/avr5/crtatmega32.o
 .debug_line    0x00000115      0x66c APP/main.o
 .debug_line    0x00000781      0x138 HAL/EPROM_Driver/EPROM_prog.o
 .debug_line    0x000008b9      0x183 HAL/KEYPAD_Driver/KPD_prog.o
 .debug_line    0x00000a3c      0x352 HAL/LCD_Driver/LCD_prog.o
 .debug_line    0x00000d8e      0x113 HAL/Servo_Driver/Servo_Program.o
 .debug_line    0x00000ea1      0x13b MCAL/ADC_Driver/ADC_prog.o
 .debug_line    0x00000fdc      0x277 MCAL/DIO_Driver/DIO_prog.o
 .debug_line    0x00001253      0x220 MCAL/EXTI_Driver/EXTI_prog.o
 .debug_line    0x00001473       0xc3 MCAL/GIE_Driver/GIE_prog.o
 .debug_line    0x00001536      0x4a8 MCAL/TIMER_Driver/TIMER_Prog.o
 .debug_line    0x000019de      0x2bb MCAL/TWI_Driver/TWI_prog.o
 .debug_line    0x00001c99      0x26b MCAL/USART_Driver/USART_prog.o

.debug_frame    0x00000000      0x958
 *(.debug_frame)
 .debug_frame   0x00000000       0xcc APP/main.o
 .debug_frame   0x000000cc       0x58 HAL/EPROM_Driver/EPROM_prog.o
 .debug_frame   0x00000124       0x8c HAL/KEYPAD_Driver/KPD_prog.o
 .debug_frame   0x000001b0       0xdc HAL/LCD_Driver/LCD_prog.o
 .debug_frame   0x0000028c       0x54 HAL/Servo_Driver/Servo_Program.o
 .debug_frame   0x000002e0       0x34 MCAL/ADC_Driver/ADC_prog.o
 .debug_frame   0x00000314       0x74 MCAL/DIO_Driver/DIO_prog.o
 .debug_frame   0x00000388      0x15c MCAL/EXTI_Driver/EXTI_prog.o
 .debug_frame   0x000004e4       0x34 MCAL/GIE_Driver/GIE_prog.o
 .debug_frame   0x00000518      0x2a0 MCAL/TIMER_Driver/TIMER_Prog.o
 .debug_frame   0x000007b8       0xa4 MCAL/TWI_Driver/TWI_prog.o
 .debug_frame   0x0000085c       0xfc MCAL/USART_Driver/USART_prog.o

.debug_str      0x00000000     0x1307
 *(.debug_str)
 .debug_str     0x00000000      0x196 D:/Program Files/Atmel/Studio/7.0/Packs/atmel/ATmega_DFP/1.2.209/gcc/dev/atmega32/avr5/crtatmega32.o
 .debug_str     0x00000196      0x59a APP/main.o
                                0x5c8 (size before relaxing)
 .debug_str     0x00000730      0x155 HAL/EPROM_Driver/EPROM_prog.o
                                0x2a3 (size before relaxing)
 .debug_str     0x00000885       0xdb HAL/KEYPAD_Driver/KPD_prog.o
                                0x28e (size before relaxing)
 .debug_str     0x00000960      0x196 HAL/LCD_Driver/LCD_prog.o
                                0x3c9 (size before relaxing)
 .debug_str     0x00000af6       0xa7 HAL/Servo_Driver/Servo_Program.o
                                0x242 (size before relaxing)
 .debug_str     0x00000b9d       0x3b MCAL/ADC_Driver/ADC_prog.o
                                0x1e0 (size before relaxing)
 .debug_str     0x00000bd8       0xb4 MCAL/DIO_Driver/DIO_prog.o
                                0x2bd (size before relaxing)
 .debug_str     0x00000c8c      0x155 MCAL/EXTI_Driver/EXTI_prog.o
                                0x2df (size before relaxing)
 .debug_str     0x00000de1       0x37 MCAL/GIE_Driver/GIE_prog.o
                                0x1a3 (size before relaxing)
 .debug_str     0x00000e18      0x330 MCAL/TIMER_Driver/TIMER_Prog.o
                                0x53c (size before relaxing)
 .debug_str     0x00001148      0x10d MCAL/TWI_Driver/TWI_prog.o
                                0x367 (size before relaxing)
 .debug_str     0x00001255       0xb2 MCAL/USART_Driver/USART_prog.o
                                0x31b (size before relaxing)

.debug_loc      0x00000000     0x1a48
 *(.debug_loc)
 .debug_loc     0x00000000      0x3f7 APP/main.o
 .debug_loc     0x000003f7      0x179 HAL/EPROM_Driver/EPROM_prog.o
 .debug_loc     0x00000570      0x1c2 HAL/KEYPAD_Driver/KPD_prog.o
 .debug_loc     0x00000732      0x44a HAL/LCD_Driver/LCD_prog.o
 .debug_loc     0x00000b7c       0x13 HAL/Servo_Driver/Servo_Program.o
 .debug_loc     0x00000b8f       0x21 MCAL/ADC_Driver/ADC_prog.o
 .debug_loc     0x00000bb0      0x1e7 MCAL/DIO_Driver/DIO_prog.o
 .debug_loc     0x00000d97      0x3d7 MCAL/EXTI_Driver/EXTI_prog.o
 .debug_loc     0x0000116e      0x588 MCAL/TIMER_Driver/TIMER_Prog.o
 .debug_loc     0x000016f6      0x1be MCAL/TWI_Driver/TWI_prog.o
 .debug_loc     0x000018b4      0x194 MCAL/USART_Driver/USART_prog.o

.debug_macinfo
 *(.debug_macinfo)

.debug_weaknames
 *(.debug_weaknames)

.debug_funcnames
 *(.debug_funcnames)

.debug_typenames
 *(.debug_typenames)

.debug_varnames
 *(.debug_varnames)

.debug_pubtypes
 *(.debug_pubtypes)

.debug_ranges   0x00000000      0x2e8
 *(.debug_ranges)
 .debug_ranges  0x00000000       0x40 APP/main.o
 .debug_ranges  0x00000040       0x18 HAL/EPROM_Driver/EPROM_prog.o
 .debug_ranges  0x00000058       0x18 HAL/KEYPAD_Driver/KPD_prog.o
 .debug_ranges  0x00000070       0x50 HAL/LCD_Driver/LCD_prog.o
 .debug_ranges  0x000000c0       0x28 HAL/Servo_Driver/Servo_Program.o
 .debug_ranges  0x000000e8       0x18 MCAL/ADC_Driver/ADC_prog.o
 .debug_ranges  0x00000100       0x38 MCAL/DIO_Driver/DIO_prog.o
 .debug_ranges  0x00000138       0x40 MCAL/EXTI_Driver/EXTI_prog.o
 .debug_ranges  0x00000178       0x18 MCAL/GIE_Driver/GIE_prog.o
 .debug_ranges  0x00000190       0xb8 MCAL/TIMER_Driver/TIMER_Prog.o
 .debug_ranges  0x00000248       0x50 MCAL/TWI_Driver/TWI_prog.o
 .debug_ranges  0x00000298       0x50 MCAL/USART_Driver/USART_prog.o

.debug_macro
 *(.debug_macro)
OUTPUT(ITI_Final_Project.elf elf32-avr)
LOAD linker stubs
