Archive member included to satisfy reference by file (symbol)

d:/colleage/colleage programs/atmel/setup/7.0/toolchain/avr8/avr8-gnu-toolchain/bin/../lib/gcc/avr/5.4.0/../../../../avr/lib/avr5\libm.a(addsf3.o)
                              HAL/Servo_Driver/Servo_Program.o (__addsf3)
d:/colleage/colleage programs/atmel/setup/7.0/toolchain/avr8/avr8-gnu-toolchain/bin/../lib/gcc/avr/5.4.0/../../../../avr/lib/avr5\libm.a(addsf3x.o)
                              d:/colleage/colleage programs/atmel/setup/7.0/toolchain/avr8/avr8-gnu-toolchain/bin/../lib/gcc/avr/5.4.0/../../../../avr/lib/avr5\libm.a(addsf3.o) (__addsf3x)
d:/colleage/colleage programs/atmel/setup/7.0/toolchain/avr8/avr8-gnu-toolchain/bin/../lib/gcc/avr/5.4.0/../../../../avr/lib/avr5\libm.a(divsf3.o)
                              APP/main.o (__divsf3)
d:/colleage/colleage programs/atmel/setup/7.0/toolchain/avr8/avr8-gnu-toolchain/bin/../lib/gcc/avr/5.4.0/../../../../avr/lib/avr5\libm.a(divsf3x.o)
                              d:/colleage/colleage programs/atmel/setup/7.0/toolchain/avr8/avr8-gnu-toolchain/bin/../lib/gcc/avr/5.4.0/../../../../avr/lib/avr5\libm.a(divsf3.o) (__divsf3x)
d:/colleage/colleage programs/atmel/setup/7.0/toolchain/avr8/avr8-gnu-toolchain/bin/../lib/gcc/avr/5.4.0/../../../../avr/lib/avr5\libm.a(fixunssfsi.o)
                              APP/main.o (__fixunssfsi)
d:/colleage/colleage programs/atmel/setup/7.0/toolchain/avr8/avr8-gnu-toolchain/bin/../lib/gcc/avr/5.4.0/../../../../avr/lib/avr5\libm.a(floatsisf.o)
                              APP/main.o (__floatsisf)
d:/colleage/colleage programs/atmel/setup/7.0/toolchain/avr8/avr8-gnu-toolchain/bin/../lib/gcc/avr/5.4.0/../../../../avr/lib/avr5\libm.a(fp_inf.o)
                              d:/colleage/colleage programs/atmel/setup/7.0/toolchain/avr8/avr8-gnu-toolchain/bin/../lib/gcc/avr/5.4.0/../../../../avr/lib/avr5\libm.a(addsf3x.o) (__fp_inf)
d:/colleage/colleage programs/atmel/setup/7.0/toolchain/avr8/avr8-gnu-toolchain/bin/../lib/gcc/avr/5.4.0/../../../../avr/lib/avr5\libm.a(fp_nan.o)
                              d:/colleage/colleage programs/atmel/setup/7.0/toolchain/avr8/avr8-gnu-toolchain/bin/../lib/gcc/avr/5.4.0/../../../../avr/lib/avr5\libm.a(addsf3x.o) (__fp_nan)
d:/colleage/colleage programs/atmel/setup/7.0/toolchain/avr8/avr8-gnu-toolchain/bin/../lib/gcc/avr/5.4.0/../../../../avr/lib/avr5\libm.a(fp_pscA.o)
                              d:/colleage/colleage programs/atmel/setup/7.0/toolchain/avr8/avr8-gnu-toolchain/bin/../lib/gcc/avr/5.4.0/../../../../avr/lib/avr5\libm.a(addsf3x.o) (__fp_pscA)
d:/colleage/colleage programs/atmel/setup/7.0/toolchain/avr8/avr8-gnu-toolchain/bin/../lib/gcc/avr/5.4.0/../../../../avr/lib/avr5\libm.a(fp_pscB.o)
                              d:/colleage/colleage programs/atmel/setup/7.0/toolchain/avr8/avr8-gnu-toolchain/bin/../lib/gcc/avr/5.4.0/../../../../avr/lib/avr5\libm.a(addsf3x.o) (__fp_pscB)
d:/colleage/colleage programs/atmel/setup/7.0/toolchain/avr8/avr8-gnu-toolchain/bin/../lib/gcc/avr/5.4.0/../../../../avr/lib/avr5\libm.a(fp_round.o)
                              d:/colleage/colleage programs/atmel/setup/7.0/toolchain/avr8/avr8-gnu-toolchain/bin/../lib/gcc/avr/5.4.0/../../../../avr/lib/avr5\libm.a(addsf3.o) (__fp_round)
d:/colleage/colleage programs/atmel/setup/7.0/toolchain/avr8/avr8-gnu-toolchain/bin/../lib/gcc/avr/5.4.0/../../../../avr/lib/avr5\libm.a(fp_split3.o)
                              d:/colleage/colleage programs/atmel/setup/7.0/toolchain/avr8/avr8-gnu-toolchain/bin/../lib/gcc/avr/5.4.0/../../../../avr/lib/avr5\libm.a(addsf3x.o) (__fp_split3)
d:/colleage/colleage programs/atmel/setup/7.0/toolchain/avr8/avr8-gnu-toolchain/bin/../lib/gcc/avr/5.4.0/../../../../avr/lib/avr5\libm.a(fp_zero.o)
                              d:/colleage/colleage programs/atmel/setup/7.0/toolchain/avr8/avr8-gnu-toolchain/bin/../lib/gcc/avr/5.4.0/../../../../avr/lib/avr5\libm.a(addsf3x.o) (__fp_zero)
d:/colleage/colleage programs/atmel/setup/7.0/toolchain/avr8/avr8-gnu-toolchain/bin/../lib/gcc/avr/5.4.0/../../../../avr/lib/avr5\libm.a(mulsf3.o)
                              HAL/Servo_Driver/Servo_Program.o (__mulsf3)
d:/colleage/colleage programs/atmel/setup/7.0/toolchain/avr8/avr8-gnu-toolchain/bin/../lib/gcc/avr/5.4.0/../../../../avr/lib/avr5\libm.a(mulsf3x.o)
                              d:/colleage/colleage programs/atmel/setup/7.0/toolchain/avr8/avr8-gnu-toolchain/bin/../lib/gcc/avr/5.4.0/../../../../avr/lib/avr5\libm.a(mulsf3.o) (__mulsf3x)
d:/colleage/colleage programs/atmel/setup/7.0/toolchain/avr8/avr8-gnu-toolchain/bin/../lib/gcc/avr/5.4.0/avr5\libgcc.a(_exit.o)
                              D:/Colleage/colleage programs/Atmel/setup/7.0/Packs/atmel/ATmega_DFP/1.2.209/gcc/dev/atmega32/avr5/crtatmega32.o (exit)
d:/colleage/colleage programs/atmel/setup/7.0/toolchain/avr8/avr8-gnu-toolchain/bin/../lib/gcc/avr/5.4.0/avr5\libgcc.a(_copy_data.o)
                              APP/main.o (__do_copy_data)
d:/colleage/colleage programs/atmel/setup/7.0/toolchain/avr8/avr8-gnu-toolchain/bin/../lib/gcc/avr/5.4.0/avr5\libgcc.a(_clear_bss.o)
                              APP/main.o (__do_clear_bss)
d:/colleage/colleage programs/atmel/setup/7.0/toolchain/avr8/avr8-gnu-toolchain/bin/../lib/gcc/avr/5.4.0/../../../../avr/lib/avr5\libc.a(itoa_ncheck.o)
                              HAL/LCD_Driver/LCD_prog.o (__itoa_ncheck)
d:/colleage/colleage programs/atmel/setup/7.0/toolchain/avr8/avr8-gnu-toolchain/bin/../lib/gcc/avr/5.4.0/../../../../avr/lib/avr5\libc.a(utoa_ncheck.o)
                              d:/colleage/colleage programs/atmel/setup/7.0/toolchain/avr8/avr8-gnu-toolchain/bin/../lib/gcc/avr/5.4.0/../../../../avr/lib/avr5\libc.a(itoa_ncheck.o) (__utoa_common)
d:/colleage/colleage programs/atmel/setup/7.0/toolchain/avr8/avr8-gnu-toolchain/bin/../lib/gcc/avr/5.4.0/../../../../avr/lib/avr5\libc.a(strrev.o)
                              d:/colleage/colleage programs/atmel/setup/7.0/toolchain/avr8/avr8-gnu-toolchain/bin/../lib/gcc/avr/5.4.0/../../../../avr/lib/avr5\libc.a(utoa_ncheck.o) (strrev)

Allocating common symbols
Common symbol       size              file

Global_u8SavedDoorPassHighByte
                    0x1               APP/main.o
Global_u16EPROMDoorPass
                    0x2               APP/main.o
Global_u8SavedDoorPassLowByte
                    0x1               APP/main.o

Discarded input sections

 .data          0x00000000        0x0 D:/Colleage/colleage programs/Atmel/setup/7.0/Packs/atmel/ATmega_DFP/1.2.209/gcc/dev/atmega32/avr5/crtatmega32.o
 .bss           0x00000000        0x0 D:/Colleage/colleage programs/Atmel/setup/7.0/Packs/atmel/ATmega_DFP/1.2.209/gcc/dev/atmega32/avr5/crtatmega32.o
 .text          0x00000000        0x0 APP/main.o
 .data          0x00000000        0x0 APP/main.o
 .bss           0x00000000        0x0 APP/main.o
 .text          0x00000000        0x0 HAL/EPROM_Driver/EPROM_prog.o
 .data          0x00000000        0x0 HAL/EPROM_Driver/EPROM_prog.o
 .bss           0x00000000        0x0 HAL/EPROM_Driver/EPROM_prog.o
 .text          0x00000000        0x0 HAL/KEYPAD_Driver/KPD_prog.o
 .data          0x00000000        0x0 HAL/KEYPAD_Driver/KPD_prog.o
 .bss           0x00000000        0x0 HAL/KEYPAD_Driver/KPD_prog.o
 .text          0x00000000        0x0 HAL/LCD_Driver/LCD_prog.o
 .data          0x00000000        0x0 HAL/LCD_Driver/LCD_prog.o
 .bss           0x00000000        0x0 HAL/LCD_Driver/LCD_prog.o
 .text.LCD_u8ReadAC
                0x00000000       0x56 HAL/LCD_Driver/LCD_prog.o
 .text.LCD_voidShiftDisplay
                0x00000000       0x34 HAL/LCD_Driver/LCD_prog.o
 .bss.Local_u8AddressCounter.1956
                0x00000000        0x1 HAL/LCD_Driver/LCD_prog.o
 .text          0x00000000        0x0 HAL/Servo_Driver/Servo_Program.o
 .data          0x00000000        0x0 HAL/Servo_Driver/Servo_Program.o
 .bss           0x00000000        0x0 HAL/Servo_Driver/Servo_Program.o
 .text.Servo_voidReset
                0x00000000        0xa HAL/Servo_Driver/Servo_Program.o
 .text.Servo_u16GetTicks
                0x00000000        0xa HAL/Servo_Driver/Servo_Program.o
 .text          0x00000000        0x0 MCAL/ADC_Driver/ADC_prog.o
 .data          0x00000000        0x0 MCAL/ADC_Driver/ADC_prog.o
 .bss           0x00000000        0x0 MCAL/ADC_Driver/ADC_prog.o
 .text          0x00000000        0x0 MCAL/DIO_Driver/DIO_prog.o
 .data          0x00000000        0x0 MCAL/DIO_Driver/DIO_prog.o
 .bss           0x00000000        0x0 MCAL/DIO_Driver/DIO_prog.o
 .text.DIO_u8GetPortValue
                0x00000000       0x22 MCAL/DIO_Driver/DIO_prog.o
 .text          0x00000000        0x0 MCAL/EXTI_Driver/EXTI_prog.o
 .data          0x00000000        0x0 MCAL/EXTI_Driver/EXTI_prog.o
 .bss           0x00000000        0x0 MCAL/EXTI_Driver/EXTI_prog.o
 .text.EXTI_voidInit
                0x00000000      0x110 MCAL/EXTI_Driver/EXTI_prog.o
 .text.EXTI_voidSetCallBackINT0
                0x00000000        0xa MCAL/EXTI_Driver/EXTI_prog.o
 .text.EXTI_voidSetCallBackINT1
                0x00000000        0xa MCAL/EXTI_Driver/EXTI_prog.o
 .text.EXTI_voidSetCallBackINT2
                0x00000000        0xa MCAL/EXTI_Driver/EXTI_prog.o
 .text          0x00000000        0x0 MCAL/GIE_Driver/GIE_prog.o
 .data          0x00000000        0x0 MCAL/GIE_Driver/GIE_prog.o
 .bss           0x00000000        0x0 MCAL/GIE_Driver/GIE_prog.o
 .text.GIE_voidDisableGlobalInt
                0x00000000        0x8 MCAL/GIE_Driver/GIE_prog.o
 .text          0x00000000        0x0 MCAL/SPI_Driver/SPI_prog.o
 .data          0x00000000        0x0 MCAL/SPI_Driver/SPI_prog.o
 .bss           0x00000000        0x0 MCAL/SPI_Driver/SPI_prog.o
 .text.SPI_voidMasterInit
                0x00000000       0x3e MCAL/SPI_Driver/SPI_prog.o
 .text.SPI_voidSlaveInit
                0x00000000       0x2e MCAL/SPI_Driver/SPI_prog.o
 .text.SPI_u8Transceiver
                0x00000000        0xa MCAL/SPI_Driver/SPI_prog.o
 .debug_info    0x00000000      0x215 MCAL/SPI_Driver/SPI_prog.o
 .debug_abbrev  0x00000000       0xc1 MCAL/SPI_Driver/SPI_prog.o
 .debug_loc     0x00000000       0x1f MCAL/SPI_Driver/SPI_prog.o
 .debug_aranges
                0x00000000       0x30 MCAL/SPI_Driver/SPI_prog.o
 .debug_ranges  0x00000000       0x20 MCAL/SPI_Driver/SPI_prog.o
 .debug_line    0x00000000      0x1bd MCAL/SPI_Driver/SPI_prog.o
 .debug_str     0x00000000      0x23c MCAL/SPI_Driver/SPI_prog.o
 .comment       0x00000000       0x31 MCAL/SPI_Driver/SPI_prog.o
 .debug_frame   0x00000000       0x44 MCAL/SPI_Driver/SPI_prog.o
 .text          0x00000000        0x0 MCAL/TIMER_Driver/TIMER_Prog.o
 .data          0x00000000        0x0 MCAL/TIMER_Driver/TIMER_Prog.o
 .bss           0x00000000        0x0 MCAL/TIMER_Driver/TIMER_Prog.o
 .text.TIMER_Timer0Init
                0x00000000       0xac MCAL/TIMER_Driver/TIMER_Prog.o
 .text.TIMER_Timer0RegValue
                0x00000000       0x16 MCAL/TIMER_Driver/TIMER_Prog.o
 .text.TIMER_voidTimer0ISR_Normal
                0x00000000        0xa MCAL/TIMER_Driver/TIMER_Prog.o
 .text.TIMER_voidTimer0ISR_CTC
                0x00000000        0xa MCAL/TIMER_Driver/TIMER_Prog.o
 .text.TIMER_voidTimer2FastPWM
                0x00000000       0x2c MCAL/TIMER_Driver/TIMER_Prog.o
 .text.TIMER_voidTimer2FastPWMCompareValue
                0x00000000        0x4 MCAL/TIMER_Driver/TIMER_Prog.o
 .text.TIMER_voidTimer1ChannelBSetCompareValue
                0x00000000        0x6 MCAL/TIMER_Driver/TIMER_Prog.o
 .text.Timer_u16Timer1GetTimerValue
                0x00000000        0x6 MCAL/TIMER_Driver/TIMER_Prog.o
 .text.TIMER_voidTimer1CompareMatchACallBackFunction
                0x00000000        0xa MCAL/TIMER_Driver/TIMER_Prog.o
 .text.ICU_voidSetSenseControl
                0x00000000       0x1a MCAL/TIMER_Driver/TIMER_Prog.o
 .text.ICU_voidInterruptControl
                0x00000000       0x1a MCAL/TIMER_Driver/TIMER_Prog.o
 .text.ICU_voidSetCallBackFunction
                0x00000000        0xa MCAL/TIMER_Driver/TIMER_Prog.o
 .text.ICU_u16ReadInputCapture
                0x00000000        0x6 MCAL/TIMER_Driver/TIMER_Prog.o
 .bss.Mode_flag
                0x00000000        0x1 MCAL/TIMER_Driver/TIMER_Prog.o
 .text          0x00000000        0x0 MCAL/TWI_Driver/TWI_prog.o
 .data          0x00000000        0x0 MCAL/TWI_Driver/TWI_prog.o
 .bss           0x00000000        0x0 MCAL/TWI_Driver/TWI_prog.o
 .text.TWI_voidSlaveInit
                0x00000000        0xc MCAL/TWI_Driver/TWI_prog.o
 .text          0x00000000        0x0 MCAL/USART_Driver/USART_prog.o
 .data          0x00000000        0x0 MCAL/USART_Driver/USART_prog.o
 .bss           0x00000000        0x0 MCAL/USART_Driver/USART_prog.o
 .text.USART_voidDisableRxINT
                0x00000000        0x4 MCAL/USART_Driver/USART_prog.o
 .text          0x00000000        0x0 MCAL/WDT_Driver/WTD_prog.o
 .data          0x00000000        0x0 MCAL/WDT_Driver/WTD_prog.o
 .bss           0x00000000        0x0 MCAL/WDT_Driver/WTD_prog.o
 .text.WDT_voidInit
                0x00000000       0x1a MCAL/WDT_Driver/WTD_prog.o
 .text.WDT_voidDisable
                0x00000000        0xa MCAL/WDT_Driver/WTD_prog.o
 .text.WDT_voidReset
                0x00000000        0x4 MCAL/WDT_Driver/WTD_prog.o
 .debug_info    0x00000000       0xaf MCAL/WDT_Driver/WTD_prog.o
 .debug_abbrev  0x00000000       0x51 MCAL/WDT_Driver/WTD_prog.o
 .debug_aranges
                0x00000000       0x30 MCAL/WDT_Driver/WTD_prog.o
 .debug_ranges  0x00000000       0x20 MCAL/WDT_Driver/WTD_prog.o
 .debug_line    0x00000000       0xfd MCAL/WDT_Driver/WTD_prog.o
 .debug_str     0x00000000      0x1c2 MCAL/WDT_Driver/WTD_prog.o
 .comment       0x00000000       0x31 MCAL/WDT_Driver/WTD_prog.o
 .debug_frame   0x00000000       0x44 MCAL/WDT_Driver/WTD_prog.o
 .text          0x00000000        0x0 d:/colleage/colleage programs/atmel/setup/7.0/toolchain/avr8/avr8-gnu-toolchain/bin/../lib/gcc/avr/5.4.0/../../../../avr/lib/avr5\libm.a(addsf3.o)
 .data          0x00000000        0x0 d:/colleage/colleage programs/atmel/setup/7.0/toolchain/avr8/avr8-gnu-toolchain/bin/../lib/gcc/avr/5.4.0/../../../../avr/lib/avr5\libm.a(addsf3.o)
 .bss           0x00000000        0x0 d:/colleage/colleage programs/atmel/setup/7.0/toolchain/avr8/avr8-gnu-toolchain/bin/../lib/gcc/avr/5.4.0/../../../../avr/lib/avr5\libm.a(addsf3.o)
 .text          0x00000000        0x0 d:/colleage/colleage programs/atmel/setup/7.0/toolchain/avr8/avr8-gnu-toolchain/bin/../lib/gcc/avr/5.4.0/../../../../avr/lib/avr5\libm.a(addsf3x.o)
 .data          0x00000000        0x0 d:/colleage/colleage programs/atmel/setup/7.0/toolchain/avr8/avr8-gnu-toolchain/bin/../lib/gcc/avr/5.4.0/../../../../avr/lib/avr5\libm.a(addsf3x.o)
 .bss           0x00000000        0x0 d:/colleage/colleage programs/atmel/setup/7.0/toolchain/avr8/avr8-gnu-toolchain/bin/../lib/gcc/avr/5.4.0/../../../../avr/lib/avr5\libm.a(addsf3x.o)
 .text          0x00000000        0x0 d:/colleage/colleage programs/atmel/setup/7.0/toolchain/avr8/avr8-gnu-toolchain/bin/../lib/gcc/avr/5.4.0/../../../../avr/lib/avr5\libm.a(divsf3.o)
 .data          0x00000000        0x0 d:/colleage/colleage programs/atmel/setup/7.0/toolchain/avr8/avr8-gnu-toolchain/bin/../lib/gcc/avr/5.4.0/../../../../avr/lib/avr5\libm.a(divsf3.o)
 .bss           0x00000000        0x0 d:/colleage/colleage programs/atmel/setup/7.0/toolchain/avr8/avr8-gnu-toolchain/bin/../lib/gcc/avr/5.4.0/../../../../avr/lib/avr5\libm.a(divsf3.o)
 .text          0x00000000        0x0 d:/colleage/colleage programs/atmel/setup/7.0/toolchain/avr8/avr8-gnu-toolchain/bin/../lib/gcc/avr/5.4.0/../../../../avr/lib/avr5\libm.a(divsf3x.o)
 .data          0x00000000        0x0 d:/colleage/colleage programs/atmel/setup/7.0/toolchain/avr8/avr8-gnu-toolchain/bin/../lib/gcc/avr/5.4.0/../../../../avr/lib/avr5\libm.a(divsf3x.o)
 .bss           0x00000000        0x0 d:/colleage/colleage programs/atmel/setup/7.0/toolchain/avr8/avr8-gnu-toolchain/bin/../lib/gcc/avr/5.4.0/../../../../avr/lib/avr5\libm.a(divsf3x.o)
 .text          0x00000000        0x0 d:/colleage/colleage programs/atmel/setup/7.0/toolchain/avr8/avr8-gnu-toolchain/bin/../lib/gcc/avr/5.4.0/../../../../avr/lib/avr5\libm.a(fixunssfsi.o)
 .data          0x00000000        0x0 d:/colleage/colleage programs/atmel/setup/7.0/toolchain/avr8/avr8-gnu-toolchain/bin/../lib/gcc/avr/5.4.0/../../../../avr/lib/avr5\libm.a(fixunssfsi.o)
 .bss           0x00000000        0x0 d:/colleage/colleage programs/atmel/setup/7.0/toolchain/avr8/avr8-gnu-toolchain/bin/../lib/gcc/avr/5.4.0/../../../../avr/lib/avr5\libm.a(fixunssfsi.o)
 .text          0x00000000        0x0 d:/colleage/colleage programs/atmel/setup/7.0/toolchain/avr8/avr8-gnu-toolchain/bin/../lib/gcc/avr/5.4.0/../../../../avr/lib/avr5\libm.a(floatsisf.o)
 .data          0x00000000        0x0 d:/colleage/colleage programs/atmel/setup/7.0/toolchain/avr8/avr8-gnu-toolchain/bin/../lib/gcc/avr/5.4.0/../../../../avr/lib/avr5\libm.a(floatsisf.o)
 .bss           0x00000000        0x0 d:/colleage/colleage programs/atmel/setup/7.0/toolchain/avr8/avr8-gnu-toolchain/bin/../lib/gcc/avr/5.4.0/../../../../avr/lib/avr5\libm.a(floatsisf.o)
 .text          0x00000000        0x0 d:/colleage/colleage programs/atmel/setup/7.0/toolchain/avr8/avr8-gnu-toolchain/bin/../lib/gcc/avr/5.4.0/../../../../avr/lib/avr5\libm.a(fp_inf.o)
 .data          0x00000000        0x0 d:/colleage/colleage programs/atmel/setup/7.0/toolchain/avr8/avr8-gnu-toolchain/bin/../lib/gcc/avr/5.4.0/../../../../avr/lib/avr5\libm.a(fp_inf.o)
 .bss           0x00000000        0x0 d:/colleage/colleage programs/atmel/setup/7.0/toolchain/avr8/avr8-gnu-toolchain/bin/../lib/gcc/avr/5.4.0/../../../../avr/lib/avr5\libm.a(fp_inf.o)
 .text          0x00000000        0x0 d:/colleage/colleage programs/atmel/setup/7.0/toolchain/avr8/avr8-gnu-toolchain/bin/../lib/gcc/avr/5.4.0/../../../../avr/lib/avr5\libm.a(fp_nan.o)
 .data          0x00000000        0x0 d:/colleage/colleage programs/atmel/setup/7.0/toolchain/avr8/avr8-gnu-toolchain/bin/../lib/gcc/avr/5.4.0/../../../../avr/lib/avr5\libm.a(fp_nan.o)
 .bss           0x00000000        0x0 d:/colleage/colleage programs/atmel/setup/7.0/toolchain/avr8/avr8-gnu-toolchain/bin/../lib/gcc/avr/5.4.0/../../../../avr/lib/avr5\libm.a(fp_nan.o)
 .text          0x00000000        0x0 d:/colleage/colleage programs/atmel/setup/7.0/toolchain/avr8/avr8-gnu-toolchain/bin/../lib/gcc/avr/5.4.0/../../../../avr/lib/avr5\libm.a(fp_pscA.o)
 .data          0x00000000        0x0 d:/colleage/colleage programs/atmel/setup/7.0/toolchain/avr8/avr8-gnu-toolchain/bin/../lib/gcc/avr/5.4.0/../../../../avr/lib/avr5\libm.a(fp_pscA.o)
 .bss           0x00000000        0x0 d:/colleage/colleage programs/atmel/setup/7.0/toolchain/avr8/avr8-gnu-toolchain/bin/../lib/gcc/avr/5.4.0/../../../../avr/lib/avr5\libm.a(fp_pscA.o)
 .text          0x00000000        0x0 d:/colleage/colleage programs/atmel/setup/7.0/toolchain/avr8/avr8-gnu-toolchain/bin/../lib/gcc/avr/5.4.0/../../../../avr/lib/avr5\libm.a(fp_pscB.o)
 .data          0x00000000        0x0 d:/colleage/colleage programs/atmel/setup/7.0/toolchain/avr8/avr8-gnu-toolchain/bin/../lib/gcc/avr/5.4.0/../../../../avr/lib/avr5\libm.a(fp_pscB.o)
 .bss           0x00000000        0x0 d:/colleage/colleage programs/atmel/setup/7.0/toolchain/avr8/avr8-gnu-toolchain/bin/../lib/gcc/avr/5.4.0/../../../../avr/lib/avr5\libm.a(fp_pscB.o)
 .text          0x00000000        0x0 d:/colleage/colleage programs/atmel/setup/7.0/toolchain/avr8/avr8-gnu-toolchain/bin/../lib/gcc/avr/5.4.0/../../../../avr/lib/avr5\libm.a(fp_round.o)
 .data          0x00000000        0x0 d:/colleage/colleage programs/atmel/setup/7.0/toolchain/avr8/avr8-gnu-toolchain/bin/../lib/gcc/avr/5.4.0/../../../../avr/lib/avr5\libm.a(fp_round.o)
 .bss           0x00000000        0x0 d:/colleage/colleage programs/atmel/setup/7.0/toolchain/avr8/avr8-gnu-toolchain/bin/../lib/gcc/avr/5.4.0/../../../../avr/lib/avr5\libm.a(fp_round.o)
 .text          0x00000000        0x0 d:/colleage/colleage programs/atmel/setup/7.0/toolchain/avr8/avr8-gnu-toolchain/bin/../lib/gcc/avr/5.4.0/../../../../avr/lib/avr5\libm.a(fp_split3.o)
 .data          0x00000000        0x0 d:/colleage/colleage programs/atmel/setup/7.0/toolchain/avr8/avr8-gnu-toolchain/bin/../lib/gcc/avr/5.4.0/../../../../avr/lib/avr5\libm.a(fp_split3.o)
 .bss           0x00000000        0x0 d:/colleage/colleage programs/atmel/setup/7.0/toolchain/avr8/avr8-gnu-toolchain/bin/../lib/gcc/avr/5.4.0/../../../../avr/lib/avr5\libm.a(fp_split3.o)
 .text          0x00000000        0x0 d:/colleage/colleage programs/atmel/setup/7.0/toolchain/avr8/avr8-gnu-toolchain/bin/../lib/gcc/avr/5.4.0/../../../../avr/lib/avr5\libm.a(fp_zero.o)
 .data          0x00000000        0x0 d:/colleage/colleage programs/atmel/setup/7.0/toolchain/avr8/avr8-gnu-toolchain/bin/../lib/gcc/avr/5.4.0/../../../../avr/lib/avr5\libm.a(fp_zero.o)
 .bss           0x00000000        0x0 d:/colleage/colleage programs/atmel/setup/7.0/toolchain/avr8/avr8-gnu-toolchain/bin/../lib/gcc/avr/5.4.0/../../../../avr/lib/avr5\libm.a(fp_zero.o)
 .text          0x00000000        0x0 d:/colleage/colleage programs/atmel/setup/7.0/toolchain/avr8/avr8-gnu-toolchain/bin/../lib/gcc/avr/5.4.0/../../../../avr/lib/avr5\libm.a(mulsf3.o)
 .data          0x00000000        0x0 d:/colleage/colleage programs/atmel/setup/7.0/toolchain/avr8/avr8-gnu-toolchain/bin/../lib/gcc/avr/5.4.0/../../../../avr/lib/avr5\libm.a(mulsf3.o)
 .bss           0x00000000        0x0 d:/colleage/colleage programs/atmel/setup/7.0/toolchain/avr8/avr8-gnu-toolchain/bin/../lib/gcc/avr/5.4.0/../../../../avr/lib/avr5\libm.a(mulsf3.o)
 .text          0x00000000        0x0 d:/colleage/colleage programs/atmel/setup/7.0/toolchain/avr8/avr8-gnu-toolchain/bin/../lib/gcc/avr/5.4.0/../../../../avr/lib/avr5\libm.a(mulsf3x.o)
 .data          0x00000000        0x0 d:/colleage/colleage programs/atmel/setup/7.0/toolchain/avr8/avr8-gnu-toolchain/bin/../lib/gcc/avr/5.4.0/../../../../avr/lib/avr5\libm.a(mulsf3x.o)
 .bss           0x00000000        0x0 d:/colleage/colleage programs/atmel/setup/7.0/toolchain/avr8/avr8-gnu-toolchain/bin/../lib/gcc/avr/5.4.0/../../../../avr/lib/avr5\libm.a(mulsf3x.o)
 .text          0x00000000        0x0 d:/colleage/colleage programs/atmel/setup/7.0/toolchain/avr8/avr8-gnu-toolchain/bin/../lib/gcc/avr/5.4.0/avr5\libgcc.a(_exit.o)
 .data          0x00000000        0x0 d:/colleage/colleage programs/atmel/setup/7.0/toolchain/avr8/avr8-gnu-toolchain/bin/../lib/gcc/avr/5.4.0/avr5\libgcc.a(_exit.o)
 .bss           0x00000000        0x0 d:/colleage/colleage programs/atmel/setup/7.0/toolchain/avr8/avr8-gnu-toolchain/bin/../lib/gcc/avr/5.4.0/avr5\libgcc.a(_exit.o)
 .text.libgcc.mul
                0x00000000        0x0 d:/colleage/colleage programs/atmel/setup/7.0/toolchain/avr8/avr8-gnu-toolchain/bin/../lib/gcc/avr/5.4.0/avr5\libgcc.a(_exit.o)
 .text.libgcc.div
                0x00000000        0x0 d:/colleage/colleage programs/atmel/setup/7.0/toolchain/avr8/avr8-gnu-toolchain/bin/../lib/gcc/avr/5.4.0/avr5\libgcc.a(_exit.o)
 .text.libgcc   0x00000000        0x0 d:/colleage/colleage programs/atmel/setup/7.0/toolchain/avr8/avr8-gnu-toolchain/bin/../lib/gcc/avr/5.4.0/avr5\libgcc.a(_exit.o)
 .text.libgcc.prologue
                0x00000000        0x0 d:/colleage/colleage programs/atmel/setup/7.0/toolchain/avr8/avr8-gnu-toolchain/bin/../lib/gcc/avr/5.4.0/avr5\libgcc.a(_exit.o)
 .text.libgcc.builtins
                0x00000000        0x0 d:/colleage/colleage programs/atmel/setup/7.0/toolchain/avr8/avr8-gnu-toolchain/bin/../lib/gcc/avr/5.4.0/avr5\libgcc.a(_exit.o)
 .text.libgcc.fmul
                0x00000000        0x0 d:/colleage/colleage programs/atmel/setup/7.0/toolchain/avr8/avr8-gnu-toolchain/bin/../lib/gcc/avr/5.4.0/avr5\libgcc.a(_exit.o)
 .text.libgcc.fixed
                0x00000000        0x0 d:/colleage/colleage programs/atmel/setup/7.0/toolchain/avr8/avr8-gnu-toolchain/bin/../lib/gcc/avr/5.4.0/avr5\libgcc.a(_exit.o)
 .text          0x00000000        0x0 d:/colleage/colleage programs/atmel/setup/7.0/toolchain/avr8/avr8-gnu-toolchain/bin/../lib/gcc/avr/5.4.0/avr5\libgcc.a(_copy_data.o)
 .data          0x00000000        0x0 d:/colleage/colleage programs/atmel/setup/7.0/toolchain/avr8/avr8-gnu-toolchain/bin/../lib/gcc/avr/5.4.0/avr5\libgcc.a(_copy_data.o)
 .bss           0x00000000        0x0 d:/colleage/colleage programs/atmel/setup/7.0/toolchain/avr8/avr8-gnu-toolchain/bin/../lib/gcc/avr/5.4.0/avr5\libgcc.a(_copy_data.o)
 .text.libgcc.mul
                0x00000000        0x0 d:/colleage/colleage programs/atmel/setup/7.0/toolchain/avr8/avr8-gnu-toolchain/bin/../lib/gcc/avr/5.4.0/avr5\libgcc.a(_copy_data.o)
 .text.libgcc.div
                0x00000000        0x0 d:/colleage/colleage programs/atmel/setup/7.0/toolchain/avr8/avr8-gnu-toolchain/bin/../lib/gcc/avr/5.4.0/avr5\libgcc.a(_copy_data.o)
 .text.libgcc   0x00000000        0x0 d:/colleage/colleage programs/atmel/setup/7.0/toolchain/avr8/avr8-gnu-toolchain/bin/../lib/gcc/avr/5.4.0/avr5\libgcc.a(_copy_data.o)
 .text.libgcc.prologue
                0x00000000        0x0 d:/colleage/colleage programs/atmel/setup/7.0/toolchain/avr8/avr8-gnu-toolchain/bin/../lib/gcc/avr/5.4.0/avr5\libgcc.a(_copy_data.o)
 .text.libgcc.builtins
                0x00000000        0x0 d:/colleage/colleage programs/atmel/setup/7.0/toolchain/avr8/avr8-gnu-toolchain/bin/../lib/gcc/avr/5.4.0/avr5\libgcc.a(_copy_data.o)
 .text.libgcc.fmul
                0x00000000        0x0 d:/colleage/colleage programs/atmel/setup/7.0/toolchain/avr8/avr8-gnu-toolchain/bin/../lib/gcc/avr/5.4.0/avr5\libgcc.a(_copy_data.o)
 .text.libgcc.fixed
                0x00000000        0x0 d:/colleage/colleage programs/atmel/setup/7.0/toolchain/avr8/avr8-gnu-toolchain/bin/../lib/gcc/avr/5.4.0/avr5\libgcc.a(_copy_data.o)
 .text          0x00000000        0x0 d:/colleage/colleage programs/atmel/setup/7.0/toolchain/avr8/avr8-gnu-toolchain/bin/../lib/gcc/avr/5.4.0/avr5\libgcc.a(_clear_bss.o)
 .data          0x00000000        0x0 d:/colleage/colleage programs/atmel/setup/7.0/toolchain/avr8/avr8-gnu-toolchain/bin/../lib/gcc/avr/5.4.0/avr5\libgcc.a(_clear_bss.o)
 .bss           0x00000000        0x0 d:/colleage/colleage programs/atmel/setup/7.0/toolchain/avr8/avr8-gnu-toolchain/bin/../lib/gcc/avr/5.4.0/avr5\libgcc.a(_clear_bss.o)
 .text.libgcc.mul
                0x00000000        0x0 d:/colleage/colleage programs/atmel/setup/7.0/toolchain/avr8/avr8-gnu-toolchain/bin/../lib/gcc/avr/5.4.0/avr5\libgcc.a(_clear_bss.o)
 .text.libgcc.div
                0x00000000        0x0 d:/colleage/colleage programs/atmel/setup/7.0/toolchain/avr8/avr8-gnu-toolchain/bin/../lib/gcc/avr/5.4.0/avr5\libgcc.a(_clear_bss.o)
 .text.libgcc   0x00000000        0x0 d:/colleage/colleage programs/atmel/setup/7.0/toolchain/avr8/avr8-gnu-toolchain/bin/../lib/gcc/avr/5.4.0/avr5\libgcc.a(_clear_bss.o)
 .text.libgcc.prologue
                0x00000000        0x0 d:/colleage/colleage programs/atmel/setup/7.0/toolchain/avr8/avr8-gnu-toolchain/bin/../lib/gcc/avr/5.4.0/avr5\libgcc.a(_clear_bss.o)
 .text.libgcc.builtins
                0x00000000        0x0 d:/colleage/colleage programs/atmel/setup/7.0/toolchain/avr8/avr8-gnu-toolchain/bin/../lib/gcc/avr/5.4.0/avr5\libgcc.a(_clear_bss.o)
 .text.libgcc.fmul
                0x00000000        0x0 d:/colleage/colleage programs/atmel/setup/7.0/toolchain/avr8/avr8-gnu-toolchain/bin/../lib/gcc/avr/5.4.0/avr5\libgcc.a(_clear_bss.o)
 .text.libgcc.fixed
                0x00000000        0x0 d:/colleage/colleage programs/atmel/setup/7.0/toolchain/avr8/avr8-gnu-toolchain/bin/../lib/gcc/avr/5.4.0/avr5\libgcc.a(_clear_bss.o)
 .text          0x00000000        0x0 d:/colleage/colleage programs/atmel/setup/7.0/toolchain/avr8/avr8-gnu-toolchain/bin/../lib/gcc/avr/5.4.0/../../../../avr/lib/avr5\libc.a(itoa_ncheck.o)
 .data          0x00000000        0x0 d:/colleage/colleage programs/atmel/setup/7.0/toolchain/avr8/avr8-gnu-toolchain/bin/../lib/gcc/avr/5.4.0/../../../../avr/lib/avr5\libc.a(itoa_ncheck.o)
 .bss           0x00000000        0x0 d:/colleage/colleage programs/atmel/setup/7.0/toolchain/avr8/avr8-gnu-toolchain/bin/../lib/gcc/avr/5.4.0/../../../../avr/lib/avr5\libc.a(itoa_ncheck.o)
 .text          0x00000000        0x0 d:/colleage/colleage programs/atmel/setup/7.0/toolchain/avr8/avr8-gnu-toolchain/bin/../lib/gcc/avr/5.4.0/../../../../avr/lib/avr5\libc.a(utoa_ncheck.o)
 .data          0x00000000        0x0 d:/colleage/colleage programs/atmel/setup/7.0/toolchain/avr8/avr8-gnu-toolchain/bin/../lib/gcc/avr/5.4.0/../../../../avr/lib/avr5\libc.a(utoa_ncheck.o)
 .bss           0x00000000        0x0 d:/colleage/colleage programs/atmel/setup/7.0/toolchain/avr8/avr8-gnu-toolchain/bin/../lib/gcc/avr/5.4.0/../../../../avr/lib/avr5\libc.a(utoa_ncheck.o)
 .text          0x00000000        0x0 d:/colleage/colleage programs/atmel/setup/7.0/toolchain/avr8/avr8-gnu-toolchain/bin/../lib/gcc/avr/5.4.0/../../../../avr/lib/avr5\libc.a(strrev.o)
 .data          0x00000000        0x0 d:/colleage/colleage programs/atmel/setup/7.0/toolchain/avr8/avr8-gnu-toolchain/bin/../lib/gcc/avr/5.4.0/../../../../avr/lib/avr5\libc.a(strrev.o)
 .bss           0x00000000        0x0 d:/colleage/colleage programs/atmel/setup/7.0/toolchain/avr8/avr8-gnu-toolchain/bin/../lib/gcc/avr/5.4.0/../../../../avr/lib/avr5\libc.a(strrev.o)

Memory Configuration

Name             Origin             Length             Attributes
text             0x00000000         0x00020000         xr
data             0x00800060         0x0000ffa0         rw !x
eeprom           0x00810000         0x00010000         rw !x
fuse             0x00820000         0x00000002         rw !x
lock             0x00830000         0x00000400         rw !x
signature        0x00840000         0x00000400         rw !x
user_signatures  0x00850000         0x00000400         rw !x
*default*        0x00000000         0xffffffff

Linker script and memory map

LOAD D:/Colleage/colleage programs/Atmel/setup/7.0/Packs/atmel/ATmega_DFP/1.2.209/gcc/dev/atmega32/avr5/crtatmega32.o
LOAD APP/main.o
LOAD HAL/EPROM_Driver/EPROM_prog.o
LOAD HAL/KEYPAD_Driver/KPD_prog.o
LOAD HAL/LCD_Driver/LCD_prog.o
LOAD HAL/Servo_Driver/Servo_Program.o
LOAD MCAL/ADC_Driver/ADC_prog.o
LOAD MCAL/DIO_Driver/DIO_prog.o
LOAD MCAL/EXTI_Driver/EXTI_prog.o
LOAD MCAL/GIE_Driver/GIE_prog.o
LOAD MCAL/SPI_Driver/SPI_prog.o
LOAD MCAL/TIMER_Driver/TIMER_Prog.o
LOAD MCAL/TWI_Driver/TWI_prog.o
LOAD MCAL/USART_Driver/USART_prog.o
LOAD MCAL/WDT_Driver/WTD_prog.o
START GROUP
LOAD d:/colleage/colleage programs/atmel/setup/7.0/toolchain/avr8/avr8-gnu-toolchain/bin/../lib/gcc/avr/5.4.0/../../../../avr/lib/avr5\libm.a
END GROUP
START GROUP
LOAD d:/colleage/colleage programs/atmel/setup/7.0/toolchain/avr8/avr8-gnu-toolchain/bin/../lib/gcc/avr/5.4.0/avr5\libgcc.a
LOAD d:/colleage/colleage programs/atmel/setup/7.0/toolchain/avr8/avr8-gnu-toolchain/bin/../lib/gcc/avr/5.4.0/../../../../avr/lib/avr5\libm.a
LOAD d:/colleage/colleage programs/atmel/setup/7.0/toolchain/avr8/avr8-gnu-toolchain/bin/../lib/gcc/avr/5.4.0/../../../../avr/lib/avr5\libc.a
LOAD D:/Colleage/colleage programs/Atmel/setup/7.0/Packs/atmel/ATmega_DFP/1.2.209/gcc/dev/atmega32/avr5\libatmega32.a
END GROUP
                0x00020000                __TEXT_REGION_LENGTH__ = DEFINED (__TEXT_REGION_LENGTH__)?__TEXT_REGION_LENGTH__:0x20000
                0x0000ffa0                __DATA_REGION_LENGTH__ = DEFINED (__DATA_REGION_LENGTH__)?__DATA_REGION_LENGTH__:0xffa0
                0x00010000                __EEPROM_REGION_LENGTH__ = DEFINED (__EEPROM_REGION_LENGTH__)?__EEPROM_REGION_LENGTH__:0x10000
                [0x00000002]                __FUSE_REGION_LENGTH__ = DEFINED (__FUSE_REGION_LENGTH__)?__FUSE_REGION_LENGTH__:0x400
                0x00000400                __LOCK_REGION_LENGTH__ = DEFINED (__LOCK_REGION_LENGTH__)?__LOCK_REGION_LENGTH__:0x400
                0x00000400                __SIGNATURE_REGION_LENGTH__ = DEFINED (__SIGNATURE_REGION_LENGTH__)?__SIGNATURE_REGION_LENGTH__:0x400
                0x00000400                __USER_SIGNATURE_REGION_LENGTH__ = DEFINED (__USER_SIGNATURE_REGION_LENGTH__)?__USER_SIGNATURE_REGION_LENGTH__:0x400

.hash
 *(.hash)

.dynsym
 *(.dynsym)

.dynstr
 *(.dynstr)

.gnu.version
 *(.gnu.version)

.gnu.version_d
 *(.gnu.version_d)

.gnu.version_r
 *(.gnu.version_r)

.rel.init
 *(.rel.init)

.rela.init
 *(.rela.init)

.rel.text
 *(.rel.text)
 *(.rel.text.*)
 *(.rel.gnu.linkonce.t*)

.rela.text
 *(.rela.text)
 *(.rela.text.*)
 *(.rela.gnu.linkonce.t*)

.rel.fini
 *(.rel.fini)

.rela.fini
 *(.rela.fini)

.rel.rodata
 *(.rel.rodata)
 *(.rel.rodata.*)
 *(.rel.gnu.linkonce.r*)

.rela.rodata
 *(.rela.rodata)
 *(.rela.rodata.*)
 *(.rela.gnu.linkonce.r*)

.rel.data
 *(.rel.data)
 *(.rel.data.*)
 *(.rel.gnu.linkonce.d*)

.rela.data
 *(.rela.data)
 *(.rela.data.*)
 *(.rela.gnu.linkonce.d*)

.rel.ctors
 *(.rel.ctors)

.rela.ctors
 *(.rela.ctors)

.rel.dtors
 *(.rel.dtors)

.rela.dtors
 *(.rela.dtors)

.rel.got
 *(.rel.got)

.rela.got
 *(.rela.got)

.rel.bss
 *(.rel.bss)

.rela.bss
 *(.rela.bss)

.rel.plt
 *(.rel.plt)

.rela.plt
 *(.rela.plt)

.text           0x00000000     0x14a2
 *(.vectors)
 .vectors       0x00000000       0x54 D:/Colleage/colleage programs/Atmel/setup/7.0/Packs/atmel/ATmega_DFP/1.2.209/gcc/dev/atmega32/avr5/crtatmega32.o
                0x00000000                __vector_default
                0x00000000                __vectors
 *(.vectors)
 *(.progmem.gcc*)
                0x00000054                . = ALIGN (0x2)
                0x00000054                __trampolines_start = .
 *(.trampolines)
 .trampolines   0x00000054        0x0 linker stubs
 *(.trampolines*)
                0x00000054                __trampolines_end = .
 *libprintf_flt.a:*(.progmem.data)
 *libc.a:*(.progmem.data)
 *(.progmem*)
                0x00000054                . = ALIGN (0x2)
 *(.jumptables)
 *(.jumptables*)
 *(.lowtext)
 *(.lowtext*)
                0x00000054                __ctors_start = .
 *(.ctors)
                0x00000054                __ctors_end = .
                0x00000054                __dtors_start = .
 *(.dtors)
                0x00000054                __dtors_end = .
 SORT(*)(.ctors)
 SORT(*)(.dtors)
 *(.init0)
 .init0         0x00000054        0x0 D:/Colleage/colleage programs/Atmel/setup/7.0/Packs/atmel/ATmega_DFP/1.2.209/gcc/dev/atmega32/avr5/crtatmega32.o
                0x00000054                __init
 *(.init0)
 *(.init1)
 *(.init1)
 *(.init2)
 .init2         0x00000054        0xc D:/Colleage/colleage programs/Atmel/setup/7.0/Packs/atmel/ATmega_DFP/1.2.209/gcc/dev/atmega32/avr5/crtatmega32.o
 *(.init2)
 *(.init3)
 *(.init3)
 *(.init4)
 .init4         0x00000060       0x16 d:/colleage/colleage programs/atmel/setup/7.0/toolchain/avr8/avr8-gnu-toolchain/bin/../lib/gcc/avr/5.4.0/avr5\libgcc.a(_copy_data.o)
                0x00000060                __do_copy_data
 .init4         0x00000076       0x10 d:/colleage/colleage programs/atmel/setup/7.0/toolchain/avr8/avr8-gnu-toolchain/bin/../lib/gcc/avr/5.4.0/avr5\libgcc.a(_clear_bss.o)
                0x00000076                __do_clear_bss
 *(.init4)
 *(.init5)
 *(.init5)
 *(.init6)
 *(.init6)
 *(.init7)
 *(.init7)
 *(.init8)
 *(.init8)
 *(.init9)
 .init9         0x00000086        0x8 D:/Colleage/colleage programs/Atmel/setup/7.0/Packs/atmel/ATmega_DFP/1.2.209/gcc/dev/atmega32/avr5/crtatmega32.o
 *(.init9)
 *(.text)
 .text          0x0000008e        0x4 D:/Colleage/colleage programs/Atmel/setup/7.0/Packs/atmel/ATmega_DFP/1.2.209/gcc/dev/atmega32/avr5/crtatmega32.o
                0x0000008e                __vector_12
                0x0000008e                __bad_interrupt
                0x0000008e                __vector_17
                0x0000008e                __vector_19
                0x0000008e                __vector_5
                0x0000008e                __vector_4
                0x0000008e                __vector_9
                0x0000008e                __vector_15
                0x0000008e                __vector_8
                0x0000008e                __vector_14
                0x0000008e                __vector_16
                0x0000008e                __vector_18
                0x0000008e                __vector_20
                0x00000092                . = ALIGN (0x2)
 *(.text.*)
 .text.TempSensor
                0x00000092       0x7c APP/main.o
                0x00000092                TempSensor
 .text.void_SetEPROMLockerPass
                0x0000010e       0x12 APP/main.o
                0x0000010e                void_SetEPROMLockerPass
 .text.void_Locker
                0x00000120      0x1c0 APP/main.o
                0x00000120                void_Locker
 .text.void_GetEPROMLockerPass
                0x000002e0       0x56 APP/main.o
                0x000002e0                void_GetEPROMLockerPass
 .text.main     0x00000336       0xdc APP/main.o
                0x00000336                main
 .text.USART_voidProcessCommand
                0x00000412       0x24 APP/main.o
                0x00000412                USART_voidProcessCommand
 .text.USART_Start
                0x00000436      0x144 APP/main.o
                0x00000436                USART_Start
 .text.EEPROM_voidSendDataByte
                0x0000057a       0x30 HAL/EPROM_Driver/EPROM_prog.o
                0x0000057a                EEPROM_voidSendDataByte
 .text.EEPROM_voidReadDataByte
                0x000005aa       0x3e HAL/EPROM_Driver/EPROM_prog.o
                0x000005aa                EEPROM_voidReadDataByte
 .text.KPD_voidInit
                0x000005e8       0x8e HAL/KEYPAD_Driver/KPD_prog.o
                0x000005e8                KPD_voidInit
 .text.KPD_u8GetPressedKey
                0x00000676      0x116 HAL/KEYPAD_Driver/KPD_prog.o
                0x00000676                KPD_u8GetPressedKey
 .text.LCD_voidSendData
                0x0000078c       0x44 HAL/LCD_Driver/LCD_prog.o
                0x0000078c                LCD_voidSendData
 .text.LCD_voidSendCommand
                0x000007d0       0x44 HAL/LCD_Driver/LCD_prog.o
                0x000007d0                LCD_voidSendCommand
 .text.LCD_voidInit
                0x00000814       0x52 HAL/LCD_Driver/LCD_prog.o
                0x00000814                LCD_voidInit
 .text.LCD_voidClearDisplay
                0x00000866        0x8 HAL/LCD_Driver/LCD_prog.o
                0x00000866                LCD_voidClearDisplay
 .text.LCD_voidGoTOXY
                0x0000086e       0x12 HAL/LCD_Driver/LCD_prog.o
                0x0000086e                LCD_voidGoTOXY
 .text.LCD_voidSendString
                0x00000880       0x2c HAL/LCD_Driver/LCD_prog.o
                0x00000880                LCD_voidSendString
 .text.LCD_voidSendNumber
                0x000008ac       0x3e HAL/LCD_Driver/LCD_prog.o
                0x000008ac                LCD_voidSendNumber
 .text.Servo_voidInit
                0x000008ea       0x12 HAL/Servo_Driver/Servo_Program.o
                0x000008ea                Servo_voidInit
 .text.Servo_voidDegree
                0x000008fc       0x4a HAL/Servo_Driver/Servo_Program.o
                0x000008fc                Servo_voidDegree
 .text.ADC_voidInit
                0x00000946       0x10 MCAL/ADC_Driver/ADC_prog.o
                0x00000946                ADC_voidInit
 .text.ADC_u8StartConversion
                0x00000956       0x18 MCAL/ADC_Driver/ADC_prog.o
                0x00000956                ADC_u8StartConversion
 .text.DIO_voidSetPinDirection
                0x0000096e       0x5c MCAL/DIO_Driver/DIO_prog.o
                0x0000096e                DIO_voidSetPinDirection
 .text.DIO_voidSetPinValue
                0x000009ca       0x5c MCAL/DIO_Driver/DIO_prog.o
                0x000009ca                DIO_voidSetPinValue
 .text.DIO_voidSetPortDirection
                0x00000a26       0x20 MCAL/DIO_Driver/DIO_prog.o
                0x00000a26                DIO_voidSetPortDirection
 .text.DIO_voidSetPortValue
                0x00000a46       0x20 MCAL/DIO_Driver/DIO_prog.o
                0x00000a46                DIO_voidSetPortValue
 .text.DIO_u8GetPinValue
                0x00000a66       0x62 MCAL/DIO_Driver/DIO_prog.o
                0x00000a66                DIO_u8GetPinValue
 .text.__vector_1
                0x00000ac8       0x52 MCAL/EXTI_Driver/EXTI_prog.o
                0x00000ac8                __vector_1
 .text.__vector_2
                0x00000b1a       0x52 MCAL/EXTI_Driver/EXTI_prog.o
                0x00000b1a                __vector_2
 .text.__vector_3
                0x00000b6c       0x52 MCAL/EXTI_Driver/EXTI_prog.o
                0x00000b6c                __vector_3
 .text.GIE_voidEnableGlobalInt
                0x00000bbe        0x8 MCAL/GIE_Driver/GIE_prog.o
                0x00000bbe                GIE_voidEnableGlobalInt
 .text.TIMER_delay_ms
                0x00000bc6       0x3c MCAL/TIMER_Driver/TIMER_Prog.o
                0x00000bc6                TIMER_delay_ms
 .text.TIMER_voidTimer1Init
                0x00000c02       0xdc MCAL/TIMER_Driver/TIMER_Prog.o
                0x00000c02                TIMER_voidTimer1Init
 .text.TIMER_voidSetOverFlow
                0x00000cde        0x6 MCAL/TIMER_Driver/TIMER_Prog.o
                0x00000cde                TIMER_voidSetOverFlow
 .text.TIMER_voidTimer1ChannelASetCompareValue
                0x00000ce4        0x6 MCAL/TIMER_Driver/TIMER_Prog.o
                0x00000ce4                TIMER_voidTimer1ChannelASetCompareValue
 .text.TIMER_voidTimer1SetPreloadValue
                0x00000cea        0x6 MCAL/TIMER_Driver/TIMER_Prog.o
                0x00000cea                TIMER_voidTimer1SetPreloadValue
 .text.__vector_11
                0x00000cf0       0x52 MCAL/TIMER_Driver/TIMER_Prog.o
                0x00000cf0                __vector_11
 .text.__vector_10
                0x00000d42       0x52 MCAL/TIMER_Driver/TIMER_Prog.o
                0x00000d42                __vector_10
 .text.__vector_6
                0x00000d94       0x52 MCAL/TIMER_Driver/TIMER_Prog.o
                0x00000d94                __vector_6
 .text.__vector_7
                0x00000de6       0x52 MCAL/TIMER_Driver/TIMER_Prog.o
                0x00000de6                __vector_7
 .text.TWI_voidMasterInit
                0x00000e38       0x18 MCAL/TWI_Driver/TWI_prog.o
                0x00000e38                TWI_voidMasterInit
 .text.TWI_SendStartCondition
                0x00000e50       0x20 MCAL/TWI_Driver/TWI_prog.o
                0x00000e50                TWI_SendStartCondition
 .text.TWI_SendRepeatedStart
                0x00000e70       0x22 MCAL/TWI_Driver/TWI_prog.o
                0x00000e70                TWI_SendRepeatedStart
 .text.TWI_SendSlaveAddressWithWrite
                0x00000e92       0x20 MCAL/TWI_Driver/TWI_prog.o
                0x00000e92                TWI_SendSlaveAddressWithWrite
 .text.TWI_SendSlaveAddressWithRead
                0x00000eb2       0x20 MCAL/TWI_Driver/TWI_prog.o
                0x00000eb2                TWI_SendSlaveAddressWithRead
 .text.TWI_MasterWriteDataByte
                0x00000ed2       0x14 MCAL/TWI_Driver/TWI_prog.o
                0x00000ed2                TWI_MasterWriteDataByte
 .text.TWI_MasterReadDataByte
                0x00000ee6       0x28 MCAL/TWI_Driver/TWI_prog.o
                0x00000ee6                TWI_MasterReadDataByte
 .text.TWI_SendStopCondition
                0x00000f0e        0xe MCAL/TWI_Driver/TWI_prog.o
                0x00000f0e                TWI_SendStopCondition
 .text.USART_voidInit
                0x00000f1c       0x10 MCAL/USART_Driver/USART_prog.o
                0x00000f1c                USART_voidInit
 .text.USART_voidTransmitData
                0x00000f2c        0xa MCAL/USART_Driver/USART_prog.o
                0x00000f2c                USART_voidTransmitData
 .text.USART_u8ReceiverData
                0x00000f36        0x8 MCAL/USART_Driver/USART_prog.o
                0x00000f36                USART_u8ReceiverData
 .text.USART_u8TimeOUTReceiverData
                0x00000f3e       0x58 MCAL/USART_Driver/USART_prog.o
                0x00000f3e                USART_u8TimeOUTReceiverData
 .text.USART_voidTransmitString
                0x00000f96       0x2c MCAL/USART_Driver/USART_prog.o
                0x00000f96                USART_voidTransmitString
 .text.USART_voidCallBackFunction
                0x00000fc2        0xa MCAL/USART_Driver/USART_prog.o
                0x00000fc2                USART_voidCallBackFunction
 .text.USART_voidEnableRxINT
                0x00000fcc        0x4 MCAL/USART_Driver/USART_prog.o
                0x00000fcc                USART_voidEnableRxINT
 .text.__vector_13
                0x00000fd0       0x52 MCAL/USART_Driver/USART_prog.o
                0x00000fd0                __vector_13
 .text.avr-libc.fplib
                0x00001022        0xe d:/colleage/colleage programs/atmel/setup/7.0/toolchain/avr8/avr8-gnu-toolchain/bin/../lib/gcc/avr/5.4.0/../../../../avr/lib/avr5\libm.a(addsf3.o)
                0x00001022                __subsf3
                0x00001024                __addsf3
 .text.avr-libc.fplib
                0x00001030       0xcc d:/colleage/colleage programs/atmel/setup/7.0/toolchain/avr8/avr8-gnu-toolchain/bin/../lib/gcc/avr/5.4.0/../../../../avr/lib/avr5\libm.a(addsf3x.o)
                0x00001052                __addsf3x
 .text.avr-libc.fplib
                0x000010fc        0x8 d:/colleage/colleage programs/atmel/setup/7.0/toolchain/avr8/avr8-gnu-toolchain/bin/../lib/gcc/avr/5.4.0/../../../../avr/lib/avr5\libm.a(divsf3.o)
                0x000010fc                __divsf3
 .text.avr-libc.fplib
                0x00001104       0xdc d:/colleage/colleage programs/atmel/setup/7.0/toolchain/avr8/avr8-gnu-toolchain/bin/../lib/gcc/avr/5.4.0/../../../../avr/lib/avr5\libm.a(divsf3x.o)
                0x00001124                __divsf3x
                0x0000112a                __divsf3_pse
 .text.avr-libc.fplib
                0x000011e0       0x5e d:/colleage/colleage programs/atmel/setup/7.0/toolchain/avr8/avr8-gnu-toolchain/bin/../lib/gcc/avr/5.4.0/../../../../avr/lib/avr5\libm.a(fixunssfsi.o)
                0x000011e0                __fixunssfsi
 .text.avr-libc.fplib
                0x0000123e       0x7a d:/colleage/colleage programs/atmel/setup/7.0/toolchain/avr8/avr8-gnu-toolchain/bin/../lib/gcc/avr/5.4.0/../../../../avr/lib/avr5\libm.a(floatsisf.o)
                0x0000123e                __floatunsisf
                0x00001242                __floatsisf
 .text.avr-libc.fplib
                0x000012b8        0xc d:/colleage/colleage programs/atmel/setup/7.0/toolchain/avr8/avr8-gnu-toolchain/bin/../lib/gcc/avr/5.4.0/../../../../avr/lib/avr5\libm.a(fp_inf.o)
                0x000012b8                __fp_inf
 .text.avr-libc.fplib
                0x000012c4        0x6 d:/colleage/colleage programs/atmel/setup/7.0/toolchain/avr8/avr8-gnu-toolchain/bin/../lib/gcc/avr/5.4.0/../../../../avr/lib/avr5\libm.a(fp_nan.o)
                0x000012c4                __fp_nan
 .text.avr-libc.fplib
                0x000012ca        0xe d:/colleage/colleage programs/atmel/setup/7.0/toolchain/avr8/avr8-gnu-toolchain/bin/../lib/gcc/avr/5.4.0/../../../../avr/lib/avr5\libm.a(fp_pscA.o)
                0x000012ca                __fp_pscA
 .text.avr-libc.fplib
                0x000012d8        0xe d:/colleage/colleage programs/atmel/setup/7.0/toolchain/avr8/avr8-gnu-toolchain/bin/../lib/gcc/avr/5.4.0/../../../../avr/lib/avr5\libm.a(fp_pscB.o)
                0x000012d8                __fp_pscB
 .text.avr-libc.fplib
                0x000012e6       0x22 d:/colleage/colleage programs/atmel/setup/7.0/toolchain/avr8/avr8-gnu-toolchain/bin/../lib/gcc/avr/5.4.0/../../../../avr/lib/avr5\libm.a(fp_round.o)
                0x000012e6                __fp_round
 .text.avr-libc.fplib
                0x00001308       0x44 d:/colleage/colleage programs/atmel/setup/7.0/toolchain/avr8/avr8-gnu-toolchain/bin/../lib/gcc/avr/5.4.0/../../../../avr/lib/avr5\libm.a(fp_split3.o)
                0x00001308                __fp_split3
                0x00001318                __fp_splitA
 .text.avr-libc.fplib
                0x0000134c        0xe d:/colleage/colleage programs/atmel/setup/7.0/toolchain/avr8/avr8-gnu-toolchain/bin/../lib/gcc/avr/5.4.0/../../../../avr/lib/avr5\libm.a(fp_zero.o)
                0x0000134c                __fp_zero
                0x0000134e                __fp_szero
 .text.avr-libc.fplib
                0x0000135a        0x8 d:/colleage/colleage programs/atmel/setup/7.0/toolchain/avr8/avr8-gnu-toolchain/bin/../lib/gcc/avr/5.4.0/../../../../avr/lib/avr5\libm.a(mulsf3.o)
                0x0000135a                __mulsf3
 .text.avr-libc.fplib
                0x00001362       0xd2 d:/colleage/colleage programs/atmel/setup/7.0/toolchain/avr8/avr8-gnu-toolchain/bin/../lib/gcc/avr/5.4.0/../../../../avr/lib/avr5\libm.a(mulsf3x.o)
                0x00001380                __mulsf3x
                0x00001386                __mulsf3_pse
 .text.avr-libc
                0x00001434       0x16 d:/colleage/colleage programs/atmel/setup/7.0/toolchain/avr8/avr8-gnu-toolchain/bin/../lib/gcc/avr/5.4.0/../../../../avr/lib/avr5\libc.a(itoa_ncheck.o)
                0x00001434                __itoa_ncheck
 .text.avr-libc
                0x0000144a       0x34 d:/colleage/colleage programs/atmel/setup/7.0/toolchain/avr8/avr8-gnu-toolchain/bin/../lib/gcc/avr/5.4.0/../../../../avr/lib/avr5\libc.a(utoa_ncheck.o)
                0x0000144a                __utoa_ncheck
                0x0000144c                __utoa_common
 .text.avr-libc
                0x0000147e       0x20 d:/colleage/colleage programs/atmel/setup/7.0/toolchain/avr8/avr8-gnu-toolchain/bin/../lib/gcc/avr/5.4.0/../../../../avr/lib/avr5\libc.a(strrev.o)
                0x0000147e                strrev
                0x0000149e                . = ALIGN (0x2)
 *(.fini9)
 .fini9         0x0000149e        0x0 d:/colleage/colleage programs/atmel/setup/7.0/toolchain/avr8/avr8-gnu-toolchain/bin/../lib/gcc/avr/5.4.0/avr5\libgcc.a(_exit.o)
                0x0000149e                _exit
                0x0000149e                exit
 *(.fini9)
 *(.fini8)
 *(.fini8)
 *(.fini7)
 *(.fini7)
 *(.fini6)
 *(.fini6)
 *(.fini5)
 *(.fini5)
 *(.fini4)
 *(.fini4)
 *(.fini3)
 *(.fini3)
 *(.fini2)
 *(.fini2)
 *(.fini1)
 *(.fini1)
 *(.fini0)
 .fini0         0x0000149e        0x4 d:/colleage/colleage programs/atmel/setup/7.0/toolchain/avr8/avr8-gnu-toolchain/bin/../lib/gcc/avr/5.4.0/avr5\libgcc.a(_exit.o)
 *(.fini0)
                0x000014a2                _etext = .

.data           0x00800060      0x112 load address 0x000014a2
                0x00800060                PROVIDE (__data_start, .)
 *(.data)
 *(.data*)
 .data.Global_u16EPROMPassAddress
                0x00800060        0x2 APP/main.o
                0x00800060                Global_u16EPROMPassAddress
 *(.gnu.linkonce.d*)
 *(.rodata)
 .rodata        0x00800062        0xc HAL/KEYPAD_Driver/KPD_prog.o
 *(.rodata*)
 .rodata.str1.1
                0x0080006e      0x103 APP/main.o
 *(.gnu.linkonce.r*)
                0x00800172                . = ALIGN (0x2)
 *fill*         0x00800171        0x1 
                0x00800172                _edata = .
                0x00800172                PROVIDE (__data_end, .)

.bss            0x00800172       0x1a
                0x00800172                PROVIDE (__bss_start, .)
 *(.bss)
 *(.bss*)
 .bss.Local_u8DoorStatus.1765
                0x00800172        0x1 APP/main.o
 .bss.Local_u8DigitsCount.1767
                0x00800173        0x1 APP/main.o
 .bss.Local_u16DoorPassword.1766
                0x00800174        0x2 APP/main.o
 .bss.Ticks     0x00800176        0x2 HAL/Servo_Driver/Servo_Program.o
                0x00800176                Ticks
 .bss.Global_pvINT2NotifyFunc
                0x00800178        0x2 MCAL/EXTI_Driver/EXTI_prog.o
                0x00800178                Global_pvINT2NotifyFunc
 .bss.Global_pvINT1NotifyFunc
                0x0080017a        0x2 MCAL/EXTI_Driver/EXTI_prog.o
                0x0080017a                Global_pvINT1NotifyFunc
 .bss.Global_pvINT0NotifyFunc
                0x0080017c        0x2 MCAL/EXTI_Driver/EXTI_prog.o
                0x0080017c                Global_pvINT0NotifyFunc
 .bss.GLOBAL_TIMER1_COMPARE_MATCH_PTR
                0x0080017e        0x2 MCAL/TIMER_Driver/TIMER_Prog.o
                0x0080017e                GLOBAL_TIMER1_COMPARE_MATCH_PTR
 .bss.GLOBAL_ICU_ISR
                0x00800180        0x2 MCAL/TIMER_Driver/TIMER_Prog.o
                0x00800180                GLOBAL_ICU_ISR
 .bss.TIMER0_CTC_ISR_PTR
                0x00800182        0x2 MCAL/TIMER_Driver/TIMER_Prog.o
                0x00800182                TIMER0_CTC_ISR_PTR
 .bss.TIMER0_Normal_ISR_PTR
                0x00800184        0x2 MCAL/TIMER_Driver/TIMER_Prog.o
                0x00800184                TIMER0_Normal_ISR_PTR
 .bss.GLOBAL_PTR_CallBack
                0x00800186        0x2 MCAL/USART_Driver/USART_prog.o
                0x00800186                GLOBAL_PTR_CallBack
 *(COMMON)
 COMMON         0x00800188        0x4 APP/main.o
                0x00800188                Global_u8SavedDoorPassHighByte
                0x00800189                Global_u16EPROMDoorPass
                0x0080018b                Global_u8SavedDoorPassLowByte
                0x0080018c                PROVIDE (__bss_end, .)
                0x000014a2                __data_load_start = LOADADDR (.data)
                0x000015b4                __data_load_end = (__data_load_start + SIZEOF (.data))

.noinit         0x0080018c        0x0
                [!provide]                PROVIDE (__noinit_start, .)
 *(.noinit*)
                [!provide]                PROVIDE (__noinit_end, .)
                0x0080018c                _end = .
                [!provide]                PROVIDE (__heap_start, .)

.eeprom         0x00810000        0x0
 *(.eeprom*)
                0x00810000                __eeprom_end = .

.fuse
 *(.fuse)
 *(.lfuse)
 *(.hfuse)
 *(.efuse)

.lock
 *(.lock*)

.signature
 *(.signature*)

.user_signatures
 *(.user_signatures*)

.stab
 *(.stab)

.stabstr
 *(.stabstr)

.stab.excl
 *(.stab.excl)

.stab.exclstr
 *(.stab.exclstr)

.stab.index
 *(.stab.index)

.stab.indexstr
 *(.stab.indexstr)

.comment        0x00000000       0x30
 *(.comment)
 .comment       0x00000000       0x30 APP/main.o
                                 0x31 (size before relaxing)
 .comment       0x00000030       0x31 HAL/EPROM_Driver/EPROM_prog.o
 .comment       0x00000030       0x31 HAL/KEYPAD_Driver/KPD_prog.o
 .comment       0x00000030       0x31 HAL/LCD_Driver/LCD_prog.o
 .comment       0x00000030       0x31 HAL/Servo_Driver/Servo_Program.o
 .comment       0x00000030       0x31 MCAL/ADC_Driver/ADC_prog.o
 .comment       0x00000030       0x31 MCAL/DIO_Driver/DIO_prog.o
 .comment       0x00000030       0x31 MCAL/EXTI_Driver/EXTI_prog.o
 .comment       0x00000030       0x31 MCAL/GIE_Driver/GIE_prog.o
 .comment       0x00000030       0x31 MCAL/TIMER_Driver/TIMER_Prog.o
 .comment       0x00000030       0x31 MCAL/TWI_Driver/TWI_prog.o
 .comment       0x00000030       0x31 MCAL/USART_Driver/USART_prog.o

.note.gnu.avr.deviceinfo
                0x00000000       0x3c
 .note.gnu.avr.deviceinfo
                0x00000000       0x3c D:/Colleage/colleage programs/Atmel/setup/7.0/Packs/atmel/ATmega_DFP/1.2.209/gcc/dev/atmega32/avr5/crtatmega32.o

.note.gnu.build-id
 *(.note.gnu.build-id)

.debug
 *(.debug)

.line
 *(.line)

.debug_srcinfo
 *(.debug_srcinfo)

.debug_sfnames
 *(.debug_sfnames)

.debug_aranges  0x00000000      0x3a8
 *(.debug_aranges)
 .debug_aranges
                0x00000000       0x50 APP/main.o
 .debug_aranges
                0x00000050       0x28 HAL/EPROM_Driver/EPROM_prog.o
 .debug_aranges
                0x00000078       0x28 HAL/KEYPAD_Driver/KPD_prog.o
 .debug_aranges
                0x000000a0       0x60 HAL/LCD_Driver/LCD_prog.o
 .debug_aranges
                0x00000100       0x38 HAL/Servo_Driver/Servo_Program.o
 .debug_aranges
                0x00000138       0x28 MCAL/ADC_Driver/ADC_prog.o
 .debug_aranges
                0x00000160       0x48 MCAL/DIO_Driver/DIO_prog.o
 .debug_aranges
                0x000001a8       0x50 MCAL/EXTI_Driver/EXTI_prog.o
 .debug_aranges
                0x000001f8       0x28 MCAL/GIE_Driver/GIE_prog.o
 .debug_aranges
                0x00000220       0xc8 MCAL/TIMER_Driver/TIMER_Prog.o
 .debug_aranges
                0x000002e8       0x60 MCAL/TWI_Driver/TWI_prog.o
 .debug_aranges
                0x00000348       0x60 MCAL/USART_Driver/USART_prog.o

.debug_pubnames
 *(.debug_pubnames)

.debug_info     0x00000000     0x2e98
 *(.debug_info .gnu.linkonce.wi.*)
 .debug_info    0x00000000      0x4e6 D:/Colleage/colleage programs/Atmel/setup/7.0/Packs/atmel/ATmega_DFP/1.2.209/gcc/dev/atmega32/avr5/crtatmega32.o
 .debug_info    0x000004e6      0xaf9 APP/main.o
 .debug_info    0x00000fdf      0x230 HAL/EPROM_Driver/EPROM_prog.o
 .debug_info    0x0000120f      0x3a2 HAL/KEYPAD_Driver/KPD_prog.o
 .debug_info    0x000015b1      0x7f2 HAL/LCD_Driver/LCD_prog.o
 .debug_info    0x00001da3      0x192 HAL/Servo_Driver/Servo_Program.o
 .debug_info    0x00001f35       0xda MCAL/ADC_Driver/ADC_prog.o
 .debug_info    0x0000200f      0x238 MCAL/DIO_Driver/DIO_prog.o
 .debug_info    0x00002247      0x207 MCAL/EXTI_Driver/EXTI_prog.o
 .debug_info    0x0000244e       0x99 MCAL/GIE_Driver/GIE_prog.o
 .debug_info    0x000024e7      0x4d1 MCAL/TIMER_Driver/TIMER_Prog.o
 .debug_info    0x000029b8      0x29c MCAL/TWI_Driver/TWI_prog.o
 .debug_info    0x00002c54      0x244 MCAL/USART_Driver/USART_prog.o

.debug_abbrev   0x00000000     0x10f7
 *(.debug_abbrev)
 .debug_abbrev  0x00000000      0x4a3 D:/Colleage/colleage programs/Atmel/setup/7.0/Packs/atmel/ATmega_DFP/1.2.209/gcc/dev/atmega32/avr5/crtatmega32.o
 .debug_abbrev  0x000004a3      0x1d5 APP/main.o
 .debug_abbrev  0x00000678       0xa5 HAL/EPROM_Driver/EPROM_prog.o
 .debug_abbrev  0x0000071d       0xe7 HAL/KEYPAD_Driver/KPD_prog.o
 .debug_abbrev  0x00000804      0x22e HAL/LCD_Driver/LCD_prog.o
 .debug_abbrev  0x00000a32       0xea HAL/Servo_Driver/Servo_Program.o
 .debug_abbrev  0x00000b1c       0x87 MCAL/ADC_Driver/ADC_prog.o
 .debug_abbrev  0x00000ba3       0xd3 MCAL/DIO_Driver/DIO_prog.o
 .debug_abbrev  0x00000c76       0xc6 MCAL/EXTI_Driver/EXTI_prog.o
 .debug_abbrev  0x00000d3c       0x51 MCAL/GIE_Driver/GIE_prog.o
 .debug_abbrev  0x00000d8d      0x142 MCAL/TIMER_Driver/TIMER_Prog.o
 .debug_abbrev  0x00000ecf       0xd3 MCAL/TWI_Driver/TWI_prog.o
 .debug_abbrev  0x00000fa2      0x155 MCAL/USART_Driver/USART_prog.o

.debug_line     0x00000000     0x1f58
 *(.debug_line .debug_line.* .debug_line_end)
 .debug_line    0x00000000      0x115 D:/Colleage/colleage programs/Atmel/setup/7.0/Packs/atmel/ATmega_DFP/1.2.209/gcc/dev/atmega32/avr5/crtatmega32.o
 .debug_line    0x00000115      0x654 APP/main.o
 .debug_line    0x00000769      0x138 HAL/EPROM_Driver/EPROM_prog.o
 .debug_line    0x000008a1      0x183 HAL/KEYPAD_Driver/KPD_prog.o
 .debug_line    0x00000a24      0x36a HAL/LCD_Driver/LCD_prog.o
 .debug_line    0x00000d8e      0x113 HAL/Servo_Driver/Servo_Program.o
 .debug_line    0x00000ea1      0x147 MCAL/ADC_Driver/ADC_prog.o
 .debug_line    0x00000fe8      0x283 MCAL/DIO_Driver/DIO_prog.o
 .debug_line    0x0000126b      0x22c MCAL/EXTI_Driver/EXTI_prog.o
 .debug_line    0x00001497       0xcf MCAL/GIE_Driver/GIE_prog.o
 .debug_line    0x00001566      0x4b4 MCAL/TIMER_Driver/TIMER_Prog.o
 .debug_line    0x00001a1a      0x2c7 MCAL/TWI_Driver/TWI_prog.o
 .debug_line    0x00001ce1      0x277 MCAL/USART_Driver/USART_prog.o

.debug_frame    0x00000000      0x958
 *(.debug_frame)
 .debug_frame   0x00000000       0xcc APP/main.o
 .debug_frame   0x000000cc       0x58 HAL/EPROM_Driver/EPROM_prog.o
 .debug_frame   0x00000124       0x8c HAL/KEYPAD_Driver/KPD_prog.o
 .debug_frame   0x000001b0       0xdc HAL/LCD_Driver/LCD_prog.o
 .debug_frame   0x0000028c       0x54 HAL/Servo_Driver/Servo_Program.o
 .debug_frame   0x000002e0       0x34 MCAL/ADC_Driver/ADC_prog.o
 .debug_frame   0x00000314       0x74 MCAL/DIO_Driver/DIO_prog.o
 .debug_frame   0x00000388      0x15c MCAL/EXTI_Driver/EXTI_prog.o
 .debug_frame   0x000004e4       0x34 MCAL/GIE_Driver/GIE_prog.o
 .debug_frame   0x00000518      0x2a0 MCAL/TIMER_Driver/TIMER_Prog.o
 .debug_frame   0x000007b8       0xa4 MCAL/TWI_Driver/TWI_prog.o
 .debug_frame   0x0000085c       0xfc MCAL/USART_Driver/USART_prog.o

.debug_str      0x00000000     0x12cd
 *(.debug_str)
 .debug_str     0x00000000      0x196 D:/Colleage/colleage programs/Atmel/setup/7.0/Packs/atmel/ATmega_DFP/1.2.209/gcc/dev/atmega32/avr5/crtatmega32.o
 .debug_str     0x00000196      0x5bf APP/main.o
                                0x5ed (size before relaxing)
 .debug_str     0x00000755       0xf6 HAL/EPROM_Driver/EPROM_prog.o
                                0x2a3 (size before relaxing)
 .debug_str     0x0000084b       0xdb HAL/KEYPAD_Driver/KPD_prog.o
                                0x2b3 (size before relaxing)
 .debug_str     0x00000926      0x196 HAL/LCD_Driver/LCD_prog.o
                                0x3ee (size before relaxing)
 .debug_str     0x00000abc       0xa7 HAL/Servo_Driver/Servo_Program.o
                                0x242 (size before relaxing)
 .debug_str     0x00000b63       0x3b MCAL/ADC_Driver/ADC_prog.o
                                0x205 (size before relaxing)
 .debug_str     0x00000b9e       0xb4 MCAL/DIO_Driver/DIO_prog.o
                                0x2e2 (size before relaxing)
 .debug_str     0x00000c52      0x155 MCAL/EXTI_Driver/EXTI_prog.o
                                0x304 (size before relaxing)
 .debug_str     0x00000da7       0x37 MCAL/GIE_Driver/GIE_prog.o
                                0x1c8 (size before relaxing)
 .debug_str     0x00000dde      0x330 MCAL/TIMER_Driver/TIMER_Prog.o
                                0x561 (size before relaxing)
 .debug_str     0x0000110e      0x10d MCAL/TWI_Driver/TWI_prog.o
                                0x38c (size before relaxing)
 .debug_str     0x0000121b       0xb2 MCAL/USART_Driver/USART_prog.o
                                0x340 (size before relaxing)

.debug_loc      0x00000000     0x1a48
 *(.debug_loc)
 .debug_loc     0x00000000      0x3f7 APP/main.o
 .debug_loc     0x000003f7      0x179 HAL/EPROM_Driver/EPROM_prog.o
 .debug_loc     0x00000570      0x1c2 HAL/KEYPAD_Driver/KPD_prog.o
 .debug_loc     0x00000732      0x44a HAL/LCD_Driver/LCD_prog.o
 .debug_loc     0x00000b7c       0x13 HAL/Servo_Driver/Servo_Program.o
 .debug_loc     0x00000b8f       0x21 MCAL/ADC_Driver/ADC_prog.o
 .debug_loc     0x00000bb0      0x1e7 MCAL/DIO_Driver/DIO_prog.o
 .debug_loc     0x00000d97      0x3d7 MCAL/EXTI_Driver/EXTI_prog.o
 .debug_loc     0x0000116e      0x588 MCAL/TIMER_Driver/TIMER_Prog.o
 .debug_loc     0x000016f6      0x1be MCAL/TWI_Driver/TWI_prog.o
 .debug_loc     0x000018b4      0x194 MCAL/USART_Driver/USART_prog.o

.debug_macinfo
 *(.debug_macinfo)

.debug_weaknames
 *(.debug_weaknames)

.debug_funcnames
 *(.debug_funcnames)

.debug_typenames
 *(.debug_typenames)

.debug_varnames
 *(.debug_varnames)

.debug_pubtypes
 *(.debug_pubtypes)

.debug_ranges   0x00000000      0x2e8
 *(.debug_ranges)
 .debug_ranges  0x00000000       0x40 APP/main.o
 .debug_ranges  0x00000040       0x18 HAL/EPROM_Driver/EPROM_prog.o
 .debug_ranges  0x00000058       0x18 HAL/KEYPAD_Driver/KPD_prog.o
 .debug_ranges  0x00000070       0x50 HAL/LCD_Driver/LCD_prog.o
 .debug_ranges  0x000000c0       0x28 HAL/Servo_Driver/Servo_Program.o
 .debug_ranges  0x000000e8       0x18 MCAL/ADC_Driver/ADC_prog.o
 .debug_ranges  0x00000100       0x38 MCAL/DIO_Driver/DIO_prog.o
 .debug_ranges  0x00000138       0x40 MCAL/EXTI_Driver/EXTI_prog.o
 .debug_ranges  0x00000178       0x18 MCAL/GIE_Driver/GIE_prog.o
 .debug_ranges  0x00000190       0xb8 MCAL/TIMER_Driver/TIMER_Prog.o
 .debug_ranges  0x00000248       0x50 MCAL/TWI_Driver/TWI_prog.o
 .debug_ranges  0x00000298       0x50 MCAL/USART_Driver/USART_prog.o

.debug_macro
 *(.debug_macro)
OUTPUT(ITI_Final_Project.elf elf32-avr)
LOAD linker stubs
