Archive member included to satisfy reference by file (symbol)

d:/colleage/colleage programs/atmel/setup/7.0/toolchain/avr8/avr8-gnu-toolchain/bin/../lib/gcc/avr/5.4.0/../../../../avr/lib/avr5\libm.a(addsf3.o)
                              HAL/Servo_Driver/Servo_Program.o (__addsf3)
d:/colleage/colleage programs/atmel/setup/7.0/toolchain/avr8/avr8-gnu-toolchain/bin/../lib/gcc/avr/5.4.0/../../../../avr/lib/avr5\libm.a(addsf3x.o)
                              d:/colleage/colleage programs/atmel/setup/7.0/toolchain/avr8/avr8-gnu-toolchain/bin/../lib/gcc/avr/5.4.0/../../../../avr/lib/avr5\libm.a(addsf3.o) (__addsf3x)
d:/colleage/colleage programs/atmel/setup/7.0/toolchain/avr8/avr8-gnu-toolchain/bin/../lib/gcc/avr/5.4.0/../../../../avr/lib/avr5\libm.a(divsf3.o)
                              APP/main.o (__divsf3)
d:/colleage/colleage programs/atmel/setup/7.0/toolchain/avr8/avr8-gnu-toolchain/bin/../lib/gcc/avr/5.4.0/../../../../avr/lib/avr5\libm.a(divsf3x.o)
                              d:/colleage/colleage programs/atmel/setup/7.0/toolchain/avr8/avr8-gnu-toolchain/bin/../lib/gcc/avr/5.4.0/../../../../avr/lib/avr5\libm.a(divsf3.o) (__divsf3x)
d:/colleage/colleage programs/atmel/setup/7.0/toolchain/avr8/avr8-gnu-toolchain/bin/../lib/gcc/avr/5.4.0/../../../../avr/lib/avr5\libm.a(fixunssfsi.o)
                              APP/main.o (__fixunssfsi)
d:/colleage/colleage programs/atmel/setup/7.0/toolchain/avr8/avr8-gnu-toolchain/bin/../lib/gcc/avr/5.4.0/../../../../avr/lib/avr5\libm.a(floatsisf.o)
                              APP/main.o (__floatsisf)
d:/colleage/colleage programs/atmel/setup/7.0/toolchain/avr8/avr8-gnu-toolchain/bin/../lib/gcc/avr/5.4.0/../../../../avr/lib/avr5\libm.a(fp_inf.o)
                              d:/colleage/colleage programs/atmel/setup/7.0/toolchain/avr8/avr8-gnu-toolchain/bin/../lib/gcc/avr/5.4.0/../../../../avr/lib/avr5\libm.a(addsf3x.o) (__fp_inf)
d:/colleage/colleage programs/atmel/setup/7.0/toolchain/avr8/avr8-gnu-toolchain/bin/../lib/gcc/avr/5.4.0/../../../../avr/lib/avr5\libm.a(fp_nan.o)
                              d:/colleage/colleage programs/atmel/setup/7.0/toolchain/avr8/avr8-gnu-toolchain/bin/../lib/gcc/avr/5.4.0/../../../../avr/lib/avr5\libm.a(addsf3x.o) (__fp_nan)
d:/colleage/colleage programs/atmel/setup/7.0/toolchain/avr8/avr8-gnu-toolchain/bin/../lib/gcc/avr/5.4.0/../../../../avr/lib/avr5\libm.a(fp_pscA.o)
                              d:/colleage/colleage programs/atmel/setup/7.0/toolchain/avr8/avr8-gnu-toolchain/bin/../lib/gcc/avr/5.4.0/../../../../avr/lib/avr5\libm.a(addsf3x.o) (__fp_pscA)
d:/colleage/colleage programs/atmel/setup/7.0/toolchain/avr8/avr8-gnu-toolchain/bin/../lib/gcc/avr/5.4.0/../../../../avr/lib/avr5\libm.a(fp_pscB.o)
                              d:/colleage/colleage programs/atmel/setup/7.0/toolchain/avr8/avr8-gnu-toolchain/bin/../lib/gcc/avr/5.4.0/../../../../avr/lib/avr5\libm.a(addsf3x.o) (__fp_pscB)
d:/colleage/colleage programs/atmel/setup/7.0/toolchain/avr8/avr8-gnu-toolchain/bin/../lib/gcc/avr/5.4.0/../../../../avr/lib/avr5\libm.a(fp_round.o)
                              d:/colleage/colleage programs/atmel/setup/7.0/toolchain/avr8/avr8-gnu-toolchain/bin/../lib/gcc/avr/5.4.0/../../../../avr/lib/avr5\libm.a(addsf3.o) (__fp_round)
d:/colleage/colleage programs/atmel/setup/7.0/toolchain/avr8/avr8-gnu-toolchain/bin/../lib/gcc/avr/5.4.0/../../../../avr/lib/avr5\libm.a(fp_split3.o)
                              d:/colleage/colleage programs/atmel/setup/7.0/toolchain/avr8/avr8-gnu-toolchain/bin/../lib/gcc/avr/5.4.0/../../../../avr/lib/avr5\libm.a(addsf3x.o) (__fp_split3)
d:/colleage/colleage programs/atmel/setup/7.0/toolchain/avr8/avr8-gnu-toolchain/bin/../lib/gcc/avr/5.4.0/../../../../avr/lib/avr5\libm.a(fp_zero.o)
                              d:/colleage/colleage programs/atmel/setup/7.0/toolchain/avr8/avr8-gnu-toolchain/bin/../lib/gcc/avr/5.4.0/../../../../avr/lib/avr5\libm.a(addsf3x.o) (__fp_zero)
d:/colleage/colleage programs/atmel/setup/7.0/toolchain/avr8/avr8-gnu-toolchain/bin/../lib/gcc/avr/5.4.0/../../../../avr/lib/avr5\libm.a(mulsf3.o)
                              HAL/Servo_Driver/Servo_Program.o (__mulsf3)
d:/colleage/colleage programs/atmel/setup/7.0/toolchain/avr8/avr8-gnu-toolchain/bin/../lib/gcc/avr/5.4.0/../../../../avr/lib/avr5\libm.a(mulsf3x.o)
                              d:/colleage/colleage programs/atmel/setup/7.0/toolchain/avr8/avr8-gnu-toolchain/bin/../lib/gcc/avr/5.4.0/../../../../avr/lib/avr5\libm.a(mulsf3.o) (__mulsf3x)
d:/colleage/colleage programs/atmel/setup/7.0/toolchain/avr8/avr8-gnu-toolchain/bin/../lib/gcc/avr/5.4.0/avr5\libgcc.a(_exit.o)
                              D:/Colleage/colleage programs/Atmel/setup/7.0/Packs/atmel/ATmega_DFP/1.2.209/gcc/dev/atmega32/avr5/crtatmega32.o (exit)
d:/colleage/colleage programs/atmel/setup/7.0/toolchain/avr8/avr8-gnu-toolchain/bin/../lib/gcc/avr/5.4.0/avr5\libgcc.a(_copy_data.o)
                              APP/main.o (__do_copy_data)
d:/colleage/colleage programs/atmel/setup/7.0/toolchain/avr8/avr8-gnu-toolchain/bin/../lib/gcc/avr/5.4.0/avr5\libgcc.a(_clear_bss.o)
                              APP/main.o (__do_clear_bss)
d:/colleage/colleage programs/atmel/setup/7.0/toolchain/avr8/avr8-gnu-toolchain/bin/../lib/gcc/avr/5.4.0/../../../../avr/lib/avr5\libc.a(itoa_ncheck.o)
                              HAL/LCD_Driver/LCD_prog.o (__itoa_ncheck)
d:/colleage/colleage programs/atmel/setup/7.0/toolchain/avr8/avr8-gnu-toolchain/bin/../lib/gcc/avr/5.4.0/../../../../avr/lib/avr5\libc.a(utoa_ncheck.o)
                              d:/colleage/colleage programs/atmel/setup/7.0/toolchain/avr8/avr8-gnu-toolchain/bin/../lib/gcc/avr/5.4.0/../../../../avr/lib/avr5\libc.a(itoa_ncheck.o) (__utoa_common)
d:/colleage/colleage programs/atmel/setup/7.0/toolchain/avr8/avr8-gnu-toolchain/bin/../lib/gcc/avr/5.4.0/../../../../avr/lib/avr5\libc.a(strrev.o)
                              d:/colleage/colleage programs/atmel/setup/7.0/toolchain/avr8/avr8-gnu-toolchain/bin/../lib/gcc/avr/5.4.0/../../../../avr/lib/avr5\libc.a(utoa_ncheck.o) (strrev)

Allocating common symbols
Common symbol       size              file

Global_u8SavedDoorPassHighByte
                    0x1               APP/main.o
Global_u16EPROMDoorPass
                    0x2               APP/main.o
Global_u8SavedDoorPassLowByte
                    0x1               APP/main.o

Discarded input sections

 .data          0x00000000        0x0 D:/Colleage/colleage programs/Atmel/setup/7.0/Packs/atmel/ATmega_DFP/1.2.209/gcc/dev/atmega32/avr5/crtatmega32.o
 .bss           0x00000000        0x0 D:/Colleage/colleage programs/Atmel/setup/7.0/Packs/atmel/ATmega_DFP/1.2.209/gcc/dev/atmega32/avr5/crtatmega32.o
 .text          0x00000000        0x0 APP/main.o
 .data          0x00000000        0x0 APP/main.o
 .bss           0x00000000        0x0 APP/main.o
 .text          0x00000000        0x0 HAL/EPROM_Driver/EPROM_prog.o
 .data          0x00000000        0x0 HAL/EPROM_Driver/EPROM_prog.o
 .bss           0x00000000        0x0 HAL/EPROM_Driver/EPROM_prog.o
 .text          0x00000000        0x0 HAL/KEYPAD_Driver/KPD_prog.o
 .data          0x00000000        0x0 HAL/KEYPAD_Driver/KPD_prog.o
 .bss           0x00000000        0x0 HAL/KEYPAD_Driver/KPD_prog.o
 .text          0x00000000        0x0 HAL/LCD_Driver/LCD_prog.o
 .data          0x00000000        0x0 HAL/LCD_Driver/LCD_prog.o
 .bss           0x00000000        0x0 HAL/LCD_Driver/LCD_prog.o
 .text.LCD_u8ReadAC
                0x00000000       0x56 HAL/LCD_Driver/LCD_prog.o
 .text.LCD_voidShiftDisplay
                0x00000000       0x34 HAL/LCD_Driver/LCD_prog.o
 .bss.Local_u8AddressCounter.1956
                0x00000000        0x1 HAL/LCD_Driver/LCD_prog.o
 .text          0x00000000        0x0 HAL/Servo_Driver/Servo_Program.o
 .data          0x00000000        0x0 HAL/Servo_Driver/Servo_Program.o
 .bss           0x00000000        0x0 HAL/Servo_Driver/Servo_Program.o
 .text.Servo_voidReset
                0x00000000        0xa HAL/Servo_Driver/Servo_Program.o
 .text.Servo_u16GetTicks
                0x00000000        0xa HAL/Servo_Driver/Servo_Program.o
 .text          0x00000000        0x0 MCAL/ADC_Driver/ADC_prog.o
 .data          0x00000000        0x0 MCAL/ADC_Driver/ADC_prog.o
 .bss           0x00000000        0x0 MCAL/ADC_Driver/ADC_prog.o
 .text          0x00000000        0x0 MCAL/DIO_Driver/DIO_prog.o
 .data          0x00000000        0x0 MCAL/DIO_Driver/DIO_prog.o
 .bss           0x00000000        0x0 MCAL/DIO_Driver/DIO_prog.o
 .text.DIO_u8GetPortValue
                0x00000000       0x22 MCAL/DIO_Driver/DIO_prog.o
 .text          0x00000000        0x0 MCAL/EXTI_Driver/EXTI_prog.o
 .data          0x00000000        0x0 MCAL/EXTI_Driver/EXTI_prog.o
 .bss           0x00000000        0x0 MCAL/EXTI_Driver/EXTI_prog.o
 .text.EXTI_voidInit
                0x00000000      0x110 MCAL/EXTI_Driver/EXTI_prog.o
 .text.EXTI_voidSetCallBackINT0
                0x00000000        0xa MCAL/EXTI_Driver/EXTI_prog.o
 .text.EXTI_voidSetCallBackINT1
                0x00000000        0xa MCAL/EXTI_Driver/EXTI_prog.o
 .text.EXTI_voidSetCallBackINT2
                0x00000000        0xa MCAL/EXTI_Driver/EXTI_prog.o
 .text          0x00000000        0x0 MCAL/GIE_Driver/GIE_prog.o
 .data          0x00000000        0x0 MCAL/GIE_Driver/GIE_prog.o
 .bss           0x00000000        0x0 MCAL/GIE_Driver/GIE_prog.o
 .text.GIE_voidDisableGlobalInt
                0x00000000        0x8 MCAL/GIE_Driver/GIE_prog.o
 .text          0x00000000        0x0 MCAL/SPI_Driver/SPI_prog.o
 .data          0x00000000        0x0 MCAL/SPI_Driver/SPI_prog.o
 .bss           0x00000000        0x0 MCAL/SPI_Driver/SPI_prog.o
 .text.SPI_voidMasterInit
                0x00000000       0x3e MCAL/SPI_Driver/SPI_prog.o
 .text.SPI_voidSlaveInit
                0x00000000       0x2e MCAL/SPI_Driver/SPI_prog.o
 .text.SPI_u8Transceiver
                0x00000000        0xa MCAL/SPI_Driver/SPI_prog.o
 .debug_info    0x00000000      0x215 MCAL/SPI_Driver/SPI_prog.o
 .debug_abbrev  0x00000000       0xc1 MCAL/SPI_Driver/SPI_prog.o
 .debug_loc     0x00000000       0x1f MCAL/SPI_Driver/SPI_prog.o
 .debug_aranges
                0x00000000       0x30 MCAL/SPI_Driver/SPI_prog.o
 .debug_ranges  0x00000000       0x20 MCAL/SPI_Driver/SPI_prog.o
 .debug_line    0x00000000      0x1bd MCAL/SPI_Driver/SPI_prog.o
 .debug_str     0x00000000      0x23c MCAL/SPI_Driver/SPI_prog.o
 .comment       0x00000000       0x31 MCAL/SPI_Driver/SPI_prog.o
 .debug_frame   0x00000000       0x44 MCAL/SPI_Driver/SPI_prog.o
 .text          0x00000000        0x0 MCAL/TIMER_Driver/TIMER_Prog.o
 .data          0x00000000        0x0 MCAL/TIMER_Driver/TIMER_Prog.o
 .bss           0x00000000        0x0 MCAL/TIMER_Driver/TIMER_Prog.o
 .text.TIMER_Timer0Init
                0x00000000       0xac MCAL/TIMER_Driver/TIMER_Prog.o
 .text.TIMER_Timer0RegValue
                0x00000000       0x16 MCAL/TIMER_Driver/TIMER_Prog.o
 .text.TIMER_voidTimer0ISR_Normal
                0x00000000        0xa MCAL/TIMER_Driver/TIMER_Prog.o
 .text.TIMER_voidTimer0ISR_CTC
                0x00000000        0xa MCAL/TIMER_Driver/TIMER_Prog.o
 .text.TIMER_voidTimer2FastPWM
                0x00000000       0x2c MCAL/TIMER_Driver/TIMER_Prog.o
 .text.TIMER_voidTimer2FastPWMCompareValue
                0x00000000        0x4 MCAL/TIMER_Driver/TIMER_Prog.o
 .text.TIMER_voidTimer1ChannelBSetCompareValue
                0x00000000        0x6 MCAL/TIMER_Driver/TIMER_Prog.o
 .text.TIMER_voidTimer1SetPreloadValue
                0x00000000        0x6 MCAL/TIMER_Driver/TIMER_Prog.o
 .text.Timer_u16Timer1GetTimerValue
                0x00000000        0x6 MCAL/TIMER_Driver/TIMER_Prog.o
 .text.TIMER_voidTimer1CompareMatchACallBackFunction
                0x00000000        0xa MCAL/TIMER_Driver/TIMER_Prog.o
 .text.ICU_voidSetSenseControl
                0x00000000       0x1a MCAL/TIMER_Driver/TIMER_Prog.o
 .text.ICU_voidInterruptControl
                0x00000000       0x1a MCAL/TIMER_Driver/TIMER_Prog.o
 .text.ICU_voidSetCallBackFunction
                0x00000000        0xa MCAL/TIMER_Driver/TIMER_Prog.o
 .text.ICU_u16ReadInputCapture
                0x00000000        0x6 MCAL/TIMER_Driver/TIMER_Prog.o
 .bss.Mode_flag
                0x00000000        0x1 MCAL/TIMER_Driver/TIMER_Prog.o
 .text          0x00000000        0x0 MCAL/TWI_Driver/TWI_prog.o
 .data          0x00000000        0x0 MCAL/TWI_Driver/TWI_prog.o
 .bss           0x00000000        0x0 MCAL/TWI_Driver/TWI_prog.o
 .text.TWI_voidSlaveInit
                0x00000000        0xc MCAL/TWI_Driver/TWI_prog.o
 .text          0x00000000        0x0 MCAL/USART_Driver/USART_prog.o
 .data          0x00000000        0x0 MCAL/USART_Driver/USART_prog.o
 .bss           0x00000000        0x0 MCAL/USART_Driver/USART_prog.o
 .text.USART_voidDisableRxINT
                0x00000000        0x4 MCAL/USART_Driver/USART_prog.o
 .text          0x00000000        0x0 MCAL/WDT_Driver/WTD_prog.o
 .data          0x00000000        0x0 MCAL/WDT_Driver/WTD_prog.o
 .bss           0x00000000        0x0 MCAL/WDT_Driver/WTD_prog.o
 .text.WDT_voidInit
                0x00000000       0x1a MCAL/WDT_Driver/WTD_prog.o
 .text.WDT_voidDisable
                0x00000000        0xa MCAL/WDT_Driver/WTD_prog.o
 .text.WDT_voidReset
                0x00000000        0x4 MCAL/WDT_Driver/WTD_prog.o
 .debug_info    0x00000000       0xaf MCAL/WDT_Driver/WTD_prog.o
 .debug_abbrev  0x00000000       0x51 MCAL/WDT_Driver/WTD_prog.o
 .debug_aranges
                0x00000000       0x30 MCAL/WDT_Driver/WTD_prog.o
 .debug_ranges  0x00000000       0x20 MCAL/WDT_Driver/WTD_prog.o
 .debug_line    0x00000000       0xfd MCAL/WDT_Driver/WTD_prog.o
 .debug_str     0x00000000      0x1c2 MCAL/WDT_Driver/WTD_prog.o
 .comment       0x00000000       0x31 MCAL/WDT_Driver/WTD_prog.o
 .debug_frame   0x00000000       0x44 MCAL/WDT_Driver/WTD_prog.o
 .text          0x00000000        0x0 d:/colleage/colleage programs/atmel/setup/7.0/toolchain/avr8/avr8-gnu-toolchain/bin/../lib/gcc/avr/5.4.0/../../../../avr/lib/avr5\libm.a(addsf3.o)
 .data          0x00000000        0x0 d:/colleage/colleage programs/atmel/setup/7.0/toolchain/avr8/avr8-gnu-toolchain/bin/../lib/gcc/avr/5.4.0/../../../../avr/lib/avr5\libm.a(addsf3.o)
 .bss           0x00000000        0x0 d:/colleage/colleage programs/atmel/setup/7.0/toolchain/avr8/avr8-gnu-toolchain/bin/../lib/gcc/avr/5.4.0/../../../../avr/lib/avr5\libm.a(addsf3.o)
 .text          0x00000000        0x0 d:/colleage/colleage programs/atmel/setup/7.0/toolchain/avr8/avr8-gnu-toolchain/bin/../lib/gcc/avr/5.4.0/../../../../avr/lib/avr5\libm.a(addsf3x.o)
 .data          0x00000000        0x0 d:/colleage/colleage programs/atmel/setup/7.0/toolchain/avr8/avr8-gnu-toolchain/bin/../lib/gcc/avr/5.4.0/../../../../avr/lib/avr5\libm.a(addsf3x.o)
 .bss           0x00000000        0x0 d:/colleage/colleage programs/atmel/setup/7.0/toolchain/avr8/avr8-gnu-toolchain/bin/../lib/gcc/avr/5.4.0/../../../../avr/lib/avr5\libm.a(addsf3x.o)
 .text          0x00000000        0x0 d:/colleage/colleage programs/atmel/setup/7.0/toolchain/avr8/avr8-gnu-toolchain/bin/../lib/gcc/avr/5.4.0/../../../../avr/lib/avr5\libm.a(divsf3.o)
 .data          0x00000000        0x0 d:/colleage/colleage programs/atmel/setup/7.0/toolchain/avr8/avr8-gnu-toolchain/bin/../lib/gcc/avr/5.4.0/../../../../avr/lib/avr5\libm.a(divsf3.o)
 .bss           0x00000000        0x0 d:/colleage/colleage programs/atmel/setup/7.0/toolchain/avr8/avr8-gnu-toolchain/bin/../lib/gcc/avr/5.4.0/../../../../avr/lib/avr5\libm.a(divsf3.o)
 .text          0x00000000        0x0 d:/colleage/colleage programs/atmel/setup/7.0/toolchain/avr8/avr8-gnu-toolchain/bin/../lib/gcc/avr/5.4.0/../../../../avr/lib/avr5\libm.a(divsf3x.o)
 .data          0x00000000        0x0 d:/colleage/colleage programs/atmel/setup/7.0/toolchain/avr8/avr8-gnu-toolchain/bin/../lib/gcc/avr/5.4.0/../../../../avr/lib/avr5\libm.a(divsf3x.o)
 .bss           0x00000000        0x0 d:/colleage/colleage programs/atmel/setup/7.0/toolchain/avr8/avr8-gnu-toolchain/bin/../lib/gcc/avr/5.4.0/../../../../avr/lib/avr5\libm.a(divsf3x.o)
 .text          0x00000000        0x0 d:/colleage/colleage programs/atmel/setup/7.0/toolchain/avr8/avr8-gnu-toolchain/bin/../lib/gcc/avr/5.4.0/../../../../avr/lib/avr5\libm.a(fixunssfsi.o)
 .data          0x00000000        0x0 d:/colleage/colleage programs/atmel/setup/7.0/toolchain/avr8/avr8-gnu-toolchain/bin/../lib/gcc/avr/5.4.0/../../../../avr/lib/avr5\libm.a(fixunssfsi.o)
 .bss           0x00000000        0x0 d:/colleage/colleage programs/atmel/setup/7.0/toolchain/avr8/avr8-gnu-toolchain/bin/../lib/gcc/avr/5.4.0/../../../../avr/lib/avr5\libm.a(fixunssfsi.o)
 .text          0x00000000        0x0 d:/colleage/colleage programs/atmel/setup/7.0/toolchain/avr8/avr8-gnu-toolchain/bin/../lib/gcc/avr/5.4.0/../../../../avr/lib/avr5\libm.a(floatsisf.o)
 .data          0x00000000        0x0 d:/colleage/colleage programs/atmel/setup/7.0/toolchain/avr8/avr8-gnu-toolchain/bin/../lib/gcc/avr/5.4.0/../../../../avr/lib/avr5\libm.a(floatsisf.o)
 .bss           0x00000000        0x0 d:/colleage/colleage programs/atmel/setup/7.0/toolchain/avr8/avr8-gnu-toolchain/bin/../lib/gcc/avr/5.4.0/../../../../avr/lib/avr5\libm.a(floatsisf.o)
 .text          0x00000000        0x0 d:/colleage/colleage programs/atmel/setup/7.0/toolchain/avr8/avr8-gnu-toolchain/bin/../lib/gcc/avr/5.4.0/../../../../avr/lib/avr5\libm.a(fp_inf.o)
 .data          0x00000000        0x0 d:/colleage/colleage programs/atmel/setup/7.0/toolchain/avr8/avr8-gnu-toolchain/bin/../lib/gcc/avr/5.4.0/../../../../avr/lib/avr5\libm.a(fp_inf.o)
 .bss           0x00000000        0x0 d:/colleage/colleage programs/atmel/setup/7.0/toolchain/avr8/avr8-gnu-toolchain/bin/../lib/gcc/avr/5.4.0/../../../../avr/lib/avr5\libm.a(fp_inf.o)
 .text          0x00000000        0x0 d:/colleage/colleage programs/atmel/setup/7.0/toolchain/avr8/avr8-gnu-toolchain/bin/../lib/gcc/avr/5.4.0/../../../../avr/lib/avr5\libm.a(fp_nan.o)
 .data          0x00000000        0x0 d:/colleage/colleage programs/atmel/setup/7.0/toolchain/avr8/avr8-gnu-toolchain/bin/../lib/gcc/avr/5.4.0/../../../../avr/lib/avr5\libm.a(fp_nan.o)
 .bss           0x00000000        0x0 d:/colleage/colleage programs/atmel/setup/7.0/toolchain/avr8/avr8-gnu-toolchain/bin/../lib/gcc/avr/5.4.0/../../../../avr/lib/avr5\libm.a(fp_nan.o)
 .text          0x00000000        0x0 d:/colleage/colleage programs/atmel/setup/7.0/toolchain/avr8/avr8-gnu-toolchain/bin/../lib/gcc/avr/5.4.0/../../../../avr/lib/avr5\libm.a(fp_pscA.o)
 .data          0x00000000        0x0 d:/colleage/colleage programs/atmel/setup/7.0/toolchain/avr8/avr8-gnu-toolchain/bin/../lib/gcc/avr/5.4.0/../../../../avr/lib/avr5\libm.a(fp_pscA.o)
 .bss           0x00000000        0x0 d:/colleage/colleage programs/atmel/setup/7.0/toolchain/avr8/avr8-gnu-toolchain/bin/../lib/gcc/avr/5.4.0/../../../../avr/lib/avr5\libm.a(fp_pscA.o)
 .text          0x00000000        0x0 d:/colleage/colleage programs/atmel/setup/7.0/toolchain/avr8/avr8-gnu-toolchain/bin/../lib/gcc/avr/5.4.0/../../../../avr/lib/avr5\libm.a(fp_pscB.o)
 .data          0x00000000        0x0 d:/colleage/colleage programs/atmel/setup/7.0/toolchain/avr8/avr8-gnu-toolchain/bin/../lib/gcc/avr/5.4.0/../../../../avr/lib/avr5\libm.a(fp_pscB.o)
 .bss           0x00000000        0x0 d:/colleage/colleage programs/atmel/setup/7.0/toolchain/avr8/avr8-gnu-toolchain/bin/../lib/gcc/avr/5.4.0/../../../../avr/lib/avr5\libm.a(fp_pscB.o)
 .text          0x00000000        0x0 d:/colleage/colleage programs/atmel/setup/7.0/toolchain/avr8/avr8-gnu-toolchain/bin/../lib/gcc/avr/5.4.0/../../../../avr/lib/avr5\libm.a(fp_round.o)
 .data          0x00000000        0x0 d:/colleage/colleage programs/atmel/setup/7.0/toolchain/avr8/avr8-gnu-toolchain/bin/../lib/gcc/avr/5.4.0/../../../../avr/lib/avr5\libm.a(fp_round.o)
 .bss           0x00000000        0x0 d:/colleage/colleage programs/atmel/setup/7.0/toolchain/avr8/avr8-gnu-toolchain/bin/../lib/gcc/avr/5.4.0/../../../../avr/lib/avr5\libm.a(fp_round.o)
 .text          0x00000000        0x0 d:/colleage/colleage programs/atmel/setup/7.0/toolchain/avr8/avr8-gnu-toolchain/bin/../lib/gcc/avr/5.4.0/../../../../avr/lib/avr5\libm.a(fp_split3.o)
 .data          0x00000000        0x0 d:/colleage/colleage programs/atmel/setup/7.0/toolchain/avr8/avr8-gnu-toolchain/bin/../lib/gcc/avr/5.4.0/../../../../avr/lib/avr5\libm.a(fp_split3.o)
 .bss           0x00000000        0x0 d:/colleage/colleage programs/atmel/setup/7.0/toolchain/avr8/avr8-gnu-toolchain/bin/../lib/gcc/avr/5.4.0/../../../../avr/lib/avr5\libm.a(fp_split3.o)
 .text          0x00000000        0x0 d:/colleage/colleage programs/atmel/setup/7.0/toolchain/avr8/avr8-gnu-toolchain/bin/../lib/gcc/avr/5.4.0/../../../../avr/lib/avr5\libm.a(fp_zero.o)
 .data          0x00000000        0x0 d:/colleage/colleage programs/atmel/setup/7.0/toolchain/avr8/avr8-gnu-toolchain/bin/../lib/gcc/avr/5.4.0/../../../../avr/lib/avr5\libm.a(fp_zero.o)
 .bss           0x00000000        0x0 d:/colleage/colleage programs/atmel/setup/7.0/toolchain/avr8/avr8-gnu-toolchain/bin/../lib/gcc/avr/5.4.0/../../../../avr/lib/avr5\libm.a(fp_zero.o)
 .text          0x00000000        0x0 d:/colleage/colleage programs/atmel/setup/7.0/toolchain/avr8/avr8-gnu-toolchain/bin/../lib/gcc/avr/5.4.0/../../../../avr/lib/avr5\libm.a(mulsf3.o)
 .data          0x00000000        0x0 d:/colleage/colleage programs/atmel/setup/7.0/toolchain/avr8/avr8-gnu-toolchain/bin/../lib/gcc/avr/5.4.0/../../../../avr/lib/avr5\libm.a(mulsf3.o)
 .bss           0x00000000        0x0 d:/colleage/colleage programs/atmel/setup/7.0/toolchain/avr8/avr8-gnu-toolchain/bin/../lib/gcc/avr/5.4.0/../../../../avr/lib/avr5\libm.a(mulsf3.o)
 .text          0x00000000        0x0 d:/colleage/colleage programs/atmel/setup/7.0/toolchain/avr8/avr8-gnu-toolchain/bin/../lib/gcc/avr/5.4.0/../../../../avr/lib/avr5\libm.a(mulsf3x.o)
 .data          0x00000000        0x0 d:/colleage/colleage programs/atmel/setup/7.0/toolchain/avr8/avr8-gnu-toolchain/bin/../lib/gcc/avr/5.4.0/../../../../avr/lib/avr5\libm.a(mulsf3x.o)
 .bss           0x00000000        0x0 d:/colleage/colleage programs/atmel/setup/7.0/toolchain/avr8/avr8-gnu-toolchain/bin/../lib/gcc/avr/5.4.0/../../../../avr/lib/avr5\libm.a(mulsf3x.o)
 .text          0x00000000        0x0 d:/colleage/colleage programs/atmel/setup/7.0/toolchain/avr8/avr8-gnu-toolchain/bin/../lib/gcc/avr/5.4.0/avr5\libgcc.a(_exit.o)
 .data          0x00000000        0x0 d:/colleage/colleage programs/atmel/setup/7.0/toolchain/avr8/avr8-gnu-toolchain/bin/../lib/gcc/avr/5.4.0/avr5\libgcc.a(_exit.o)
 .bss           0x00000000        0x0 d:/colleage/colleage programs/atmel/setup/7.0/toolchain/avr8/avr8-gnu-toolchain/bin/../lib/gcc/avr/5.4.0/avr5\libgcc.a(_exit.o)
 .text.libgcc.mul
                0x00000000        0x0 d:/colleage/colleage programs/atmel/setup/7.0/toolchain/avr8/avr8-gnu-toolchain/bin/../lib/gcc/avr/5.4.0/avr5\libgcc.a(_exit.o)
 .text.libgcc.div
                0x00000000        0x0 d:/colleage/colleage programs/atmel/setup/7.0/toolchain/avr8/avr8-gnu-toolchain/bin/../lib/gcc/avr/5.4.0/avr5\libgcc.a(_exit.o)
 .text.libgcc   0x00000000        0x0 d:/colleage/colleage programs/atmel/setup/7.0/toolchain/avr8/avr8-gnu-toolchain/bin/../lib/gcc/avr/5.4.0/avr5\libgcc.a(_exit.o)
 .text.libgcc.prologue
                0x00000000        0x0 d:/colleage/colleage programs/atmel/setup/7.0/toolchain/avr8/avr8-gnu-toolchain/bin/../lib/gcc/avr/5.4.0/avr5\libgcc.a(_exit.o)
 .text.libgcc.builtins
                0x00000000        0x0 d:/colleage/colleage programs/atmel/setup/7.0/toolchain/avr8/avr8-gnu-toolchain/bin/../lib/gcc/avr/5.4.0/avr5\libgcc.a(_exit.o)
 .text.libgcc.fmul
                0x00000000        0x0 d:/colleage/colleage programs/atmel/setup/7.0/toolchain/avr8/avr8-gnu-toolchain/bin/../lib/gcc/avr/5.4.0/avr5\libgcc.a(_exit.o)
 .text.libgcc.fixed
                0x00000000        0x0 d:/colleage/colleage programs/atmel/setup/7.0/toolchain/avr8/avr8-gnu-toolchain/bin/../lib/gcc/avr/5.4.0/avr5\libgcc.a(_exit.o)
 .text          0x00000000        0x0 d:/colleage/colleage programs/atmel/setup/7.0/toolchain/avr8/avr8-gnu-toolchain/bin/../lib/gcc/avr/5.4.0/avr5\libgcc.a(_copy_data.o)
 .data          0x00000000        0x0 d:/colleage/colleage programs/atmel/setup/7.0/toolchain/avr8/avr8-gnu-toolchain/bin/../lib/gcc/avr/5.4.0/avr5\libgcc.a(_copy_data.o)
 .bss           0x00000000        0x0 d:/colleage/colleage programs/atmel/setup/7.0/toolchain/avr8/avr8-gnu-toolchain/bin/../lib/gcc/avr/5.4.0/avr5\libgcc.a(_copy_data.o)
 .text.libgcc.mul
                0x00000000        0x0 d:/colleage/colleage programs/atmel/setup/7.0/toolchain/avr8/avr8-gnu-toolchain/bin/../lib/gcc/avr/5.4.0/avr5\libgcc.a(_copy_data.o)
 .text.libgcc.div
                0x00000000        0x0 d:/colleage/colleage programs/atmel/setup/7.0/toolchain/avr8/avr8-gnu-toolchain/bin/../lib/gcc/avr/5.4.0/avr5\libgcc.a(_copy_data.o)
 .text.libgcc   0x00000000        0x0 d:/colleage/colleage programs/atmel/setup/7.0/toolchain/avr8/avr8-gnu-toolchain/bin/../lib/gcc/avr/5.4.0/avr5\libgcc.a(_copy_data.o)
 .text.libgcc.prologue
                0x00000000        0x0 d:/colleage/colleage programs/atmel/setup/7.0/toolchain/avr8/avr8-gnu-toolchain/bin/../lib/gcc/avr/5.4.0/avr5\libgcc.a(_copy_data.o)
 .text.libgcc.builtins
                0x00000000        0x0 d:/colleage/colleage programs/atmel/setup/7.0/toolchain/avr8/avr8-gnu-toolchain/bin/../lib/gcc/avr/5.4.0/avr5\libgcc.a(_copy_data.o)
 .text.libgcc.fmul
                0x00000000        0x0 d:/colleage/colleage programs/atmel/setup/7.0/toolchain/avr8/avr8-gnu-toolchain/bin/../lib/gcc/avr/5.4.0/avr5\libgcc.a(_copy_data.o)
 .text.libgcc.fixed
                0x00000000        0x0 d:/colleage/colleage programs/atmel/setup/7.0/toolchain/avr8/avr8-gnu-toolchain/bin/../lib/gcc/avr/5.4.0/avr5\libgcc.a(_copy_data.o)
 .text          0x00000000        0x0 d:/colleage/colleage programs/atmel/setup/7.0/toolchain/avr8/avr8-gnu-toolchain/bin/../lib/gcc/avr/5.4.0/avr5\libgcc.a(_clear_bss.o)
 .data          0x00000000        0x0 d:/colleage/colleage programs/atmel/setup/7.0/toolchain/avr8/avr8-gnu-toolchain/bin/../lib/gcc/avr/5.4.0/avr5\libgcc.a(_clear_bss.o)
 .bss           0x00000000        0x0 d:/colleage/colleage programs/atmel/setup/7.0/toolchain/avr8/avr8-gnu-toolchain/bin/../lib/gcc/avr/5.4.0/avr5\libgcc.a(_clear_bss.o)
 .text.libgcc.mul
                0x00000000        0x0 d:/colleage/colleage programs/atmel/setup/7.0/toolchain/avr8/avr8-gnu-toolchain/bin/../lib/gcc/avr/5.4.0/avr5\libgcc.a(_clear_bss.o)
 .text.libgcc.div
                0x00000000        0x0 d:/colleage/colleage programs/atmel/setup/7.0/toolchain/avr8/avr8-gnu-toolchain/bin/../lib/gcc/avr/5.4.0/avr5\libgcc.a(_clear_bss.o)
 .text.libgcc   0x00000000        0x0 d:/colleage/colleage programs/atmel/setup/7.0/toolchain/avr8/avr8-gnu-toolchain/bin/../lib/gcc/avr/5.4.0/avr5\libgcc.a(_clear_bss.o)
 .text.libgcc.prologue
                0x00000000        0x0 d:/colleage/colleage programs/atmel/setup/7.0/toolchain/avr8/avr8-gnu-toolchain/bin/../lib/gcc/avr/5.4.0/avr5\libgcc.a(_clear_bss.o)
 .text.libgcc.builtins
                0x00000000        0x0 d:/colleage/colleage programs/atmel/setup/7.0/toolchain/avr8/avr8-gnu-toolchain/bin/../lib/gcc/avr/5.4.0/avr5\libgcc.a(_clear_bss.o)
 .text.libgcc.fmul
                0x00000000        0x0 d:/colleage/colleage programs/atmel/setup/7.0/toolchain/avr8/avr8-gnu-toolchain/bin/../lib/gcc/avr/5.4.0/avr5\libgcc.a(_clear_bss.o)
 .text.libgcc.fixed
                0x00000000        0x0 d:/colleage/colleage programs/atmel/setup/7.0/toolchain/avr8/avr8-gnu-toolchain/bin/../lib/gcc/avr/5.4.0/avr5\libgcc.a(_clear_bss.o)
 .text          0x00000000        0x0 d:/colleage/colleage programs/atmel/setup/7.0/toolchain/avr8/avr8-gnu-toolchain/bin/../lib/gcc/avr/5.4.0/../../../../avr/lib/avr5\libc.a(itoa_ncheck.o)
 .data          0x00000000        0x0 d:/colleage/colleage programs/atmel/setup/7.0/toolchain/avr8/avr8-gnu-toolchain/bin/../lib/gcc/avr/5.4.0/../../../../avr/lib/avr5\libc.a(itoa_ncheck.o)
 .bss           0x00000000        0x0 d:/colleage/colleage programs/atmel/setup/7.0/toolchain/avr8/avr8-gnu-toolchain/bin/../lib/gcc/avr/5.4.0/../../../../avr/lib/avr5\libc.a(itoa_ncheck.o)
 .text          0x00000000        0x0 d:/colleage/colleage programs/atmel/setup/7.0/toolchain/avr8/avr8-gnu-toolchain/bin/../lib/gcc/avr/5.4.0/../../../../avr/lib/avr5\libc.a(utoa_ncheck.o)
 .data          0x00000000        0x0 d:/colleage/colleage programs/atmel/setup/7.0/toolchain/avr8/avr8-gnu-toolchain/bin/../lib/gcc/avr/5.4.0/../../../../avr/lib/avr5\libc.a(utoa_ncheck.o)
 .bss           0x00000000        0x0 d:/colleage/colleage programs/atmel/setup/7.0/toolchain/avr8/avr8-gnu-toolchain/bin/../lib/gcc/avr/5.4.0/../../../../avr/lib/avr5\libc.a(utoa_ncheck.o)
 .text          0x00000000        0x0 d:/colleage/colleage programs/atmel/setup/7.0/toolchain/avr8/avr8-gnu-toolchain/bin/../lib/gcc/avr/5.4.0/../../../../avr/lib/avr5\libc.a(strrev.o)
 .data          0x00000000        0x0 d:/colleage/colleage programs/atmel/setup/7.0/toolchain/avr8/avr8-gnu-toolchain/bin/../lib/gcc/avr/5.4.0/../../../../avr/lib/avr5\libc.a(strrev.o)
 .bss           0x00000000        0x0 d:/colleage/colleage programs/atmel/setup/7.0/toolchain/avr8/avr8-gnu-toolchain/bin/../lib/gcc/avr/5.4.0/../../../../avr/lib/avr5\libc.a(strrev.o)

Memory Configuration

Name             Origin             Length             Attributes
text             0x00000000         0x00020000         xr
data             0x00800060         0x0000ffa0         rw !x
eeprom           0x00810000         0x00010000         rw !x
fuse             0x00820000         0x00000002         rw !x
lock             0x00830000         0x00000400         rw !x
signature        0x00840000         0x00000400         rw !x
user_signatures  0x00850000         0x00000400         rw !x
*default*        0x00000000         0xffffffff

Linker script and memory map

LOAD D:/Colleage/colleage programs/Atmel/setup/7.0/Packs/atmel/ATmega_DFP/1.2.209/gcc/dev/atmega32/avr5/crtatmega32.o
LOAD APP/main.o
LOAD HAL/EPROM_Driver/EPROM_prog.o
LOAD HAL/KEYPAD_Driver/KPD_prog.o
LOAD HAL/LCD_Driver/LCD_prog.o
LOAD HAL/Servo_Driver/Servo_Program.o
LOAD MCAL/ADC_Driver/ADC_prog.o
LOAD MCAL/DIO_Driver/DIO_prog.o
LOAD MCAL/EXTI_Driver/EXTI_prog.o
LOAD MCAL/GIE_Driver/GIE_prog.o
LOAD MCAL/SPI_Driver/SPI_prog.o
LOAD MCAL/TIMER_Driver/TIMER_Prog.o
LOAD MCAL/TWI_Driver/TWI_prog.o
LOAD MCAL/USART_Driver/USART_prog.o
LOAD MCAL/WDT_Driver/WTD_prog.o
START GROUP
LOAD d:/colleage/colleage programs/atmel/setup/7.0/toolchain/avr8/avr8-gnu-toolchain/bin/../lib/gcc/avr/5.4.0/../../../../avr/lib/avr5\libm.a
END GROUP
START GROUP
LOAD d:/colleage/colleage programs/atmel/setup/7.0/toolchain/avr8/avr8-gnu-toolchain/bin/../lib/gcc/avr/5.4.0/avr5\libgcc.a
LOAD d:/colleage/colleage programs/atmel/setup/7.0/toolchain/avr8/avr8-gnu-toolchain/bin/../lib/gcc/avr/5.4.0/../../../../avr/lib/avr5\libm.a
LOAD d:/colleage/colleage programs/atmel/setup/7.0/toolchain/avr8/avr8-gnu-toolchain/bin/../lib/gcc/avr/5.4.0/../../../../avr/lib/avr5\libc.a
LOAD D:/Colleage/colleage programs/Atmel/setup/7.0/Packs/atmel/ATmega_DFP/1.2.209/gcc/dev/atmega32/avr5\libatmega32.a
END GROUP
                0x00020000                __TEXT_REGION_LENGTH__ = DEFINED (__TEXT_REGION_LENGTH__)?__TEXT_REGION_LENGTH__:0x20000
                0x0000ffa0                __DATA_REGION_LENGTH__ = DEFINED (__DATA_REGION_LENGTH__)?__DATA_REGION_LENGTH__:0xffa0
                0x00010000                __EEPROM_REGION_LENGTH__ = DEFINED (__EEPROM_REGION_LENGTH__)?__EEPROM_REGION_LENGTH__:0x10000
                [0x00000002]                __FUSE_REGION_LENGTH__ = DEFINED (__FUSE_REGION_LENGTH__)?__FUSE_REGION_LENGTH__:0x400
                0x00000400                __LOCK_REGION_LENGTH__ = DEFINED (__LOCK_REGION_LENGTH__)?__LOCK_REGION_LENGTH__:0x400
                0x00000400                __SIGNATURE_REGION_LENGTH__ = DEFINED (__SIGNATURE_REGION_LENGTH__)?__SIGNATURE_REGION_LENGTH__:0x400
                0x00000400                __USER_SIGNATURE_REGION_LENGTH__ = DEFINED (__USER_SIGNATURE_REGION_LENGTH__)?__USER_SIGNATURE_REGION_LENGTH__:0x400

.hash
 *(.hash)

.dynsym
 *(.dynsym)

.dynstr
 *(.dynstr)

.gnu.version
 *(.gnu.version)

.gnu.version_d
 *(.gnu.version_d)

.gnu.version_r
 *(.gnu.version_r)

.rel.init
 *(.rel.init)

.rela.init
 *(.rela.init)

.rel.text
 *(.rel.text)
 *(.rel.text.*)
 *(.rel.gnu.linkonce.t*)

.rela.text
 *(.rela.text)
 *(.rela.text.*)
 *(.rela.gnu.linkonce.t*)

.rel.fini
 *(.rel.fini)

.rela.fini
 *(.rela.fini)

.rel.rodata
 *(.rel.rodata)
 *(.rel.rodata.*)
 *(.rel.gnu.linkonce.r*)

.rela.rodata
 *(.rela.rodata)
 *(.rela.rodata.*)
 *(.rela.gnu.linkonce.r*)

.rel.data
 *(.rel.data)
 *(.rel.data.*)
 *(.rel.gnu.linkonce.d*)

.rela.data
 *(.rela.data)
 *(.rela.data.*)
 *(.rela.gnu.linkonce.d*)

.rel.ctors
 *(.rel.ctors)

.rela.ctors
 *(.rela.ctors)

.rel.dtors
 *(.rel.dtors)

.rela.dtors
 *(.rela.dtors)

.rel.got
 *(.rel.got)

.rela.got
 *(.rela.got)

.rel.bss
 *(.rel.bss)

.rela.bss
 *(.rela.bss)

.rel.plt
 *(.rel.plt)

.rela.plt
 *(.rela.plt)

.text           0x00000000     0x1572
 *(.vectors)
 .vectors       0x00000000       0x54 D:/Colleage/colleage programs/Atmel/setup/7.0/Packs/atmel/ATmega_DFP/1.2.209/gcc/dev/atmega32/avr5/crtatmega32.o
                0x00000000                __vector_default
                0x00000000                __vectors
 *(.vectors)
 *(.progmem.gcc*)
                0x00000054                . = ALIGN (0x2)
                0x00000054                __trampolines_start = .
 *(.trampolines)
 .trampolines   0x00000054        0x0 linker stubs
 *(.trampolines*)
                0x00000054                __trampolines_end = .
 *libprintf_flt.a:*(.progmem.data)
 *libc.a:*(.progmem.data)
 *(.progmem*)
                0x00000054                . = ALIGN (0x2)
 *(.jumptables)
 *(.jumptables*)
 *(.lowtext)
 *(.lowtext*)
                0x00000054                __ctors_start = .
 *(.ctors)
                0x00000054                __ctors_end = .
                0x00000054                __dtors_start = .
 *(.dtors)
                0x00000054                __dtors_end = .
 SORT(*)(.ctors)
 SORT(*)(.dtors)
 *(.init0)
 .init0         0x00000054        0x0 D:/Colleage/colleage programs/Atmel/setup/7.0/Packs/atmel/ATmega_DFP/1.2.209/gcc/dev/atmega32/avr5/crtatmega32.o
                0x00000054                __init
 *(.init0)
 *(.init1)
 *(.init1)
 *(.init2)
 .init2         0x00000054        0xc D:/Colleage/colleage programs/Atmel/setup/7.0/Packs/atmel/ATmega_DFP/1.2.209/gcc/dev/atmega32/avr5/crtatmega32.o
 *(.init2)
 *(.init3)
 *(.init3)
 *(.init4)
 .init4         0x00000060       0x16 d:/colleage/colleage programs/atmel/setup/7.0/toolchain/avr8/avr8-gnu-toolchain/bin/../lib/gcc/avr/5.4.0/avr5\libgcc.a(_copy_data.o)
                0x00000060                __do_copy_data
 .init4         0x00000076       0x10 d:/colleage/colleage programs/atmel/setup/7.0/toolchain/avr8/avr8-gnu-toolchain/bin/../lib/gcc/avr/5.4.0/avr5\libgcc.a(_clear_bss.o)
                0x00000076                __do_clear_bss
 *(.init4)
 *(.init5)
 *(.init5)
 *(.init6)
 *(.init6)
 *(.init7)
 *(.init7)
 *(.init8)
 *(.init8)
 *(.init9)
 .init9         0x00000086        0x8 D:/Colleage/colleage programs/Atmel/setup/7.0/Packs/atmel/ATmega_DFP/1.2.209/gcc/dev/atmega32/avr5/crtatmega32.o
 *(.init9)
 *(.text)
 .text          0x0000008e        0x4 D:/Colleage/colleage programs/Atmel/setup/7.0/Packs/atmel/ATmega_DFP/1.2.209/gcc/dev/atmega32/avr5/crtatmega32.o
                0x0000008e                __vector_12
                0x0000008e                __bad_interrupt
                0x0000008e                __vector_17
                0x0000008e                __vector_19
                0x0000008e                __vector_5
                0x0000008e                __vector_4
                0x0000008e                __vector_9
                0x0000008e                __vector_15
                0x0000008e                __vector_8
                0x0000008e                __vector_14
                0x0000008e                __vector_16
                0x0000008e                __vector_18
                0x0000008e                __vector_20
                0x00000092                . = ALIGN (0x2)
 *(.text.*)
 .text.TempSensor
                0x00000092       0x7c APP/main.o
                0x00000092                TempSensor
 .text.void_SetEPROMLockerPass
                0x0000010e       0x4a APP/main.o
                0x0000010e                void_SetEPROMLockerPass
 .text.void_Locker
                0x00000158      0x20c APP/main.o
                0x00000158                void_Locker
 .text.void_GetEPROMLockerPass
                0x00000364       0x56 APP/main.o
                0x00000364                void_GetEPROMLockerPass
 .text.main     0x000003ba       0xd2 APP/main.o
                0x000003ba                main
 .text.USART_voidProcessCommand
                0x0000048c       0x5c APP/main.o
                0x0000048c                USART_voidProcessCommand
 .text.USART_Start
                0x000004e8      0x168 APP/main.o
                0x000004e8                USART_Start
 .text.EEPROM_voidSendDataByte
                0x00000650       0x30 HAL/EPROM_Driver/EPROM_prog.o
                0x00000650                EEPROM_voidSendDataByte
 .text.EEPROM_voidReadDataByte
                0x00000680       0x3e HAL/EPROM_Driver/EPROM_prog.o
                0x00000680                EEPROM_voidReadDataByte
 .text.KPD_voidInit
                0x000006be       0x8e HAL/KEYPAD_Driver/KPD_prog.o
                0x000006be                KPD_voidInit
 .text.KPD_u8GetPressedKey
                0x0000074c      0x116 HAL/KEYPAD_Driver/KPD_prog.o
                0x0000074c                KPD_u8GetPressedKey
 .text.LCD_voidSendData
                0x00000862       0x44 HAL/LCD_Driver/LCD_prog.o
                0x00000862                LCD_voidSendData
 .text.LCD_voidSendCommand
                0x000008a6       0x44 HAL/LCD_Driver/LCD_prog.o
                0x000008a6                LCD_voidSendCommand
 .text.LCD_voidInit
                0x000008ea       0x52 HAL/LCD_Driver/LCD_prog.o
                0x000008ea                LCD_voidInit
 .text.LCD_voidClearDisplay
                0x0000093c        0x8 HAL/LCD_Driver/LCD_prog.o
                0x0000093c                LCD_voidClearDisplay
 .text.LCD_voidGoTOXY
                0x00000944       0x12 HAL/LCD_Driver/LCD_prog.o
                0x00000944                LCD_voidGoTOXY
 .text.LCD_voidSendString
                0x00000956       0x2c HAL/LCD_Driver/LCD_prog.o
                0x00000956                LCD_voidSendString
 .text.LCD_voidSendNumber
                0x00000982       0x3e HAL/LCD_Driver/LCD_prog.o
                0x00000982                LCD_voidSendNumber
 .text.Servo_voidInit
                0x000009c0       0x12 HAL/Servo_Driver/Servo_Program.o
                0x000009c0                Servo_voidInit
 .text.Servo_voidDegree
                0x000009d2       0x4a HAL/Servo_Driver/Servo_Program.o
                0x000009d2                Servo_voidDegree
 .text.ADC_voidInit
                0x00000a1c       0x10 MCAL/ADC_Driver/ADC_prog.o
                0x00000a1c                ADC_voidInit
 .text.ADC_u8StartConversion
                0x00000a2c       0x18 MCAL/ADC_Driver/ADC_prog.o
                0x00000a2c                ADC_u8StartConversion
 .text.DIO_voidSetPinDirection
                0x00000a44       0x5c MCAL/DIO_Driver/DIO_prog.o
                0x00000a44                DIO_voidSetPinDirection
 .text.DIO_voidSetPinValue
                0x00000aa0       0x5c MCAL/DIO_Driver/DIO_prog.o
                0x00000aa0                DIO_voidSetPinValue
 .text.DIO_voidSetPortDirection
                0x00000afc       0x20 MCAL/DIO_Driver/DIO_prog.o
                0x00000afc                DIO_voidSetPortDirection
 .text.DIO_voidSetPortValue
                0x00000b1c       0x20 MCAL/DIO_Driver/DIO_prog.o
                0x00000b1c                DIO_voidSetPortValue
 .text.DIO_u8GetPinValue
                0x00000b3c       0x62 MCAL/DIO_Driver/DIO_prog.o
                0x00000b3c                DIO_u8GetPinValue
 .text.__vector_1
                0x00000b9e       0x52 MCAL/EXTI_Driver/EXTI_prog.o
                0x00000b9e                __vector_1
 .text.__vector_2
                0x00000bf0       0x52 MCAL/EXTI_Driver/EXTI_prog.o
                0x00000bf0                __vector_2
 .text.__vector_3
                0x00000c42       0x52 MCAL/EXTI_Driver/EXTI_prog.o
                0x00000c42                __vector_3
 .text.GIE_voidEnableGlobalInt
                0x00000c94        0x8 MCAL/GIE_Driver/GIE_prog.o
                0x00000c94                GIE_voidEnableGlobalInt
 .text.TIMER_delay_ms
                0x00000c9c       0x3c MCAL/TIMER_Driver/TIMER_Prog.o
                0x00000c9c                TIMER_delay_ms
 .text.TIMER_voidTimer1Init
                0x00000cd8       0xdc MCAL/TIMER_Driver/TIMER_Prog.o
                0x00000cd8                TIMER_voidTimer1Init
 .text.TIMER_voidSetOverFlow
                0x00000db4        0x6 MCAL/TIMER_Driver/TIMER_Prog.o
                0x00000db4                TIMER_voidSetOverFlow
 .text.TIMER_voidTimer1ChannelASetCompareValue
                0x00000dba        0x6 MCAL/TIMER_Driver/TIMER_Prog.o
                0x00000dba                TIMER_voidTimer1ChannelASetCompareValue
 .text.__vector_11
                0x00000dc0       0x52 MCAL/TIMER_Driver/TIMER_Prog.o
                0x00000dc0                __vector_11
 .text.__vector_10
                0x00000e12       0x52 MCAL/TIMER_Driver/TIMER_Prog.o
                0x00000e12                __vector_10
 .text.__vector_6
                0x00000e64       0x52 MCAL/TIMER_Driver/TIMER_Prog.o
                0x00000e64                __vector_6
 .text.__vector_7
                0x00000eb6       0x52 MCAL/TIMER_Driver/TIMER_Prog.o
                0x00000eb6                __vector_7
 .text.TWI_voidMasterInit
                0x00000f08       0x18 MCAL/TWI_Driver/TWI_prog.o
                0x00000f08                TWI_voidMasterInit
 .text.TWI_SendStartCondition
                0x00000f20       0x20 MCAL/TWI_Driver/TWI_prog.o
                0x00000f20                TWI_SendStartCondition
 .text.TWI_SendRepeatedStart
                0x00000f40       0x22 MCAL/TWI_Driver/TWI_prog.o
                0x00000f40                TWI_SendRepeatedStart
 .text.TWI_SendSlaveAddressWithWrite
                0x00000f62       0x20 MCAL/TWI_Driver/TWI_prog.o
                0x00000f62                TWI_SendSlaveAddressWithWrite
 .text.TWI_SendSlaveAddressWithRead
                0x00000f82       0x20 MCAL/TWI_Driver/TWI_prog.o
                0x00000f82                TWI_SendSlaveAddressWithRead
 .text.TWI_MasterWriteDataByte
                0x00000fa2       0x14 MCAL/TWI_Driver/TWI_prog.o
                0x00000fa2                TWI_MasterWriteDataByte
 .text.TWI_MasterReadDataByte
                0x00000fb6       0x28 MCAL/TWI_Driver/TWI_prog.o
                0x00000fb6                TWI_MasterReadDataByte
 .text.TWI_SendStopCondition
                0x00000fde        0xe MCAL/TWI_Driver/TWI_prog.o
                0x00000fde                TWI_SendStopCondition
 .text.USART_voidInit
                0x00000fec       0x10 MCAL/USART_Driver/USART_prog.o
                0x00000fec                USART_voidInit
 .text.USART_voidTransmitData
                0x00000ffc        0xa MCAL/USART_Driver/USART_prog.o
                0x00000ffc                USART_voidTransmitData
 .text.USART_u8ReceiverData
                0x00001006        0x8 MCAL/USART_Driver/USART_prog.o
                0x00001006                USART_u8ReceiverData
 .text.USART_u8TimeOUTReceiverData
                0x0000100e       0x58 MCAL/USART_Driver/USART_prog.o
                0x0000100e                USART_u8TimeOUTReceiverData
 .text.USART_voidTransmitString
                0x00001066       0x2c MCAL/USART_Driver/USART_prog.o
                0x00001066                USART_voidTransmitString
 .text.USART_voidCallBackFunction
                0x00001092        0xa MCAL/USART_Driver/USART_prog.o
                0x00001092                USART_voidCallBackFunction
 .text.USART_voidEnableRxINT
                0x0000109c        0x4 MCAL/USART_Driver/USART_prog.o
                0x0000109c                USART_voidEnableRxINT
 .text.__vector_13
                0x000010a0       0x52 MCAL/USART_Driver/USART_prog.o
                0x000010a0                __vector_13
 .text.avr-libc.fplib
                0x000010f2        0xe d:/colleage/colleage programs/atmel/setup/7.0/toolchain/avr8/avr8-gnu-toolchain/bin/../lib/gcc/avr/5.4.0/../../../../avr/lib/avr5\libm.a(addsf3.o)
                0x000010f2                __subsf3
                0x000010f4                __addsf3
 .text.avr-libc.fplib
                0x00001100       0xcc d:/colleage/colleage programs/atmel/setup/7.0/toolchain/avr8/avr8-gnu-toolchain/bin/../lib/gcc/avr/5.4.0/../../../../avr/lib/avr5\libm.a(addsf3x.o)
                0x00001122                __addsf3x
 .text.avr-libc.fplib
                0x000011cc        0x8 d:/colleage/colleage programs/atmel/setup/7.0/toolchain/avr8/avr8-gnu-toolchain/bin/../lib/gcc/avr/5.4.0/../../../../avr/lib/avr5\libm.a(divsf3.o)
                0x000011cc                __divsf3
 .text.avr-libc.fplib
                0x000011d4       0xdc d:/colleage/colleage programs/atmel/setup/7.0/toolchain/avr8/avr8-gnu-toolchain/bin/../lib/gcc/avr/5.4.0/../../../../avr/lib/avr5\libm.a(divsf3x.o)
                0x000011f4                __divsf3x
                0x000011fa                __divsf3_pse
 .text.avr-libc.fplib
                0x000012b0       0x5e d:/colleage/colleage programs/atmel/setup/7.0/toolchain/avr8/avr8-gnu-toolchain/bin/../lib/gcc/avr/5.4.0/../../../../avr/lib/avr5\libm.a(fixunssfsi.o)
                0x000012b0                __fixunssfsi
 .text.avr-libc.fplib
                0x0000130e       0x7a d:/colleage/colleage programs/atmel/setup/7.0/toolchain/avr8/avr8-gnu-toolchain/bin/../lib/gcc/avr/5.4.0/../../../../avr/lib/avr5\libm.a(floatsisf.o)
                0x0000130e                __floatunsisf
                0x00001312                __floatsisf
 .text.avr-libc.fplib
                0x00001388        0xc d:/colleage/colleage programs/atmel/setup/7.0/toolchain/avr8/avr8-gnu-toolchain/bin/../lib/gcc/avr/5.4.0/../../../../avr/lib/avr5\libm.a(fp_inf.o)
                0x00001388                __fp_inf
 .text.avr-libc.fplib
                0x00001394        0x6 d:/colleage/colleage programs/atmel/setup/7.0/toolchain/avr8/avr8-gnu-toolchain/bin/../lib/gcc/avr/5.4.0/../../../../avr/lib/avr5\libm.a(fp_nan.o)
                0x00001394                __fp_nan
 .text.avr-libc.fplib
                0x0000139a        0xe d:/colleage/colleage programs/atmel/setup/7.0/toolchain/avr8/avr8-gnu-toolchain/bin/../lib/gcc/avr/5.4.0/../../../../avr/lib/avr5\libm.a(fp_pscA.o)
                0x0000139a                __fp_pscA
 .text.avr-libc.fplib
                0x000013a8        0xe d:/colleage/colleage programs/atmel/setup/7.0/toolchain/avr8/avr8-gnu-toolchain/bin/../lib/gcc/avr/5.4.0/../../../../avr/lib/avr5\libm.a(fp_pscB.o)
                0x000013a8                __fp_pscB
 .text.avr-libc.fplib
                0x000013b6       0x22 d:/colleage/colleage programs/atmel/setup/7.0/toolchain/avr8/avr8-gnu-toolchain/bin/../lib/gcc/avr/5.4.0/../../../../avr/lib/avr5\libm.a(fp_round.o)
                0x000013b6                __fp_round
 .text.avr-libc.fplib
                0x000013d8       0x44 d:/colleage/colleage programs/atmel/setup/7.0/toolchain/avr8/avr8-gnu-toolchain/bin/../lib/gcc/avr/5.4.0/../../../../avr/lib/avr5\libm.a(fp_split3.o)
                0x000013d8                __fp_split3
                0x000013e8                __fp_splitA
 .text.avr-libc.fplib
                0x0000141c        0xe d:/colleage/colleage programs/atmel/setup/7.0/toolchain/avr8/avr8-gnu-toolchain/bin/../lib/gcc/avr/5.4.0/../../../../avr/lib/avr5\libm.a(fp_zero.o)
                0x0000141c                __fp_zero
                0x0000141e                __fp_szero
 .text.avr-libc.fplib
                0x0000142a        0x8 d:/colleage/colleage programs/atmel/setup/7.0/toolchain/avr8/avr8-gnu-toolchain/bin/../lib/gcc/avr/5.4.0/../../../../avr/lib/avr5\libm.a(mulsf3.o)
                0x0000142a                __mulsf3
 .text.avr-libc.fplib
                0x00001432       0xd2 d:/colleage/colleage programs/atmel/setup/7.0/toolchain/avr8/avr8-gnu-toolchain/bin/../lib/gcc/avr/5.4.0/../../../../avr/lib/avr5\libm.a(mulsf3x.o)
                0x00001450                __mulsf3x
                0x00001456                __mulsf3_pse
 .text.avr-libc
                0x00001504       0x16 d:/colleage/colleage programs/atmel/setup/7.0/toolchain/avr8/avr8-gnu-toolchain/bin/../lib/gcc/avr/5.4.0/../../../../avr/lib/avr5\libc.a(itoa_ncheck.o)
                0x00001504                __itoa_ncheck
 .text.avr-libc
                0x0000151a       0x34 d:/colleage/colleage programs/atmel/setup/7.0/toolchain/avr8/avr8-gnu-toolchain/bin/../lib/gcc/avr/5.4.0/../../../../avr/lib/avr5\libc.a(utoa_ncheck.o)
                0x0000151a                __utoa_ncheck
                0x0000151c                __utoa_common
 .text.avr-libc
                0x0000154e       0x20 d:/colleage/colleage programs/atmel/setup/7.0/toolchain/avr8/avr8-gnu-toolchain/bin/../lib/gcc/avr/5.4.0/../../../../avr/lib/avr5\libc.a(strrev.o)
                0x0000154e                strrev
                0x0000156e                . = ALIGN (0x2)
 *(.fini9)
 .fini9         0x0000156e        0x0 d:/colleage/colleage programs/atmel/setup/7.0/toolchain/avr8/avr8-gnu-toolchain/bin/../lib/gcc/avr/5.4.0/avr5\libgcc.a(_exit.o)
                0x0000156e                _exit
                0x0000156e                exit
 *(.fini9)
 *(.fini8)
 *(.fini8)
 *(.fini7)
 *(.fini7)
 *(.fini6)
 *(.fini6)
 *(.fini5)
 *(.fini5)
 *(.fini4)
 *(.fini4)
 *(.fini3)
 *(.fini3)
 *(.fini2)
 *(.fini2)
 *(.fini1)
 *(.fini1)
 *(.fini0)
 .fini0         0x0000156e        0x4 d:/colleage/colleage programs/atmel/setup/7.0/toolchain/avr8/avr8-gnu-toolchain/bin/../lib/gcc/avr/5.4.0/avr5\libgcc.a(_exit.o)
 *(.fini0)
                0x00001572                _etext = .

.data           0x00800060      0x12e load address 0x00001572
                0x00800060                PROVIDE (__data_start, .)
 *(.data)
 *(.data*)
 .data.Global_u16EPROMPassAddress
                0x00800060        0x2 APP/main.o
                0x00800060                Global_u16EPROMPassAddress
 *(.gnu.linkonce.d*)
 *(.rodata)
 .rodata        0x00800062        0xc HAL/KEYPAD_Driver/KPD_prog.o
 *(.rodata*)
 .rodata.str1.1
                0x0080006e      0x11f APP/main.o
 *(.gnu.linkonce.r*)
                0x0080018e                . = ALIGN (0x2)
 *fill*         0x0080018d        0x1 
                0x0080018e                _edata = .
                0x0080018e                PROVIDE (__data_end, .)

.bss            0x0080018e       0x1a
                0x0080018e                PROVIDE (__bss_start, .)
 *(.bss)
 *(.bss*)
 .bss.Local_u8DoorStatus.1922
                0x0080018e        0x1 APP/main.o
 .bss.Local_u8DigitsCount.1924
                0x0080018f        0x1 APP/main.o
 .bss.Local_u16DoorPassword.1923
                0x00800190        0x2 APP/main.o
 .bss.Ticks     0x00800192        0x2 HAL/Servo_Driver/Servo_Program.o
                0x00800192                Ticks
 .bss.Global_pvINT2NotifyFunc
                0x00800194        0x2 MCAL/EXTI_Driver/EXTI_prog.o
                0x00800194                Global_pvINT2NotifyFunc
 .bss.Global_pvINT1NotifyFunc
                0x00800196        0x2 MCAL/EXTI_Driver/EXTI_prog.o
                0x00800196                Global_pvINT1NotifyFunc
 .bss.Global_pvINT0NotifyFunc
                0x00800198        0x2 MCAL/EXTI_Driver/EXTI_prog.o
                0x00800198                Global_pvINT0NotifyFunc
 .bss.GLOBAL_TIMER1_COMPARE_MATCH_PTR
                0x0080019a        0x2 MCAL/TIMER_Driver/TIMER_Prog.o
                0x0080019a                GLOBAL_TIMER1_COMPARE_MATCH_PTR
 .bss.GLOBAL_ICU_ISR
                0x0080019c        0x2 MCAL/TIMER_Driver/TIMER_Prog.o
                0x0080019c                GLOBAL_ICU_ISR
 .bss.TIMER0_CTC_ISR_PTR
                0x0080019e        0x2 MCAL/TIMER_Driver/TIMER_Prog.o
                0x0080019e                TIMER0_CTC_ISR_PTR
 .bss.TIMER0_Normal_ISR_PTR
                0x008001a0        0x2 MCAL/TIMER_Driver/TIMER_Prog.o
                0x008001a0                TIMER0_Normal_ISR_PTR
 .bss.GLOBAL_PTR_CallBack
                0x008001a2        0x2 MCAL/USART_Driver/USART_prog.o
                0x008001a2                GLOBAL_PTR_CallBack
 *(COMMON)
 COMMON         0x008001a4        0x4 APP/main.o
                0x008001a4                Global_u8SavedDoorPassHighByte
                0x008001a5                Global_u16EPROMDoorPass
                0x008001a7                Global_u8SavedDoorPassLowByte
                0x008001a8                PROVIDE (__bss_end, .)
                0x00001572                __data_load_start = LOADADDR (.data)
                0x000016a0                __data_load_end = (__data_load_start + SIZEOF (.data))

.noinit         0x008001a8        0x0
                [!provide]                PROVIDE (__noinit_start, .)
 *(.noinit*)
                [!provide]                PROVIDE (__noinit_end, .)
                0x008001a8                _end = .
                [!provide]                PROVIDE (__heap_start, .)

.eeprom         0x00810000        0x0
 *(.eeprom*)
                0x00810000                __eeprom_end = .

.fuse
 *(.fuse)
 *(.lfuse)
 *(.hfuse)
 *(.efuse)

.lock
 *(.lock*)

.signature
 *(.signature*)

.user_signatures
 *(.user_signatures*)

.stab
 *(.stab)

.stabstr
 *(.stabstr)

.stab.excl
 *(.stab.excl)

.stab.exclstr
 *(.stab.exclstr)

.stab.index
 *(.stab.index)

.stab.indexstr
 *(.stab.indexstr)

.comment        0x00000000       0x30
 *(.comment)
 .comment       0x00000000       0x30 APP/main.o
                                 0x31 (size before relaxing)
 .comment       0x00000030       0x31 HAL/EPROM_Driver/EPROM_prog.o
 .comment       0x00000030       0x31 HAL/KEYPAD_Driver/KPD_prog.o
 .comment       0x00000030       0x31 HAL/LCD_Driver/LCD_prog.o
 .comment       0x00000030       0x31 HAL/Servo_Driver/Servo_Program.o
 .comment       0x00000030       0x31 MCAL/ADC_Driver/ADC_prog.o
 .comment       0x00000030       0x31 MCAL/DIO_Driver/DIO_prog.o
 .comment       0x00000030       0x31 MCAL/EXTI_Driver/EXTI_prog.o
 .comment       0x00000030       0x31 MCAL/GIE_Driver/GIE_prog.o
 .comment       0x00000030       0x31 MCAL/TIMER_Driver/TIMER_Prog.o
 .comment       0x00000030       0x31 MCAL/TWI_Driver/TWI_prog.o
 .comment       0x00000030       0x31 MCAL/USART_Driver/USART_prog.o

.note.gnu.avr.deviceinfo
                0x00000000       0x3c
 .note.gnu.avr.deviceinfo
                0x00000000       0x3c D:/Colleage/colleage programs/Atmel/setup/7.0/Packs/atmel/ATmega_DFP/1.2.209/gcc/dev/atmega32/avr5/crtatmega32.o

.note.gnu.build-id
 *(.note.gnu.build-id)

.debug
 *(.debug)

.line
 *(.line)

.debug_srcinfo
 *(.debug_srcinfo)

.debug_sfnames
 *(.debug_sfnames)

.debug_aranges  0x00000000      0x3a8
 *(.debug_aranges)
 .debug_aranges
                0x00000000       0x50 APP/main.o
 .debug_aranges
                0x00000050       0x28 HAL/EPROM_Driver/EPROM_prog.o
 .debug_aranges
                0x00000078       0x28 HAL/KEYPAD_Driver/KPD_prog.o
 .debug_aranges
                0x000000a0       0x60 HAL/LCD_Driver/LCD_prog.o
 .debug_aranges
                0x00000100       0x38 HAL/Servo_Driver/Servo_Program.o
 .debug_aranges
                0x00000138       0x28 MCAL/ADC_Driver/ADC_prog.o
 .debug_aranges
                0x00000160       0x48 MCAL/DIO_Driver/DIO_prog.o
 .debug_aranges
                0x000001a8       0x50 MCAL/EXTI_Driver/EXTI_prog.o
 .debug_aranges
                0x000001f8       0x28 MCAL/GIE_Driver/GIE_prog.o
 .debug_aranges
                0x00000220       0xc8 MCAL/TIMER_Driver/TIMER_Prog.o
 .debug_aranges
                0x000002e8       0x60 MCAL/TWI_Driver/TWI_prog.o
 .debug_aranges
                0x00000348       0x60 MCAL/USART_Driver/USART_prog.o

.debug_pubnames
 *(.debug_pubnames)

.debug_info     0x00000000     0x30a3
 *(.debug_info .gnu.linkonce.wi.*)
 .debug_info    0x00000000      0x4e6 D:/Colleage/colleage programs/Atmel/setup/7.0/Packs/atmel/ATmega_DFP/1.2.209/gcc/dev/atmega32/avr5/crtatmega32.o
 .debug_info    0x000004e6      0xd04 APP/main.o
 .debug_info    0x000011ea      0x230 HAL/EPROM_Driver/EPROM_prog.o
 .debug_info    0x0000141a      0x3a2 HAL/KEYPAD_Driver/KPD_prog.o
 .debug_info    0x000017bc      0x7f2 HAL/LCD_Driver/LCD_prog.o
 .debug_info    0x00001fae      0x192 HAL/Servo_Driver/Servo_Program.o
 .debug_info    0x00002140       0xda MCAL/ADC_Driver/ADC_prog.o
 .debug_info    0x0000221a      0x238 MCAL/DIO_Driver/DIO_prog.o
 .debug_info    0x00002452      0x207 MCAL/EXTI_Driver/EXTI_prog.o
 .debug_info    0x00002659       0x99 MCAL/GIE_Driver/GIE_prog.o
 .debug_info    0x000026f2      0x4d1 MCAL/TIMER_Driver/TIMER_Prog.o
 .debug_info    0x00002bc3      0x29c MCAL/TWI_Driver/TWI_prog.o
 .debug_info    0x00002e5f      0x244 MCAL/USART_Driver/USART_prog.o

.debug_abbrev   0x00000000     0x115f
 *(.debug_abbrev)
 .debug_abbrev  0x00000000      0x4a3 D:/Colleage/colleage programs/Atmel/setup/7.0/Packs/atmel/ATmega_DFP/1.2.209/gcc/dev/atmega32/avr5/crtatmega32.o
 .debug_abbrev  0x000004a3      0x23d APP/main.o
 .debug_abbrev  0x000006e0       0xa5 HAL/EPROM_Driver/EPROM_prog.o
 .debug_abbrev  0x00000785       0xe7 HAL/KEYPAD_Driver/KPD_prog.o
 .debug_abbrev  0x0000086c      0x22e HAL/LCD_Driver/LCD_prog.o
 .debug_abbrev  0x00000a9a       0xea HAL/Servo_Driver/Servo_Program.o
 .debug_abbrev  0x00000b84       0x87 MCAL/ADC_Driver/ADC_prog.o
 .debug_abbrev  0x00000c0b       0xd3 MCAL/DIO_Driver/DIO_prog.o
 .debug_abbrev  0x00000cde       0xc6 MCAL/EXTI_Driver/EXTI_prog.o
 .debug_abbrev  0x00000da4       0x51 MCAL/GIE_Driver/GIE_prog.o
 .debug_abbrev  0x00000df5      0x142 MCAL/TIMER_Driver/TIMER_Prog.o
 .debug_abbrev  0x00000f37       0xd3 MCAL/TWI_Driver/TWI_prog.o
 .debug_abbrev  0x0000100a      0x155 MCAL/USART_Driver/USART_prog.o

.debug_line     0x00000000     0x209b
 *(.debug_line .debug_line.* .debug_line_end)
 .debug_line    0x00000000      0x115 D:/Colleage/colleage programs/Atmel/setup/7.0/Packs/atmel/ATmega_DFP/1.2.209/gcc/dev/atmega32/avr5/crtatmega32.o
 .debug_line    0x00000115      0x797 APP/main.o
 .debug_line    0x000008ac      0x138 HAL/EPROM_Driver/EPROM_prog.o
 .debug_line    0x000009e4      0x183 HAL/KEYPAD_Driver/KPD_prog.o
 .debug_line    0x00000b67      0x36a HAL/LCD_Driver/LCD_prog.o
 .debug_line    0x00000ed1      0x113 HAL/Servo_Driver/Servo_Program.o
 .debug_line    0x00000fe4      0x147 MCAL/ADC_Driver/ADC_prog.o
 .debug_line    0x0000112b      0x283 MCAL/DIO_Driver/DIO_prog.o
 .debug_line    0x000013ae      0x22c MCAL/EXTI_Driver/EXTI_prog.o
 .debug_line    0x000015da       0xcf MCAL/GIE_Driver/GIE_prog.o
 .debug_line    0x000016a9      0x4b4 MCAL/TIMER_Driver/TIMER_Prog.o
 .debug_line    0x00001b5d      0x2c7 MCAL/TWI_Driver/TWI_prog.o
 .debug_line    0x00001e24      0x277 MCAL/USART_Driver/USART_prog.o

.debug_frame    0x00000000      0x964
 *(.debug_frame)
 .debug_frame   0x00000000       0xd8 APP/main.o
 .debug_frame   0x000000d8       0x58 HAL/EPROM_Driver/EPROM_prog.o
 .debug_frame   0x00000130       0x8c HAL/KEYPAD_Driver/KPD_prog.o
 .debug_frame   0x000001bc       0xdc HAL/LCD_Driver/LCD_prog.o
 .debug_frame   0x00000298       0x54 HAL/Servo_Driver/Servo_Program.o
 .debug_frame   0x000002ec       0x34 MCAL/ADC_Driver/ADC_prog.o
 .debug_frame   0x00000320       0x74 MCAL/DIO_Driver/DIO_prog.o
 .debug_frame   0x00000394      0x15c MCAL/EXTI_Driver/EXTI_prog.o
 .debug_frame   0x000004f0       0x34 MCAL/GIE_Driver/GIE_prog.o
 .debug_frame   0x00000524      0x2a0 MCAL/TIMER_Driver/TIMER_Prog.o
 .debug_frame   0x000007c4       0xa4 MCAL/TWI_Driver/TWI_prog.o
 .debug_frame   0x00000868       0xfc MCAL/USART_Driver/USART_prog.o

.debug_str      0x00000000     0x12cd
 *(.debug_str)
 .debug_str     0x00000000      0x196 D:/Colleage/colleage programs/Atmel/setup/7.0/Packs/atmel/ATmega_DFP/1.2.209/gcc/dev/atmega32/avr5/crtatmega32.o
 .debug_str     0x00000196      0x5fe APP/main.o
                                0x643 (size before relaxing)
 .debug_str     0x00000794       0xf6 HAL/EPROM_Driver/EPROM_prog.o
                                0x2a3 (size before relaxing)
 .debug_str     0x0000088a       0xb6 HAL/KEYPAD_Driver/KPD_prog.o
                                0x2b3 (size before relaxing)
 .debug_str     0x00000940      0x15c HAL/LCD_Driver/LCD_prog.o
                                0x3ee (size before relaxing)
 .debug_str     0x00000a9c       0xa7 HAL/Servo_Driver/Servo_Program.o
                                0x242 (size before relaxing)
 .debug_str     0x00000b43       0x3b MCAL/ADC_Driver/ADC_prog.o
                                0x205 (size before relaxing)
 .debug_str     0x00000b7e       0xb4 MCAL/DIO_Driver/DIO_prog.o
                                0x2e2 (size before relaxing)
 .debug_str     0x00000c32      0x155 MCAL/EXTI_Driver/EXTI_prog.o
                                0x304 (size before relaxing)
 .debug_str     0x00000d87       0x37 MCAL/GIE_Driver/GIE_prog.o
                                0x1c8 (size before relaxing)
 .debug_str     0x00000dbe      0x350 MCAL/TIMER_Driver/TIMER_Prog.o
                                0x561 (size before relaxing)
 .debug_str     0x0000110e      0x10d MCAL/TWI_Driver/TWI_prog.o
                                0x38c (size before relaxing)
 .debug_str     0x0000121b       0xb2 MCAL/USART_Driver/USART_prog.o
                                0x340 (size before relaxing)

.debug_loc      0x00000000     0x1a72
 *(.debug_loc)
 .debug_loc     0x00000000      0x421 APP/main.o
 .debug_loc     0x00000421      0x179 HAL/EPROM_Driver/EPROM_prog.o
 .debug_loc     0x0000059a      0x1c2 HAL/KEYPAD_Driver/KPD_prog.o
 .debug_loc     0x0000075c      0x44a HAL/LCD_Driver/LCD_prog.o
 .debug_loc     0x00000ba6       0x13 HAL/Servo_Driver/Servo_Program.o
 .debug_loc     0x00000bb9       0x21 MCAL/ADC_Driver/ADC_prog.o
 .debug_loc     0x00000bda      0x1e7 MCAL/DIO_Driver/DIO_prog.o
 .debug_loc     0x00000dc1      0x3d7 MCAL/EXTI_Driver/EXTI_prog.o
 .debug_loc     0x00001198      0x588 MCAL/TIMER_Driver/TIMER_Prog.o
 .debug_loc     0x00001720      0x1be MCAL/TWI_Driver/TWI_prog.o
 .debug_loc     0x000018de      0x194 MCAL/USART_Driver/USART_prog.o

.debug_macinfo
 *(.debug_macinfo)

.debug_weaknames
 *(.debug_weaknames)

.debug_funcnames
 *(.debug_funcnames)

.debug_typenames
 *(.debug_typenames)

.debug_varnames
 *(.debug_varnames)

.debug_pubtypes
 *(.debug_pubtypes)

.debug_ranges   0x00000000      0x2e8
 *(.debug_ranges)
 .debug_ranges  0x00000000       0x40 APP/main.o
 .debug_ranges  0x00000040       0x18 HAL/EPROM_Driver/EPROM_prog.o
 .debug_ranges  0x00000058       0x18 HAL/KEYPAD_Driver/KPD_prog.o
 .debug_ranges  0x00000070       0x50 HAL/LCD_Driver/LCD_prog.o
 .debug_ranges  0x000000c0       0x28 HAL/Servo_Driver/Servo_Program.o
 .debug_ranges  0x000000e8       0x18 MCAL/ADC_Driver/ADC_prog.o
 .debug_ranges  0x00000100       0x38 MCAL/DIO_Driver/DIO_prog.o
 .debug_ranges  0x00000138       0x40 MCAL/EXTI_Driver/EXTI_prog.o
 .debug_ranges  0x00000178       0x18 MCAL/GIE_Driver/GIE_prog.o
 .debug_ranges  0x00000190       0xb8 MCAL/TIMER_Driver/TIMER_Prog.o
 .debug_ranges  0x00000248       0x50 MCAL/TWI_Driver/TWI_prog.o
 .debug_ranges  0x00000298       0x50 MCAL/USART_Driver/USART_prog.o

.debug_macro
 *(.debug_macro)
OUTPUT(ITI_Final_Project.elf elf32-avr)
LOAD linker stubs
